Checking whether there is an H2O instance running at http://localhost:54321..... not found.
Attempting to start a local H2O server...
  Java Version: openjdk version "17.0.18-internal" 2026-01-20; OpenJDK Runtime Environment (build 17.0.18-internal+0-adhoc.conda.src); OpenJDK 64-Bit Server VM (build 17.0.18-internal+0-adhoc.conda.src, mixed mode, sharing)
  Starting server from /content/micromamba/envs/ciciot_h2o/lib/python3.11/site-packages/h2o/backend/bin/h2o.jar
  Ice root: /tmp/tmp5esbjy2u
  JVM stdout: /tmp/tmp5esbjy2u/h2o_unknownUser_started_from_python.out
  JVM stderr: /tmp/tmp5esbjy2u/h2o_unknownUser_started_from_python.err
  Server is running at http://127.0.0.1:54321
Connecting to H2O server at http://127.0.0.1:54321 ... successful.
--------------------------  -----------------------------------------------------------------------------------------
H2O_cluster_uptime:         03 secs
H2O_cluster_timezone:       Etc/UTC
H2O_data_parsing_timezone:  UTC
H2O_cluster_version:        3.46.0.11
H2O_cluster_version_age:    2 months and 6 days
H2O_cluster_name:           H2O_from_python_unknownUser_djjrr8
H2O_cluster_total_nodes:    1
H2O_cluster_free_memory:    12 Gb
H2O_cluster_total_cores:    2
H2O_cluster_allowed_cores:  2
H2O_cluster_status:         locked, healthy
H2O_connection_url:         http://127.0.0.1:54321
H2O_connection_proxy:       {"http": null, "https": null, "colab_language_server": "/usr/colab/bin/language_service"}
H2O_internal_security:      False
Python_version:             3.11.15 final
--------------------------  -----------------------------------------------------------------------------------------

15:07:20.202: Project: AutoML_1_20260728_150720
15:07:20.204: Stopping tolerance set by the user: 1.0E-4
15:07:20.208: Stopping tolerance set by the user is < 70% of the recommended default of 0.004311226002024692, so models may take a long time to converge or may not converge at all.
15:07:20.208: Build control seed: 42
15:07:20.210: training frame: Frame key: AutoML_1_20260728_150720_training_py_1_sid_8021    cols: 40    rows: 53802  chunks: 5    size: 5757557  checksum: 3875184438257254592
15:07:20.210: validation frame: NULL
15:07:20.211: leaderboard frame: NULL
15:07:20.211: blending frame: NULL
15:07:20.211: response column: label_multiclass
15:07:20.211: fold column: null
15:07:20.211: weights column: null
15:07:20.248: Loading execution steps: [{XGBoost : [def_2 (1g, 10w), def_1 (2g, 10w), def_3 (3g, 10w), grid_1 (4g, 90w), lr_search (7g, 30w)]}, {GLM : [def_1 (1g, 10w)]}, {DRF : [def_1 (2g, 10w), XRT (3g, 10w)]}, {GBM : [def_5 (1g, 10w), def_2 (2g, 10w), def_3 (2g, 10w), def_4 (2g, 10w), def_1 (3g, 10w), grid_1 (4g, 60w), lr_annealing (7g, 10w)]}, {DeepLearning : [def_1 (3g, 10w), grid_1 (4g, 30w), grid_2 (5g, 30w), grid_3 (5g, 30w)]}, {completion : [resume_best_grids (6g, 60w)]}, {StackedEnsemble : [monotonic (9g, 10w), best_of_family_xglm (10g, 10w), all_xglm (10g, 10w)]}]
15:07:20.298: AutoML job created: 2026.07.28 15:07:20.132
15:07:20.300: AutoML build started: 2026.07.28 15:07:20.299
15:07:20.350: AutoML: starting XGBoost_1_AutoML_1_20260728_150720 model training


15:17:35.534: XGBoost_1_AutoML_1_20260728_150720 [XGBoost def_2] cancelled
15:17:35.535: Actual modeling steps: []
15:17:35.535: AutoML build stopped: 2026.07.28 15:17:35.535
15:17:35.535: AutoML build done: built 0 models
15:17:35.535: AutoML duration: 10 min 15.236 sec
15:17:35.538: Empty leaderboard.
AutoML was not able to build any model within a max runtime constraint of 600 seconds, you may want to increase this value before retrying.

H2O session _sid_8021 closed.
Traceback (most recent call last):
  File "/content/CICIoT2023_AutoML_Pipeline/automl_runner.py", line 1711, in <module>
    main()
  File "/content/CICIoT2023_AutoML_Pipeline/automl_runner.py", line 1707, in main
    executar_framework(args.framework, config)
  File "/content/CICIoT2023_AutoML_Pipeline/automl_runner.py", line 1617, in executar_framework
    y_pred, y_proba, leaderboard, info = executar_h2o(
                                         ^^^^^^^^^^^^^
  File "/content/CICIoT2023_AutoML_Pipeline/automl_runner.py", line 725, in executar_h2o
    raise RuntimeError("H2O AutoML terminou sem modelo líder.")
RuntimeError: H2O AutoML terminou sem modelo líder.
