Collecting autoPyTorch==0.2.1
  Downloading autoPyTorch-0.2.1-py3-none-any.whl.metadata (13 kB)
Requirement already satisfied: pandas in ./micromamba/envs/ciciot_autopytorch/lib/python3.8/site-packages (from autoPyTorch==0.2.1) (1.5.3)
Requirement already satisfied: torch>=1.10.1 in ./micromamba/envs/ciciot_autopytorch/lib/python3.8/site-packages (from autoPyTorch==0.2.1) (1.13.1+cu117)
Requirement already satisfied: torchvision in ./micromamba/envs/ciciot_autopytorch/lib/python3.8/site-packages (from autoPyTorch==0.2.1) (0.14.1+cu117)
Collecting tensorboard (from autoPyTorch==0.2.1)
  Downloading tensorboard-2.14.0-py3-none-any.whl.metadata (1.8 kB)
Requirement already satisfied: scikit-learn<0.25.0,>=0.24.0 in ./micromamba/envs/ciciot_autopytorch/lib/python3.8/site-packages (from autoPyTorch==0.2.1) (0.24.2)
Requirement already satisfied: numpy in ./micromamba/envs/ciciot_autopytorch/lib/python3.8/site-packages (from autoPyTorch==0.2.1) (1.23.5)
Requirement already satisfied: scipy>=1.7 in ./micromamba/envs/ciciot_autopytorch/lib/python3.8/site-packages (from autoPyTorch==0.2.1) (1.9.3)
Collecting lockfile (from autoPyTorch==0.2.1)
  Downloading lockfile-0.12.2-py2.py3-none-any.whl.metadata (2.4 kB)
Collecting imgaug>=0.4.0 (from autoPyTorch==0.2.1)
  Downloading imgaug-0.4.0-py2.py3-none-any.whl.metadata (1.8 kB)
Requirement already satisfied: ConfigSpace>=0.5.0 in ./micromamba/envs/ciciot_autopytorch/lib/python3.8/site-packages (from autoPyTorch==0.2.1) (0.5.0)
Requirement already satisfied: pynisher>=0.6.3 in ./micromamba/envs/ciciot_autopytorch/lib/python3.8/site-packages (from autoPyTorch==0.2.1) (0.6.4)
Requirement already satisfied: pyrfr<0.9,>=0.7 in ./micromamba/envs/ciciot_autopytorch/lib/python3.8/site-packages (from autoPyTorch==0.2.1) (0.8.3)
Requirement already satisfied: smac>=1.2 in ./micromamba/envs/ciciot_autopytorch/lib/python3.8/site-packages (from autoPyTorch==0.2.1) (1.3.4)
Requirement already satisfied: dask in ./micromamba/envs/ciciot_autopytorch/lib/python3.8/site-packages (from autoPyTorch==0.2.1) (2023.5.0)
Requirement already satisfied: distributed>=2.2.0 in ./micromamba/envs/ciciot_autopytorch/lib/python3.8/site-packages (from autoPyTorch==0.2.1) (2023.5.0)
Collecting catboost (from autoPyTorch==0.2.1)
  Downloading catboost-1.2.10-cp38-cp38-manylinux2014_x86_64.whl.metadata (1.2 kB)
Collecting lightgbm (from autoPyTorch==0.2.1)
  Downloading lightgbm-4.6.0-py3-none-manylinux_2_28_x86_64.whl.metadata (17 kB)
Requirement already satisfied: flaky in ./micromamba/envs/ciciot_autopytorch/lib/python3.8/site-packages (from autoPyTorch==0.2.1) (3.8.1)
Collecting tabulate (from autoPyTorch==0.2.1)
  Downloading tabulate-0.9.0-py3-none-any.whl.metadata (34 kB)
Requirement already satisfied: cython in ./micromamba/envs/ciciot_autopytorch/lib/python3.8/site-packages (from ConfigSpace>=0.5.0->autoPyTorch==0.2.1) (0.29.36)
Requirement already satisfied: pyparsing in ./micromamba/envs/ciciot_autopytorch/lib/python3.8/site-packages (from ConfigSpace>=0.5.0->autoPyTorch==0.2.1) (3.1.4)
Requirement already satisfied: click>=8.0 in ./micromamba/envs/ciciot_autopytorch/lib/python3.8/site-packages (from distributed>=2.2.0->autoPyTorch==0.2.1) (8.1.8)
Requirement already satisfied: cloudpickle>=1.5.0 in ./micromamba/envs/ciciot_autopytorch/lib/python3.8/site-packages (from distributed>=2.2.0->autoPyTorch==0.2.1) (3.1.2)
Requirement already satisfied: jinja2>=2.10.3 in ./micromamba/envs/ciciot_autopytorch/lib/python3.8/site-packages (from distributed>=2.2.0->autoPyTorch==0.2.1) (3.1.6)
Requirement already satisfied: locket>=1.0.0 in ./micromamba/envs/ciciot_autopytorch/lib/python3.8/site-packages (from distributed>=2.2.0->autoPyTorch==0.2.1) (1.0.0)
Requirement already satisfied: msgpack>=1.0.0 in ./micromamba/envs/ciciot_autopytorch/lib/python3.8/site-packages (from distributed>=2.2.0->autoPyTorch==0.2.1) (1.1.1)
Requirement already satisfied: packaging>=20.0 in ./micromamba/envs/ciciot_autopytorch/lib/python3.8/site-packages (from distributed>=2.2.0->autoPyTorch==0.2.1) (26.2)
Requirement already satisfied: psutil>=5.7.0 in ./micromamba/envs/ciciot_autopytorch/lib/python3.8/site-packages (from distributed>=2.2.0->autoPyTorch==0.2.1) (6.0.0)
Requirement already satisfied: pyyaml>=5.3.1 in ./micromamba/envs/ciciot_autopytorch/lib/python3.8/site-packages (from distributed>=2.2.0->autoPyTorch==0.2.1) (6.0.3)
Requirement already satisfied: sortedcontainers>=2.0.5 in ./micromamba/envs/ciciot_autopytorch/lib/python3.8/site-packages (from distributed>=2.2.0->autoPyTorch==0.2.1) (2.4.0)
Requirement already satisfied: tblib>=1.6.0 in ./micromamba/envs/ciciot_autopytorch/lib/python3.8/site-packages (from distributed>=2.2.0->autoPyTorch==0.2.1) (3.0.0)
Requirement already satisfied: toolz>=0.10.0 in ./micromamba/envs/ciciot_autopytorch/lib/python3.8/site-packages (from distributed>=2.2.0->autoPyTorch==0.2.1) (1.0.0)
Requirement already satisfied: tornado>=6.0.3 in ./micromamba/envs/ciciot_autopytorch/lib/python3.8/site-packages (from distributed>=2.2.0->autoPyTorch==0.2.1) (6.4.1)
Requirement already satisfied: urllib3>=1.24.3 in ./micromamba/envs/ciciot_autopytorch/lib/python3.8/site-packages (from distributed>=2.2.0->autoPyTorch==0.2.1) (2.2.3)
Requirement already satisfied: zict>=2.2.0 in ./micromamba/envs/ciciot_autopytorch/lib/python3.8/site-packages (from distributed>=2.2.0->autoPyTorch==0.2.1) (3.0.0)
Requirement already satisfied: fsspec>=2021.09.0 in ./micromamba/envs/ciciot_autopytorch/lib/python3.8/site-packages (from dask->autoPyTorch==0.2.1) (2025.3.0)
Requirement already satisfied: partd>=1.2.0 in ./micromamba/envs/ciciot_autopytorch/lib/python3.8/site-packages (from dask->autoPyTorch==0.2.1) (1.4.1)
Requirement already satisfied: importlib-metadata>=4.13.0 in ./micromamba/envs/ciciot_autopytorch/lib/python3.8/site-packages (from dask->autoPyTorch==0.2.1) (8.5.0)
Requirement already satisfied: six in ./micromamba/envs/ciciot_autopytorch/lib/python3.8/site-packages (from imgaug>=0.4.0->autoPyTorch==0.2.1) (1.16.0)
Requirement already satisfied: Pillow in ./micromamba/envs/ciciot_autopytorch/lib/python3.8/site-packages (from imgaug>=0.4.0->autoPyTorch==0.2.1) (10.4.0)
Requirement already satisfied: matplotlib in ./micromamba/envs/ciciot_autopytorch/lib/python3.8/site-packages (from imgaug>=0.4.0->autoPyTorch==0.2.1) (3.7.3)
Collecting scikit-image>=0.14.2 (from imgaug>=0.4.0->autoPyTorch==0.2.1)
  Downloading scikit_image-0.21.0-cp38-cp38-manylinux_2_17_x86_64.manylinux2014_x86_64.whl.metadata (14 kB)
Collecting opencv-python (from imgaug>=0.4.0->autoPyTorch==0.2.1)
  Downloading opencv_python-5.0.0.93-cp37-abi3-manylinux_2_28_x86_64.whl.metadata (19 kB)
Collecting imageio (from imgaug>=0.4.0->autoPyTorch==0.2.1)
  Downloading imageio-2.35.1-py3-none-any.whl.metadata (4.9 kB)
Collecting Shapely (from imgaug>=0.4.0->autoPyTorch==0.2.1)
  Downloading shapely-2.0.7-cp38-cp38-manylinux_2_17_x86_64.manylinux2014_x86_64.whl.metadata (6.9 kB)
Requirement already satisfied: setuptools in ./micromamba/envs/ciciot_autopytorch/lib/python3.8/site-packages (from pynisher>=0.6.3->autoPyTorch==0.2.1) (68.2.2)
Requirement already satisfied: joblib>=0.11 in ./micromamba/envs/ciciot_autopytorch/lib/python3.8/site-packages (from scikit-learn<0.25.0,>=0.24.0->autoPyTorch==0.2.1) (1.4.2)
Requirement already satisfied: threadpoolctl>=2.0.0 in ./micromamba/envs/ciciot_autopytorch/lib/python3.8/site-packages (from scikit-learn<0.25.0,>=0.24.0->autoPyTorch==0.2.1) (3.5.0)
Requirement already satisfied: emcee>=3.0.0 in ./micromamba/envs/ciciot_autopytorch/lib/python3.8/site-packages (from smac>=1.2->autoPyTorch==0.2.1) (3.1.6)
Requirement already satisfied: typing-extensions in ./micromamba/envs/ciciot_autopytorch/lib/python3.8/site-packages (from torch>=1.10.1->autoPyTorch==0.2.1) (4.13.2)
Collecting graphviz (from catboost->autoPyTorch==0.2.1)
  Downloading graphviz-0.20.3-py3-none-any.whl.metadata (12 kB)
Collecting plotly (from catboost->autoPyTorch==0.2.1)
  Downloading plotly-6.9.0-py3-none-any.whl.metadata (9.0 kB)
Requirement already satisfied: python-dateutil>=2.8.1 in ./micromamba/envs/ciciot_autopytorch/lib/python3.8/site-packages (from pandas->autoPyTorch==0.2.1) (2.9.0)
Requirement already satisfied: pytz>=2020.1 in ./micromamba/envs/ciciot_autopytorch/lib/python3.8/site-packages (from pandas->autoPyTorch==0.2.1) (2024.2)
Collecting absl-py>=0.4 (from tensorboard->autoPyTorch==0.2.1)
  Downloading absl_py-2.3.1-py3-none-any.whl.metadata (3.3 kB)
Collecting grpcio>=1.48.2 (from tensorboard->autoPyTorch==0.2.1)
  Downloading grpcio-1.70.0-cp38-cp38-manylinux_2_17_x86_64.manylinux2014_x86_64.whl.metadata (3.9 kB)
Collecting google-auth<3,>=1.6.3 (from tensorboard->autoPyTorch==0.2.1)
  Downloading google_auth-2.50.0-py3-none-any.whl.metadata (6.2 kB)
Collecting google-auth-oauthlib<1.1,>=0.5 (from tensorboard->autoPyTorch==0.2.1)
  Downloading google_auth_oauthlib-1.0.0-py2.py3-none-any.whl.metadata (2.7 kB)
Collecting markdown>=2.6.8 (from tensorboard->autoPyTorch==0.2.1)
  Downloading Markdown-3.7-py3-none-any.whl.metadata (7.0 kB)
Collecting protobuf>=3.19.6 (from tensorboard->autoPyTorch==0.2.1)
  Downloading protobuf-5.29.6-cp38-abi3-manylinux2014_x86_64.whl.metadata (592 bytes)
Requirement already satisfied: requests<3,>=2.21.0 in ./micromamba/envs/ciciot_autopytorch/lib/python3.8/site-packages (from tensorboard->autoPyTorch==0.2.1) (2.32.4)
Collecting tensorboard-data-server<0.8.0,>=0.7.0 (from tensorboard->autoPyTorch==0.2.1)
  Downloading tensorboard_data_server-0.7.2-py3-none-manylinux_2_31_x86_64.whl.metadata (1.1 kB)
Collecting werkzeug>=1.0.1 (from tensorboard->autoPyTorch==0.2.1)
  Downloading werkzeug-3.0.6-py3-none-any.whl.metadata (3.7 kB)
Requirement already satisfied: wheel>=0.26 in ./micromamba/envs/ciciot_autopytorch/lib/python3.8/site-packages (from tensorboard->autoPyTorch==0.2.1) (0.41.3)
Collecting pyasn1-modules>=0.2.1 (from google-auth<3,>=1.6.3->tensorboard->autoPyTorch==0.2.1)
  Downloading pyasn1_modules-0.4.2-py3-none-any.whl.metadata (3.5 kB)
Collecting cryptography>=38.0.3 (from google-auth<3,>=1.6.3->tensorboard->autoPyTorch==0.2.1)
  Downloading cryptography-47.0.0-cp38-abi3-manylinux_2_34_x86_64.whl.metadata (4.5 kB)
Collecting requests-oauthlib>=0.7.0 (from google-auth-oauthlib<1.1,>=0.5->tensorboard->autoPyTorch==0.2.1)
  Downloading requests_oauthlib-2.0.0-py2.py3-none-any.whl.metadata (11 kB)
Requirement already satisfied: zipp>=3.20 in ./micromamba/envs/ciciot_autopytorch/lib/python3.8/site-packages (from importlib-metadata>=4.13.0->dask->autoPyTorch==0.2.1) (3.21.0)
Requirement already satisfied: MarkupSafe>=2.0 in ./micromamba/envs/ciciot_autopytorch/lib/python3.8/site-packages (from jinja2>=2.10.3->distributed>=2.2.0->autoPyTorch==0.2.1) (2.1.5)
Requirement already satisfied: charset_normalizer<4,>=2 in ./micromamba/envs/ciciot_autopytorch/lib/python3.8/site-packages (from requests<3,>=2.21.0->tensorboard->autoPyTorch==0.2.1) (3.4.9)
Requirement already satisfied: idna<4,>=2.5 in ./micromamba/envs/ciciot_autopytorch/lib/python3.8/site-packages (from requests<3,>=2.21.0->tensorboard->autoPyTorch==0.2.1) (3.15)
Requirement already satisfied: certifi>=2017.4.17 in ./micromamba/envs/ciciot_autopytorch/lib/python3.8/site-packages (from requests<3,>=2.21.0->tensorboard->autoPyTorch==0.2.1) (2024.8.30)
Collecting networkx>=2.8 (from scikit-image>=0.14.2->imgaug>=0.4.0->autoPyTorch==0.2.1)
  Downloading networkx-3.1-py3-none-any.whl.metadata (5.3 kB)
Collecting tifffile>=2022.8.12 (from scikit-image>=0.14.2->imgaug>=0.4.0->autoPyTorch==0.2.1)
  Downloading tifffile-2023.7.10-py3-none-any.whl.metadata (31 kB)
Collecting PyWavelets>=1.1.1 (from scikit-image>=0.14.2->imgaug>=0.4.0->autoPyTorch==0.2.1)
  Downloading PyWavelets-1.4.1-cp38-cp38-manylinux_2_17_x86_64.manylinux2014_x86_64.whl.metadata (1.9 kB)
Collecting lazy_loader>=0.2 (from scikit-image>=0.14.2->imgaug>=0.4.0->autoPyTorch==0.2.1)
  Downloading lazy_loader-0.4-py3-none-any.whl.metadata (7.6 kB)
Requirement already satisfied: contourpy>=1.0.1 in ./micromamba/envs/ciciot_autopytorch/lib/python3.8/site-packages (from matplotlib->imgaug>=0.4.0->autoPyTorch==0.2.1) (1.1.1)
Requirement already satisfied: cycler>=0.10 in ./micromamba/envs/ciciot_autopytorch/lib/python3.8/site-packages (from matplotlib->imgaug>=0.4.0->autoPyTorch==0.2.1) (0.12.1)
Requirement already satisfied: fonttools>=4.22.0 in ./micromamba/envs/ciciot_autopytorch/lib/python3.8/site-packages (from matplotlib->imgaug>=0.4.0->autoPyTorch==0.2.1) (4.53.1)
Requirement already satisfied: kiwisolver>=1.0.1 in ./micromamba/envs/ciciot_autopytorch/lib/python3.8/site-packages (from matplotlib->imgaug>=0.4.0->autoPyTorch==0.2.1) (1.4.5)
Requirement already satisfied: importlib-resources>=3.2.0 in ./micromamba/envs/ciciot_autopytorch/lib/python3.8/site-packages (from matplotlib->imgaug>=0.4.0->autoPyTorch==0.2.1) (6.4.5)
Collecting narwhals>=1.15.1 (from plotly->catboost->autoPyTorch==0.2.1)
  Downloading narwhals-1.42.1-py3-none-any.whl.metadata (11 kB)
Collecting cffi>=1.14 (from cryptography>=38.0.3->google-auth<3,>=1.6.3->tensorboard->autoPyTorch==0.2.1)
  Downloading cffi-1.17.1-cp38-cp38-manylinux_2_17_x86_64.manylinux2014_x86_64.whl.metadata (1.5 kB)
Collecting pyasn1<0.7.0,>=0.6.1 (from pyasn1-modules>=0.2.1->google-auth<3,>=1.6.3->tensorboard->autoPyTorch==0.2.1)
  Downloading pyasn1-0.6.4-py3-none-any.whl.metadata (8.4 kB)
Collecting oauthlib>=3.0.0 (from requests-oauthlib>=0.7.0->google-auth-oauthlib<1.1,>=0.5->tensorboard->autoPyTorch==0.2.1)
  Downloading oauthlib-3.3.1-py3-none-any.whl.metadata (7.9 kB)
Collecting pycparser (from cffi>=1.14->cryptography>=38.0.3->google-auth<3,>=1.6.3->tensorboard->autoPyTorch==0.2.1)
  Downloading pycparser-2.23-py3-none-any.whl.metadata (993 bytes)
Downloading autoPyTorch-0.2.1-py3-none-any.whl (711 kB)
   ━━━━━━━━━━━━━━━━━━━━━━━━━━━━━━━━━━━━━━━━ 711.9/711.9 kB 65.0 MB/s eta 0:00:00
Downloading imgaug-0.4.0-py2.py3-none-any.whl (948 kB)
   ━━━━━━━━━━━━━━━━━━━━━━━━━━━━━━━━━━━━━━━ 948.0/948.0 kB 148.6 MB/s eta 0:00:00
Downloading catboost-1.2.10-cp38-cp38-manylinux2014_x86_64.whl (97.1 MB)
   ━━━━━━━━━━━━━━━━━━━━━━━━━━━━━━━━━━━━━━━━ 97.1/97.1 MB 226.4 MB/s eta 0:00:00
Downloading lightgbm-4.6.0-py3-none-manylinux_2_28_x86_64.whl (3.6 MB)
   ━━━━━━━━━━━━━━━━━━━━━━━━━━━━━━━━━━━━━━━━ 3.6/3.6 MB 196.6 MB/s eta 0:00:00
Downloading lockfile-0.12.2-py2.py3-none-any.whl (13 kB)
Downloading tabulate-0.9.0-py3-none-any.whl (35 kB)
Downloading tensorboard-2.14.0-py3-none-any.whl (5.5 MB)
   ━━━━━━━━━━━━━━━━━━━━━━━━━━━━━━━━━━━━━━━━ 5.5/5.5 MB 171.3 MB/s eta 0:00:00
Downloading absl_py-2.3.1-py3-none-any.whl (135 kB)
   ━━━━━━━━━━━━━━━━━━━━━━━━━━━━━━━━━━━━━━━ 135.8/135.8 kB 144.8 MB/s eta 0:00:00
Downloading google_auth-2.50.0-py3-none-any.whl (246 kB)
   ━━━━━━━━━━━━━━━━━━━━━━━━━━━━━━━━━━━━━━━ 246.5/246.5 kB 163.6 MB/s eta 0:00:00
Downloading google_auth_oauthlib-1.0.0-py2.py3-none-any.whl (18 kB)
Downloading grpcio-1.70.0-cp38-cp38-manylinux_2_17_x86_64.manylinux2014_x86_64.whl (6.0 MB)
   ━━━━━━━━━━━━━━━━━━━━━━━━━━━━━━━━━━━━━━━━ 6.0/6.0 MB 225.2 MB/s eta 0:00:00
Downloading Markdown-3.7-py3-none-any.whl (106 kB)
   ━━━━━━━━━━━━━━━━━━━━━━━━━━━━━━━━━━━━━━━ 106.3/106.3 kB 245.2 MB/s eta 0:00:00
Downloading protobuf-5.29.6-cp38-abi3-manylinux2014_x86_64.whl (320 kB)
   ━━━━━━━━━━━━━━━━━━━━━━━━━━━━━━━━━━━━━━━ 320.5/320.5 kB 186.4 MB/s eta 0:00:00
Downloading scikit_image-0.21.0-cp38-cp38-manylinux_2_17_x86_64.manylinux2014_x86_64.whl (13.9 MB)
   ━━━━━━━━━━━━━━━━━━━━━━━━━━━━━━━━━━━━━━━━ 13.9/13.9 MB 203.0 MB/s eta 0:00:00
Downloading imageio-2.35.1-py3-none-any.whl (315 kB)
   ━━━━━━━━━━━━━━━━━━━━━━━━━━━━━━━━━━━━━━━ 315.4/315.4 kB 213.3 MB/s eta 0:00:00
Downloading tensorboard_data_server-0.7.2-py3-none-manylinux_2_31_x86_64.whl (6.6 MB)
   ━━━━━━━━━━━━━━━━━━━━━━━━━━━━━━━━━━━━━━━━ 6.6/6.6 MB 230.5 MB/s eta 0:00:00
Downloading werkzeug-3.0.6-py3-none-any.whl (227 kB)
   ━━━━━━━━━━━━━━━━━━━━━━━━━━━━━━━━━━━━━━━ 228.0/228.0 kB 296.1 MB/s eta 0:00:00
Downloading graphviz-0.20.3-py3-none-any.whl (47 kB)
   ━━━━━━━━━━━━━━━━━━━━━━━━━━━━━━━━━━━━━━━━ 47.1/47.1 kB 158.9 MB/s eta 0:00:00
Downloading opencv_python-5.0.0.93-cp37-abi3-manylinux_2_28_x86_64.whl (73.8 MB)
   ━━━━━━━━━━━━━━━━━━━━━━━━━━━━━━━━━━━━━━━━ 73.8/73.8 MB 212.7 MB/s eta 0:00:00
Downloading plotly-6.9.0-py3-none-any.whl (9.9 MB)
   ━━━━━━━━━━━━━━━━━━━━━━━━━━━━━━━━━━━━━━━━ 9.9/9.9 MB 215.5 MB/s eta 0:00:00
Downloading shapely-2.0.7-cp38-cp38-manylinux_2_17_x86_64.manylinux2014_x86_64.whl (2.5 MB)
   ━━━━━━━━━━━━━━━━━━━━━━━━━━━━━━━━━━━━━━━━ 2.5/2.5 MB 211.1 MB/s eta 0:00:00
Downloading cryptography-47.0.0-cp38-abi3-manylinux_2_34_x86_64.whl (4.7 MB)
   ━━━━━━━━━━━━━━━━━━━━━━━━━━━━━━━━━━━━━━━━ 4.7/4.7 MB 222.7 MB/s eta 0:00:00
Downloading lazy_loader-0.4-py3-none-any.whl (12 kB)
Downloading narwhals-1.42.1-py3-none-any.whl (359 kB)
   ━━━━━━━━━━━━━━━━━━━━━━━━━━━━━━━━━━━━━━━ 359.9/359.9 kB 259.6 MB/s eta 0:00:00
Downloading networkx-3.1-py3-none-any.whl (2.1 MB)
   ━━━━━━━━━━━━━━━━━━━━━━━━━━━━━━━━━━━━━━━━ 2.1/2.1 MB 135.2 MB/s eta 0:00:00
Downloading pyasn1_modules-0.4.2-py3-none-any.whl (181 kB)
   ━━━━━━━━━━━━━━━━━━━━━━━━━━━━━━━━━━━━━━━ 181.3/181.3 kB 138.0 MB/s eta 0:00:00
Downloading PyWavelets-1.4.1-cp38-cp38-manylinux_2_17_x86_64.manylinux2014_x86_64.whl (6.9 MB)
   ━━━━━━━━━━━━━━━━━━━━━━━━━━━━━━━━━━━━━━━━ 6.9/6.9 MB 216.7 MB/s eta 0:00:00
Downloading requests_oauthlib-2.0.0-py2.py3-none-any.whl (24 kB)
Downloading tifffile-2023.7.10-py3-none-any.whl (220 kB)
   ━━━━━━━━━━━━━━━━━━━━━━━━━━━━━━━━━━━━━━━ 220.9/220.9 kB 274.0 MB/s eta 0:00:00
Downloading cffi-1.17.1-cp38-cp38-manylinux_2_17_x86_64.manylinux2014_x86_64.whl (446 kB)
   ━━━━━━━━━━━━━━━━━━━━━━━━━━━━━━━━━━━━━━━ 446.5/446.5 kB 300.5 MB/s eta 0:00:00
Downloading oauthlib-3.3.1-py3-none-any.whl (160 kB)
   ━━━━━━━━━━━━━━━━━━━━━━━━━━━━━━━━━━━━━━━ 160.1/160.1 kB 245.7 MB/s eta 0:00:00
Downloading pyasn1-0.6.4-py3-none-any.whl (84 kB)
   ━━━━━━━━━━━━━━━━━━━━━━━━━━━━━━━━━━━━━━━━ 84.4/84.4 kB 221.0 MB/s eta 0:00:00
Downloading pycparser-2.23-py3-none-any.whl (118 kB)
   ━━━━━━━━━━━━━━━━━━━━━━━━━━━━━━━━━━━━━━━ 118.1/118.1 kB 232.4 MB/s eta 0:00:00
Installing collected packages: lockfile, werkzeug, tifffile, tensorboard-data-server, tabulate, Shapely, PyWavelets, pycparser, pyasn1, protobuf, opencv-python, oauthlib, networkx, narwhals, lazy_loader, imageio, grpcio, graphviz, absl-py, scikit-image, requests-oauthlib, pyasn1-modules, plotly, markdown, lightgbm, cffi, imgaug, cryptography, catboost, google-auth, google-auth-oauthlib, tensorboard, autoPyTorch
Successfully installed PyWavelets-1.4.1 Shapely-2.0.7 absl-py-2.3.1 autoPyTorch-0.2.1 catboost-1.2.10 cffi-1.17.1 cryptography-47.0.0 google-auth-2.50.0 google-auth-oauthlib-1.0.0 graphviz-0.20.3 grpcio-1.70.0 imageio-2.35.1 imgaug-0.4.0 lazy_loader-0.4 lightgbm-4.6.0 lockfile-0.12.2 markdown-3.7 narwhals-1.42.1 networkx-3.1 oauthlib-3.3.1 opencv-python-5.0.0.93 plotly-6.9.0 protobuf-5.29.6 pyasn1-0.6.4 pyasn1-modules-0.4.2 pycparser-2.23 requests-oauthlib-2.0.0 scikit-image-0.21.0 tabulate-0.9.0 tensorboard-2.14.0 tensorboard-data-server-0.7.2 tifffile-2023.7.10 werkzeug-3.0.6
