Collecting pip==25.1.1
  Downloading pip-25.1.1-py3-none-any.whl.metadata (3.6 kB)
Collecting setuptools==80.9.0
  Downloading setuptools-80.9.0-py3-none-any.whl.metadata (6.6 kB)
Collecting wheel==0.45.1
  Downloading wheel-0.45.1-py3-none-any.whl.metadata (2.3 kB)
Downloading pip-25.1.1-py3-none-any.whl (1.8 MB)
   ━━━━━━━━━━━━━━━━━━━━━━━━━━━━━━━━━━━━━━━━ 1.8/1.8 MB 36.5 MB/s  0:00:00
Downloading setuptools-80.9.0-py3-none-any.whl (1.2 MB)
   ━━━━━━━━━━━━━━━━━━━━━━━━━━━━━━━━━━━━━━━━ 1.2/1.2 MB 58.8 MB/s  0:00:00
Downloading wheel-0.45.1-py3-none-any.whl (72 kB)
Installing collected packages: wheel, setuptools, pip
  Attempting uninstall: wheel
    Found existing installation: wheel 0.47.0
    Uninstalling wheel-0.47.0:
      Successfully uninstalled wheel-0.47.0
  Attempting uninstall: setuptools
    Found existing installation: setuptools 83.0.0
    Uninstalling setuptools-83.0.0:
      Successfully uninstalled setuptools-83.0.0
  Attempting uninstall: pip
    Found existing installation: pip 26.1.2
    Uninstalling pip-26.1.2:
      Successfully uninstalled pip-26.1.2

Successfully installed pip-25.1.1 setuptools-80.9.0 wheel-0.45.1
