Using Cached Shard Index for conda-forge/linux-64                                                   ✔ Done
Using Cached Shard Index for conda-forge/noarch                                                     ✔ Done
Fetching and Parsing Packages' Shards                                                           ⧖ Starting
Fetching and Parsing Packages' Shards                                                    ✔ Done (11.1 sec)

Resolving Environment                                                                           ⧖ Starting
Resolving Environment                                                                    ✔ Done (11.4 sec)

Transaction

  Prefix: /content/micromamba/envs/ciciot_autosklearn

  Updating specs:

   - python=3.9
   - pip
   - numpy=1.23.5
   - pandas=1.5.3
   - scipy=1.9.3
   - scikit-learn=0.24.2
   - pyarrow=12
   - matplotlib=3.7.3
   - joblib
   - psutil
   - auto-sklearn=0.15.0
   - swig
   - gcc_linux-64
   - gxx_linux-64


  Package                           Version  Build                 Channel           Size
───────────────────────────────────────────────────────────────────────────────────────────
  Install:
───────────────────────────────────────────────────────────────────────────────────────────

  + _openmp_mutex                       4.5  20_gnu                conda-forge     Cached
  + alsa-lib                       1.2.16.1  hb03c661_0            conda-forge     Cached
  + auto-sklearn                     0.15.0  pyha804496_1          conda-forge      663kB
  + aws-c-auth                       0.7.22  hf36ad8f_6            conda-forge     Cached
  + aws-c-cal                        0.6.15  h816f305_1            conda-forge     Cached
  + aws-c-common                     0.9.23  h4ab18f5_0            conda-forge     Cached
  + aws-c-compression                0.2.18  he027950_7            conda-forge     Cached
  + aws-c-event-stream                0.4.2  hb72ac1a_14           conda-forge     Cached
  + aws-c-http                        0.8.2  h75ac8c9_3            conda-forge     Cached
  + aws-c-io                         0.14.9  hd3d3696_3            conda-forge     Cached
  + aws-c-mqtt                       0.10.4  hb0abfc5_7            conda-forge     Cached
  + aws-c-s3                         0.5.10  h44b787d_4            conda-forge     Cached
  + aws-c-sdkutils                   0.1.16  he027950_3            conda-forge     Cached
  + aws-checksums                    0.1.18  he027950_7            conda-forge     Cached
  + aws-crt-cpp                     0.26.12  he940a02_1            conda-forge     Cached
  + aws-sdk-cpp                    1.11.329  h0f5bab0_6            conda-forge     Cached
  + binutils_impl_linux-64           2.46.1  default_hfdba357_102  conda-forge     Cached
  + binutils_linux-64                2.46.1  default_h4852527_102  conda-forge     Cached
  + bokeh                             3.4.2  pyhd8ed1ab_0          conda-forge        5MB
  + brotli                            1.1.0  hb03c661_4            conda-forge     Cached
  + brotli-bin                        1.1.0  hb03c661_4            conda-forge     Cached
  + brotli-python                     1.0.9  py39h5a03fae_8        conda-forge      361kB
  + bzip2                             1.0.8  hda65f42_9            conda-forge     Cached
  + c-ares                           1.34.8  hb03c661_0            conda-forge     Cached
  + ca-certificates               2026.7.22  hbd8a1cb_0            conda-forge     Cached
  + cairo                            1.18.4  he90730b_1            conda-forge     Cached
  + certifi                        2025.8.3  pyhd8ed1ab_0          conda-forge      159kB
  + cffi                             1.17.1  py39h15c3d72_0        conda-forge      242kB
  + click                             8.1.8  pyh707e725_0          conda-forge       85kB
  + cloudpickle                       3.1.1  pyhd8ed1ab_0          conda-forge       26kB
  + configspace                      0.4.21  py39h2ae25f5_1        conda-forge      815kB
  + contourpy                         1.3.0  py39h74842e3_2        conda-forge      262kB
  + cycler                           0.12.1  pyhd8ed1ab_1          conda-forge       13kB
  + cyrus-sasl                       2.1.28  hac629b4_1            conda-forge     Cached
  + cython                            3.1.3  py39h6bc127c_2        conda-forge        3MB
  + cytoolz                           1.0.1  py39h8cd3c5a_0        conda-forge      369kB
  + dask                           2024.2.1  pyhd8ed1ab_0          conda-forge        7kB
  + dask-core                      2024.2.1  pyhd8ed1ab_1          conda-forge      881kB
  + dbus                             1.16.2  h24cb091_1            conda-forge     Cached
  + distributed                    2024.2.1  pyhd8ed1ab_0          conda-forge      794kB
  + distro                            1.9.0  pyhd8ed1ab_1          conda-forge       42kB
  + emcee                             3.1.6  pyhd8ed1ab_1          conda-forge       40kB
  + font-ttf-dejavu-sans-mono          2.37  hab24e00_0            conda-forge     Cached
  + font-ttf-inconsolata              3.000  h77eed37_0            conda-forge     Cached
  + font-ttf-source-code-pro          2.038  h77eed37_0            conda-forge     Cached
  + font-ttf-ubuntu                    0.83  h77eed37_3            conda-forge     Cached
  + fontconfig                       2.18.2  h27c8c51_0            conda-forge     Cached
  + fonts-conda-ecosystem                 1  0                     conda-forge     Cached
  + fonts-conda-forge                     1  hc364b38_1            conda-forge     Cached
  + fonttools                        4.59.1  py39heb7d2ae_0        conda-forge        2MB
  + freetype                         2.14.3  ha770c72_0            conda-forge     Cached
  + fribidi                          1.0.16  hb03c661_0            conda-forge     Cached
  + fsspec                         2025.7.0  pyhd8ed1ab_0          conda-forge      145kB
  + gcc_impl_linux-64                15.2.0  h8ddf172_20           conda-forge     Cached
  + gcc_linux-64                     15.2.0  h7be306e_28           conda-forge     Cached
  + gflags                            2.2.2  h5888daf_1005         conda-forge     Cached
  + glib                             2.88.2  hbe0478d_0            conda-forge     Cached
  + glib-tools                       2.88.2  h8094192_0            conda-forge     Cached
  + glog                              0.7.1  hbabe93e_0            conda-forge     Cached
  + graphite2                        1.3.15  hecca717_0            conda-forge     Cached
  + gst-plugins-base                1.26.11  h6d08254_0            conda-forge     Cached
  + gstreamer                       1.26.11  h29cf534_0            conda-forge     Cached
  + gxx_impl_linux-64                15.2.0  he8f701c_20           conda-forge     Cached
  + gxx_linux-64                     15.2.0  h71fc77c_28           conda-forge     Cached
  + h2                                4.2.0  pyhd8ed1ab_0          conda-forge       54kB
  + harfbuzz                         14.2.1  ha770c72_1            conda-forge     Cached
  + hpack                             4.1.0  pyhd8ed1ab_0          conda-forge       31kB
  + hyperframe                        6.1.0  pyhd8ed1ab_0          conda-forge       17kB
  + icu                                78.3  h54a6638_2            conda-forge     Cached
  + importlib-metadata                8.7.0  pyhe01879c_1          conda-forge       35kB
  + importlib-resources               6.5.2  pyhd8ed1ab_0          conda-forge       10kB
  + importlib_metadata                8.7.0  h40b2b14_1            conda-forge       22kB
  + importlib_resources               6.5.2  pyhd8ed1ab_0          conda-forge       34kB
  + jinja2                            3.1.6  pyhd8ed1ab_0          conda-forge      113kB
  + joblib                            1.5.1  pyhd8ed1ab_0          conda-forge      224kB
  + kernel-headers_linux-64          5.14.0  he073ed8_3            conda-forge     Cached
  + keyutils                          1.6.3  hb9d3cd8_0            conda-forge     Cached
  + kiwisolver                        1.4.7  py39h74842e3_0        conda-forge       72kB
  + krb5                             1.22.2  hbde042b_1            conda-forge     Cached
  + lame                              3.100  h166bdaf_1003         conda-forge     Cached
  + lcms2                            2.19.1  h0c24ade_1            conda-forge     Cached
  + ld_impl_linux-64                 2.46.1  default_hbd61a6d_102  conda-forge     Cached
  + lerc                              4.2.0  hdb68285_0            conda-forge     Cached
  + liac-arff                         2.5.0  pyhd8ed1ab_2          conda-forge       18kB
  + libabseil                    20240116.2  cxx17_he02047a_1      conda-forge     Cached
  + libarrow                         12.0.1  h0de2578_50_cpu       conda-forge     Cached
  + libblas                           3.9.0  20_linux64_openblas   conda-forge     Cached
  + libbrotlicommon                   1.1.0  hb03c661_4            conda-forge     Cached
  + libbrotlidec                      1.1.0  hb03c661_4            conda-forge     Cached
  + libbrotlienc                      1.1.0  hb03c661_4            conda-forge     Cached
  + libcap                             2.78  hd0affe5_0            conda-forge     Cached
  + libcblas                          3.9.0  20_linux64_openblas   conda-forge     Cached
  + libclang-cpp22.1                 22.1.8  default_h6c227bf_3    conda-forge     Cached
  + libclang13                       22.1.8  default_h9692865_3    conda-forge     Cached
  + libcrc32c                         1.1.2  h9c3ff4c_0            conda-forge     Cached
  + libcups                           2.3.3  h7a8fb5f_6            conda-forge     Cached
  + libcurl                          8.21.0  hae6b9f4_2            conda-forge     Cached
  + libdeflate                         1.25  h17f619e_0            conda-forge     Cached
  + libdrm                          2.4.127  hb03c661_0            conda-forge     Cached
  + libedit                    3.1.20250104  pl5321h7949ede_0      conda-forge     Cached
  + libegl                            1.7.0  ha4b6fd6_3            conda-forge     Cached
  + libev                              4.33  hd590300_2            conda-forge     Cached
  + libevent                         2.1.12  hf998b51_1            conda-forge     Cached
  + libexpat                          2.8.1  hecca717_1            conda-forge     Cached
  + libffi                            3.5.2  h3435931_0            conda-forge     Cached
  + libflac                           1.5.0  he200343_1            conda-forge     Cached
  + libfreetype                      2.14.3  ha770c72_0            conda-forge     Cached
  + libfreetype6                     2.14.3  h73754d4_0            conda-forge     Cached
  + libgcc                           15.2.0  he0feb66_20           conda-forge     Cached
  + libgcc-devel_linux-64            15.2.0  hcc6f6b0_120          conda-forge     Cached
  + libgcc-ng                        15.2.0  h69a702a_20           conda-forge     Cached
  + libgfortran                      15.2.0  h69a702a_20           conda-forge     Cached
  + libgfortran-ng                   15.2.0  h69a702a_20           conda-forge     Cached
  + libgfortran5                     15.2.0  h68bc16d_20           conda-forge     Cached
  + libgl                             1.7.0  ha4b6fd6_3            conda-forge     Cached
  + libglib                          2.88.2  h0d30a3d_0            conda-forge     Cached
  + libglvnd                          1.7.0  ha4b6fd6_3            conda-forge     Cached
  + libglx                            1.7.0  ha4b6fd6_3            conda-forge     Cached
  + libgomp                          15.2.0  he0feb66_20           conda-forge     Cached
  + libgoogle-cloud                  2.25.0  h2736e30_0            conda-forge     Cached
  + libgoogle-cloud-storage          2.25.0  h3d9a0c8_0            conda-forge     Cached
  + libgrpc                          1.62.2  h15f2491_0            conda-forge     Cached
  + libharfbuzz                      14.2.1  h17a8019_1            conda-forge     Cached
  + libharfbuzz-devel                14.2.1  h17a8019_1            conda-forge     Cached
  + libiconv                           1.18  h3b78370_2            conda-forge     Cached
  + libjpeg-turbo                     3.2.0  hb03c661_0            conda-forge     Cached
  + liblapack                         3.9.0  20_linux64_openblas   conda-forge     Cached
  + libllvm22                        22.1.8  hf7376ad_1            conda-forge     Cached
  + liblzma                           5.8.3  hb03c661_0            conda-forge     Cached
  + libnghttp2                       1.68.1  h877daf1_0            conda-forge     Cached
  + libnl                            3.11.0  hb9d3cd8_0            conda-forge     Cached
  + libnsl                            2.0.1  hb9d3cd8_1            conda-forge     Cached
  + libntlm                             1.8  hb9d3cd8_0            conda-forge     Cached
  + libogg                            1.3.5  hd0c01bc_1            conda-forge     Cached
  + libopenblas                      0.3.25  pthreads_h413a1c8_0   conda-forge     Cached
  + libopengl                         1.7.0  ha4b6fd6_3            conda-forge       52kB
  + libopus                           1.6.1  h280c20c_0            conda-forge     Cached
  + libpciaccess                       0.19  hb03c661_0            conda-forge     Cached
  + libpng                           1.6.58  h421ea60_0            conda-forge     Cached
  + libpq                              18.4  hd5a49e9_1            conda-forge     Cached
  + libprotobuf                      4.25.3  hd5b35b9_1            conda-forge     Cached
  + libpsl                           0.22.0  h49b2146_1            conda-forge     Cached
  + libre2-11                    2023.09.01  h5a48ba9_2            conda-forge     Cached
  + libsanitizer                     15.2.0  h984fb3e_20           conda-forge     Cached
  + libsndfile                        1.2.2  hc7d488a_2            conda-forge     Cached
  + libsqlite                        3.53.4  hf4e2dac_0            conda-forge     Cached
  + libssh2                          1.11.1  hcf80075_0            conda-forge     Cached
  + libstdcxx                        15.2.0  h934c35e_20           conda-forge     Cached
  + libstdcxx-devel_linux-64         15.2.0  hd446a21_120          conda-forge     Cached
  + libstdcxx-ng                     15.2.0  hdf11a46_20           conda-forge     Cached
  + libsystemd0                       261.1  h6f4a2f1_0            conda-forge     Cached
  + libthrift                        0.19.0  hb90f79a_1            conda-forge     Cached
  + libtiff                           4.7.2  h9d88235_0            conda-forge     Cached
  + libudev1                          261.1  h6f4a2f1_0            conda-forge     Cached
  + libutf8proc                       2.8.0  hf23e847_1            conda-forge     Cached
  + libuuid                          2.42.2  h5347b49_0            conda-forge     Cached
  + libvorbis                         1.3.7  h54a6638_2            conda-forge     Cached
  + libwebp-base                      1.6.0  hd42ef1d_0            conda-forge     Cached
  + libxcb                           1.17.0  h8a09558_0            conda-forge     Cached
  + libxcrypt                        4.4.36  hd590300_1            conda-forge     Cached
  + libxkbcommon                     1.13.2  hca5e8e5_0            conda-forge     Cached
  + libxml2                          2.15.3  h49c6c72_0            conda-forge     Cached
  + libxml2-16                       2.15.3  hca6bf5a_0            conda-forge     Cached
  + libzlib                           1.3.2  h25fd6f3_2            conda-forge     Cached
  + locket                            1.0.0  pyhd8ed1ab_0          conda-forge        8kB
  + lz4                               4.3.3  py39hd7df8f7_1        conda-forge       37kB
  + lz4-c                             1.9.4  hcb278e6_0            conda-forge     Cached
  + markupsafe                        3.0.2  py39h9399b63_1        conda-forge       23kB
  + matplotlib                        3.7.3  py39hf3d152e_0        conda-forge        8kB
  + matplotlib-base                   3.7.3  py39he9076e7_0        conda-forge        7MB
  + mpg123                           1.32.9  hc50e24c_0            conda-forge     Cached
  + msgpack-python                    1.1.1  py39h74842e3_0        conda-forge       95kB
  + munkres                           1.1.4  pyhd8ed1ab_1          conda-forge       16kB
  + ncurses                             6.6  hdb14827_0            conda-forge     Cached
  + nspr                               4.38  h29cc59b_0            conda-forge     Cached
  + nss                               3.118  h445c969_0            conda-forge     Cached
  + numpy                            1.23.5  py39h3d75532_0        conda-forge        6MB
  + openjpeg                          2.5.4  h55fea9a_0            conda-forge     Cached
  + openldap                         2.6.13  hbde042b_0            conda-forge     Cached
  + openssl                           3.6.3  h35e630c_0            conda-forge     Cached
  + orc                               2.0.1  h17fec99_1            conda-forge     Cached
  + packaging                          26.2  pyhc364b38_0          conda-forge     Cached
  + pandas                            1.5.3  py39h2ad29b5_1        conda-forge       12MB
  + pango                            1.58.0  hda50119_0            conda-forge     Cached
  + partd                             1.4.2  pyhd8ed1ab_0          conda-forge       21kB
  + pcre2                             10.47  haa7fec5_0            conda-forge     Cached
  + pillow                           11.3.0  py39h15c0740_0        conda-forge       43MB
  + pip                                25.2  pyh8b19718_0          conda-forge        1MB
  + pixman                           0.46.4  h54a6638_2            conda-forge     Cached
  + ply                                3.11  pyhd8ed1ab_3          conda-forge       49kB
  + psutil                            7.0.0  py39h8cd3c5a_0        conda-forge      349kB
  + pthread-stubs                       0.4  hb9d3cd8_1002         conda-forge     Cached
  + pulseaudio-client                  17.0  h9a6aba3_3            conda-forge     Cached
  + pyarrow                          12.0.1  py39h6f7bfa8_50_cpu   conda-forge        4MB
  + pyarrow-hotfix                      0.7  pyhd8ed1ab_0          conda-forge       14kB
  + pycparser                          2.22  pyh29332c3_1          conda-forge      110kB
  + pynisher                          0.6.4  pyhd8ed1ab_0          conda-forge       11kB
  + pyparsing                         3.2.3  pyhe01879c_2          conda-forge      102kB
  + pyqt                            5.15.11  py39h08c78a2_1        conda-forge        5MB
  + pyqt5-sip                       12.17.0  py39hf88036b_1        conda-forge       84kB
  + pyrfr                             0.8.3  py39hf939315_1        conda-forge      547kB
  + pysocks                           1.7.1  pyha55dd90_7          conda-forge       21kB
  + python                           3.9.23  hc30ae73_0_cpython    conda-forge       24MB
  + python-dateutil             2.9.0.post0  pyhe01879c_2          conda-forge      233kB
  + python_abi                          3.9  8_cp39                conda-forge        7kB
  + pytz                             2025.2  pyhd8ed1ab_0          conda-forge      189kB
  + pyyaml                            6.0.2  py39h9399b63_2        conda-forge      182kB
  + qt-main                         5.15.15  h0c412b5_8            conda-forge     Cached
  + rdma-core                          63.0  h192683f_1            conda-forge     Cached
  + re2                          2023.09.01  h7f4b329_2            conda-forge     Cached
  + readline                            8.3  h853b02a_0            conda-forge     Cached
  + s2n                              1.4.16  he19d79f_0            conda-forge     Cached
  + scikit-learn                     0.24.2  py39h7c5d8c9_1        conda-forge        8MB
  + scipy                             1.9.3  py39hddc5342_2        conda-forge       27MB
  + setuptools                       80.9.0  pyhff2d567_0          conda-forge      749kB
  + sip                              6.10.0  py39hf88036b_0        conda-forge      549kB
  + six                              1.17.0  pyhe01879c_1          conda-forge       18kB
  + smac                                1.2  pyhd8ed1ab_0          conda-forge      133kB
  + snappy                            1.2.2  h03e3b7b_1            conda-forge     Cached
  + sortedcontainers                  2.4.0  pyhd8ed1ab_1          conda-forge       29kB
  + swig                              4.4.1  h7a96c5f_0            conda-forge        1MB
  + sysroot_linux-64                   2.34  h087de78_3            conda-forge     Cached
  + tblib                             3.1.0  pyhd8ed1ab_0          conda-forge       18kB
  + threadpoolctl                     3.6.0  pyhecae5ae_0          conda-forge       24kB
  + tk                               8.6.13  noxft_hd70dff1_3      conda-forge     Cached
  + toml                             0.10.2  pyhd8ed1ab_1          conda-forge       22kB
  + tomli                             2.2.1  pyhe01879c_2          conda-forge       21kB
  + toolz                             1.0.0  pyhd8ed1ab_1          conda-forge       52kB
  + tornado                           6.5.2  py39hd399759_0        conda-forge      652kB
  + typing_extensions                4.14.1  pyhe01879c_0          conda-forge       51kB
  + tzdata                            2026c  h151e31d_0            conda-forge     Cached
  + ucx                              1.16.0  h209287a_5            conda-forge     Cached
  + unicodedata2                     16.0.0  py39h8cd3c5a_0        conda-forge      404kB
  + urllib3                           2.5.0  pyhd8ed1ab_0          conda-forge      102kB
  + wheel                            0.45.1  pyhd8ed1ab_1          conda-forge       63kB
  + xcb-util                          0.4.1  h4f16b4b_2            conda-forge     Cached
  + xcb-util-image                    0.4.0  hb711507_2            conda-forge     Cached
  + xcb-util-keysyms                  0.4.1  hb711507_0            conda-forge     Cached
  + xcb-util-renderutil              0.3.10  hb711507_0            conda-forge     Cached
  + xcb-util-wm                       0.4.2  hb711507_0            conda-forge     Cached
  + xkeyboard-config                   2.48  h280c20c_0            conda-forge     Cached
  + xorg-libice                       1.1.2  hb9d3cd8_0            conda-forge     Cached
  + xorg-libsm                        1.2.6  he73a12e_0            conda-forge     Cached
  + xorg-libx11                      1.8.13  he1eb515_0            conda-forge     Cached
  + xorg-libxau                      1.0.12  hb03c661_1            conda-forge     Cached
  + xorg-libxcomposite                0.4.7  hb03c661_0            conda-forge       14kB
  + xorg-libxdamage                   1.1.6  hb9d3cd8_0            conda-forge     Cached
  + xorg-libxdmcp                     1.1.5  hb03c661_1            conda-forge     Cached
  + xorg-libxext                      1.3.7  hb03c661_0            conda-forge     Cached
  + xorg-libxfixes                    6.0.2  hb03c661_0            conda-forge     Cached
  + xorg-libxrender                  0.9.12  hb9d3cd8_0            conda-forge     Cached
  + xorg-libxshmfence                 1.3.3  hb9d3cd8_0            conda-forge     Cached
  + xorg-libxxf86vm                   1.1.7  hb03c661_0            conda-forge     Cached
  + xyzservices                    2026.3.0  pyhd8ed1ab_0          conda-forge       52kB
  + yaml                              0.2.5  h280c20c_3            conda-forge       85kB
  + zict                              3.0.0  pyhd8ed1ab_1          conda-forge       36kB
  + zipp                             3.23.0  pyhd8ed1ab_0          conda-forge       23kB
  + zstandard                        0.23.0  py39hd399759_3        conda-forge      477kB
  + zstd                              1.5.7  hb78ec9c_6            conda-forge     Cached

  Summary:

  Install: 259 packages

  Total download: 160MB

───────────────────────────────────────────────────────────────────────────────────────────



Transaction starting
Linking python_abi-3.9-8_cp39
Linking ca-certificates-2026.7.22-hbd8a1cb_0
Linking tzdata-2026c-h151e31d_0
Linking libstdcxx-devel_linux-64-15.2.0-hd446a21_120
Linking libgcc-devel_linux-64-15.2.0-hcc6f6b0_120
Linking kernel-headers_linux-64-5.14.0-he073ed8_3
Linking font-ttf-dejavu-sans-mono-2.37-hab24e00_0
Linking font-ttf-inconsolata-3.000-h77eed37_0
Linking font-ttf-source-code-pro-2.038-h77eed37_0
Linking font-ttf-ubuntu-0.83-h77eed37_3
Linking sysroot_linux-64-2.34-h087de78_3
Linking fonts-conda-forge-1-hc364b38_1
Linking fonts-conda-ecosystem-1-0
Linking libzlib-1.3.2-h25fd6f3_2
Linking libglvnd-1.7.0-ha4b6fd6_3
Linking libgomp-15.2.0-he0feb66_20
Linking zstd-1.5.7-hb78ec9c_6
Linking libopengl-1.7.0-ha4b6fd6_3
Linking libegl-1.7.0-ha4b6fd6_3
Linking _openmp_mutex-4.5-20_gnu
Linking ld_impl_linux-64-2.46.1-default_hbd61a6d_102
Linking libgcc-15.2.0-he0feb66_20
Linking binutils_impl_linux-64-2.46.1-default_hfdba357_102
Linking libnl-3.11.0-hb9d3cd8_0
Linking libffi-3.5.2-h3435931_0
Linking tk-8.6.13-noxft_hd70dff1_3
Linking fribidi-1.0.16-hb03c661_0
Linking pthread-stubs-0.4-hb9d3cd8_1002
Linking xorg-libxdmcp-1.1.5-hb03c661_1
Linking xorg-libxau-1.0.12-hb03c661_1
Linking libogg-1.3.5-hd0c01bc_1
Linking libiconv-1.18-h3b78370_2
Linking libcap-2.78-hd0affe5_0
Linking libutf8proc-2.8.0-hf23e847_1
Linking libwebp-base-1.6.0-hd42ef1d_0
Linking libdeflate-1.25-h17f619e_0
Linking yaml-0.2.5-h280c20c_3
Linking alsa-lib-1.2.16.1-hb03c661_0
Linking libntlm-1.8-hb9d3cd8_0
Linking keyutils-1.6.3-hb9d3cd8_0
Linking xorg-libxshmfence-1.3.3-hb9d3cd8_0
Linking libopus-1.6.1-h280c20c_0
Linking libpciaccess-0.19-hb03c661_0
Linking libjpeg-turbo-3.2.0-hb03c661_0
Linking libpng-1.6.58-h421ea60_0
Linking libbrotlicommon-1.1.0-hb03c661_4
Linking bzip2-1.0.8-hda65f42_9
Linking libnsl-2.0.1-hb9d3cd8_1
Linking libexpat-2.8.1-hecca717_1
Linking libuuid-2.42.2-h5347b49_0
Linking liblzma-5.8.3-hb03c661_0
Linking ncurses-6.6-hdb14827_0
Linking xorg-libice-1.1.2-hb9d3cd8_0
Linking c-ares-1.34.8-hb03c661_0
Linking openssl-3.6.3-h35e630c_0
Linking libgfortran5-15.2.0-h68bc16d_20
Linking libstdcxx-15.2.0-h934c35e_20
Linking libgcc-ng-15.2.0-h69a702a_20
Linking binutils_linux-64-2.46.1-default_h4852527_102
Linking libxcb-1.17.0-h8a09558_0
Linking libudev1-261.1-h6f4a2f1_0
Linking libsystemd0-261.1-h6f4a2f1_0
Linking libdrm-2.4.127-hb03c661_0
Linking libfreetype6-2.14.3-h73754d4_0
Linking libbrotlienc-1.1.0-hb03c661_4
Linking libbrotlidec-1.1.0-hb03c661_4
Linking pcre2-10.47-haa7fec5_0
Linking libedit-3.1.20250104-pl5321h7949ede_0
Linking readline-8.3-h853b02a_0
Linking xorg-libsm-1.2.6-he73a12e_0
Linking libssh2-1.11.1-hcf80075_0
Linking libgfortran-15.2.0-h69a702a_20
Linking lerc-4.2.0-hdb68285_0
Linking pixman-0.46.4-h54a6638_2
Linking libvorbis-1.3.7-h54a6638_2
Linking libflac-1.5.0-he200343_1
Linking mpg123-1.32.9-hc50e24c_0
Linking libsanitizer-15.2.0-h984fb3e_20
Linking snappy-1.2.2-h03e3b7b_1
Linking gflags-2.2.2-h5888daf_1005
Linking graphite2-1.3.15-hecca717_0
Linking icu-78.3-h54a6638_2
Linking nspr-4.38-h29cc59b_0
Linking libstdcxx-ng-15.2.0-hdf11a46_20
Linking libev-4.33-hd590300_2
Linking lame-3.100-h166bdaf_1003
Linking s2n-1.4.16-he19d79f_0
Linking aws-c-common-0.9.23-h4ab18f5_0
Linking libevent-2.1.12-hf998b51_1
Linking libxcrypt-4.4.36-hd590300_1
Linking xcb-util-0.4.1-h4f16b4b_2
Linking xorg-libx11-1.8.13-he1eb515_0
Linking xcb-util-renderutil-0.3.10-hb711507_0
Linking xcb-util-keysyms-0.4.1-hb711507_0
Linking xcb-util-wm-0.4.2-hb711507_0
Linking rdma-core-63.0-h192683f_1
Linking libfreetype-2.14.3-ha770c72_0
Linking brotli-bin-1.1.0-hb03c661_4
Linking libglib-2.88.2-h0d30a3d_0
Linking swig-4.4.1-h7a96c5f_0
Linking krb5-1.22.2-hbde042b_1
Linking libgfortran-ng-15.2.0-h69a702a_20
Linking libtiff-4.7.2-h9d88235_0
Linking gcc_impl_linux-64-15.2.0-h8ddf172_20
Linking libsqlite-3.53.4-hf4e2dac_0
Linking libpsl-0.22.0-h49b2146_1
Linking libxml2-16-2.15.3-hca6bf5a_0
Linking glog-0.7.1-hbabe93e_0
Linking lz4-c-1.9.4-hcb278e6_0
Linking libabseil-20240116.2-cxx17_he02047a_1
Linking libcrc32c-1.1.2-h9c3ff4c_0
Linking libnghttp2-1.68.1-h877daf1_0
Linking libsndfile-1.2.2-hc7d488a_2
Linking aws-c-compression-0.2.18-he027950_7
Linking aws-c-sdkutils-0.1.16-he027950_3
Linking aws-c-cal-0.6.15-h816f305_1
Linking aws-checksums-0.1.18-he027950_7
Linking libthrift-0.19.0-hb90f79a_1
Linking xcb-util-image-0.4.0-hb711507_2
Linking xkeyboard-config-2.48-h280c20c_0
Linking xorg-libxrender-0.9.12-hb9d3cd8_0
Linking xorg-libxfixes-6.0.2-hb03c661_0
Linking libglx-1.7.0-ha4b6fd6_3
Linking xorg-libxext-1.3.7-hb03c661_0
Linking ucx-1.16.0-h209287a_5

To enable CUDA support, UCX requires the CUDA Runtime library (libcudart).
The library can be installed with the appropriate command below:

* For CUDA 11, run:    conda install cudatoolkit cuda-version=11
* For CUDA 12, run:    conda install cuda-cudart cuda-version=12


Linking fontconfig-2.18.2-h27c8c51_0
Linking freetype-2.14.3-ha770c72_0
Linking brotli-1.1.0-hb03c661_4
Linking dbus-1.16.2-h24cb091_1
Linking glib-tools-2.88.2-h8094192_0
Linking cyrus-sasl-2.1.28-hac629b4_1
Linking libcups-2.3.3-h7a8fb5f_6
Linking libopenblas-0.3.25-pthreads_h413a1c8_0
Linking openjpeg-2.5.4-h55fea9a_0
Linking lcms2-2.19.1-h0c24ade_1
Linking gxx_impl_linux-64-15.2.0-he8f701c_20
Linking gcc_linux-64-15.2.0-h7be306e_28
Linking nss-3.118-h445c969_0
Linking python-3.9.23-hc30ae73_0_cpython
Linking libxml2-2.15.3-h49c6c72_0
Linking libprotobuf-4.25.3-hd5b35b9_1
Linking libre2-11-2023.09.01-h5a48ba9_2
Linking libcurl-8.21.0-hae6b9f4_2
Linking aws-c-io-0.14.9-hd3d3696_3
Linking xorg-libxcomposite-0.4.7-hb03c661_0
Linking libgl-1.7.0-ha4b6fd6_3
Linking xorg-libxxf86vm-1.1.7-hb03c661_0
Linking xorg-libxdamage-1.1.6-hb9d3cd8_0
Linking cairo-1.18.4-he90730b_1
Linking pulseaudio-client-17.0-h9a6aba3_3
Linking openldap-2.6.13-hbde042b_0
Linking libblas-3.9.0-20_linux64_openblas
Linking gxx_linux-64-15.2.0-h71fc77c_28
Linking markupsafe-3.0.2-py39h9399b63_1
Linking brotli-python-1.0.9-py39h5a03fae_8
Linking unicodedata2-16.0.0-py39h8cd3c5a_0
Linking kiwisolver-1.4.7-py39h74842e3_0
Linking pillow-11.3.0-py39h15c0740_0
Linking cython-3.1.3-py39h6bc127c_2
Linking msgpack-python-1.1.1-py39h74842e3_0
Linking tornado-6.5.2-py39hd399759_0
Linking lz4-4.3.3-py39hd7df8f7_1
Linking pyrfr-0.8.3-py39hf939315_1
Linking pyyaml-6.0.2-py39h9399b63_2
Linking psutil-7.0.0-py39h8cd3c5a_0
Linking libxkbcommon-1.13.2-hca5e8e5_0
Linking libllvm22-22.1.8-hf7376ad_1
Linking orc-2.0.1-h17fec99_1
Linking re2-2023.09.01-h7f4b329_2
Linking aws-c-event-stream-0.4.2-hb72ac1a_14
Linking aws-c-http-0.8.2-h75ac8c9_3
Linking libharfbuzz-14.2.1-h17a8019_1
Linking libpq-18.4-hd5a49e9_1
Linking liblapack-3.9.0-20_linux64_openblas
Linking libcblas-3.9.0-20_linux64_openblas
Linking libclang-cpp22.1-22.1.8-default_h6c227bf_3
Linking libgrpc-1.62.2-h15f2491_0
Linking aws-c-mqtt-0.10.4-hb0abfc5_7
Linking aws-c-auth-0.7.22-hf36ad8f_6
Linking pango-1.58.0-hda50119_0
Linking libharfbuzz-devel-14.2.1-h17a8019_1
Linking numpy-1.23.5-py39h3d75532_0
Linking libclang13-22.1.8-default_h9692865_3
Linking libgoogle-cloud-2.25.0-h2736e30_0
Linking aws-c-s3-0.5.10-h44b787d_4
Linking harfbuzz-14.2.1-ha770c72_1
Linking contourpy-1.3.0-py39h74842e3_2
Linking scipy-1.9.3-py39hddc5342_2
Linking libgoogle-cloud-storage-2.25.0-h3d9a0c8_0
Linking aws-crt-cpp-0.26.12-he940a02_1
Linking aws-sdk-cpp-1.11.329-h0f5bab0_6
Linking libarrow-12.0.1-h0de2578_50_cpu
Linking pyarrow-12.0.1-py39h6f7bfa8_50_cpu
Linking pycparser-2.22-pyh29332c3_1
Linking zipp-3.23.0-pyhd8ed1ab_0
Linking xyzservices-2026.3.0-pyhd8ed1ab_0
Linking six-1.17.0-pyhe01879c_1
Linking pysocks-1.7.1-pyha55dd90_7
Linking hpack-4.1.0-pyhd8ed1ab_0
Linking hyperframe-6.1.0-pyhd8ed1ab_0
Linking toml-0.10.2-pyhd8ed1ab_1
Linking tomli-2.2.1-pyhe01879c_2
Linking ply-3.11-pyhd8ed1ab_3
Linking munkres-1.1.4-pyhd8ed1ab_1
Linking cycler-0.12.1-pyhd8ed1ab_1
Linking certifi-2025.8.3-pyhd8ed1ab_0
Linking pytz-2025.2-pyhd8ed1ab_0
Linking pyparsing-3.2.3-pyhe01879c_2
Linking fsspec-2025.7.0-pyhd8ed1ab_0
Linking toolz-1.0.0-pyhd8ed1ab_1
Linking sortedcontainers-2.4.0-pyhd8ed1ab_1
Linking zict-3.0.0-pyhd8ed1ab_1
Linking tblib-3.1.0-pyhd8ed1ab_0
Linking cloudpickle-3.1.1-pyhd8ed1ab_0
Linking packaging-26.2-pyhc364b38_0
Linking click-8.1.8-pyh707e725_0
Linking wheel-0.45.1-pyhd8ed1ab_1
Linking distro-1.9.0-pyhd8ed1ab_1
Linking liac-arff-2.5.0-pyhd8ed1ab_2
Linking threadpoolctl-3.6.0-pyhecae5ae_0
Linking typing_extensions-4.14.1-pyhe01879c_0
Linking setuptools-80.9.0-pyhff2d567_0
Linking locket-1.0.0-pyhd8ed1ab_0
Linking jinja2-3.1.6-pyhd8ed1ab_0
Linking emcee-3.1.6-pyhd8ed1ab_1
Linking pyarrow-hotfix-0.7-pyhd8ed1ab_0
Linking importlib_resources-6.5.2-pyhd8ed1ab_0
Linking importlib-metadata-8.7.0-pyhe01879c_1
Linking python-dateutil-2.9.0.post0-pyhe01879c_2
Linking h2-4.2.0-pyhd8ed1ab_0
Linking pynisher-0.6.4-pyhd8ed1ab_0
Linking pip-25.2-pyh8b19718_0
Linking joblib-1.5.1-pyhd8ed1ab_0
Linking partd-1.4.2-pyhd8ed1ab_0
Linking importlib-resources-6.5.2-pyhd8ed1ab_0
Linking importlib_metadata-8.7.0-h40b2b14_1
Linking dask-core-2024.2.1-pyhd8ed1ab_1
Linking cffi-1.17.1-py39h15c3d72_0
Linking fonttools-4.59.1-py39heb7d2ae_0
Linking configspace-0.4.21-py39h2ae25f5_1
Linking cytoolz-1.0.1-py39h8cd3c5a_0
Linking glib-2.88.2-hbe0478d_0
Linking sip-6.10.0-py39hf88036b_0
Linking pandas-1.5.3-py39h2ad29b5_1
Linking scikit-learn-0.24.2-py39h7c5d8c9_1
Linking zstandard-0.23.0-py39hd399759_3
Linking matplotlib-base-3.7.3-py39he9076e7_0
Linking gstreamer-1.26.11-h29cf534_0
Linking pyqt5-sip-12.17.0-py39hf88036b_1
Linking gst-plugins-base-1.26.11-h6d08254_0
Linking qt-main-5.15.15-h0c412b5_8
Linking pyqt-5.15.11-py39h08c78a2_1
Linking matplotlib-3.7.3-py39hf3d152e_0
Linking bokeh-3.4.2-pyhd8ed1ab_0
Linking urllib3-2.5.0-pyhd8ed1ab_0
Linking distributed-2024.2.1-pyhd8ed1ab_0
Linking dask-2024.2.1-pyhd8ed1ab_0
Linking smac-1.2-pyhd8ed1ab_0
Linking auto-sklearn-0.15.0-pyha804496_1

Transaction finished


To activate this environment, use:

    micromamba activate ciciot_autosklearn

Or to execute a single command in this environment, use:

    micromamba run -n ciciot_autosklearn mycommand

