Checking whether there is an H2O instance running at http://localhost:54321..... not found.
Attempting to start a local H2O server...
  Java Version: openjdk version "17.0.18-internal" 2026-01-20; OpenJDK Runtime Environment (build 17.0.18-internal+0-adhoc.conda.src); OpenJDK 64-Bit Server VM (build 17.0.18-internal+0-adhoc.conda.src, mixed mode, sharing)
  Starting server from /content/micromamba/envs/ciciot_h2o/lib/python3.11/site-packages/h2o/backend/bin/h2o.jar
  Ice root: /tmp/tmp48e4ssgb
  JVM stdout: /tmp/tmp48e4ssgb/h2o_unknownUser_started_from_python.out
  JVM stderr: /tmp/tmp48e4ssgb/h2o_unknownUser_started_from_python.err
  Server is running at http://127.0.0.1:54321
Connecting to H2O server at http://127.0.0.1:54321 ... successful.
--------------------------  -----------------------------------------------------------------------------------------
H2O_cluster_uptime:         03 secs
H2O_cluster_timezone:       Etc/UTC
H2O_data_parsing_timezone:  UTC
H2O_cluster_version:        3.46.0.11
H2O_cluster_version_age:    2 months and 6 days
H2O_cluster_name:           H2O_from_python_unknownUser_cb6uxi
H2O_cluster_total_nodes:    1
H2O_cluster_free_memory:    12 Gb
H2O_cluster_total_cores:    2
H2O_cluster_allowed_cores:  2
H2O_cluster_status:         locked, healthy
H2O_connection_url:         http://127.0.0.1:54321
H2O_connection_proxy:       {"http": null, "https": null, "colab_language_server": "/usr/colab/bin/language_service"}
H2O_internal_security:      False
Python_version:             3.11.15 final
--------------------------  -----------------------------------------------------------------------------------------

================================================================================
DIAGNÓSTICO DOS DADOS — H2O
================================================================================
X_train: (80000, 39)
X_test : (20000, 39)
y_train: (80000,)
Rótulos ausentes: 0
Distribuição original das classes:
label_binary
Benign       40000
Malicious    40000
Name: count, dtype: int64

Classes após a limpeza:
label_binary
Benign       40000
Malicious    40000
Name: count, dtype: int64

Valores infinitos em X_train: 0
Valores infinitos em X_test : 0
Valores ausentes em X_train: 0
Valores ausentes em X_test: 0

Dados validados para o H2O.
================================================================================

================================================================================
DIAGNÓSTICO DO H2OFRAME
================================================================================
Dimensões do treino H2O:
Linhas=80000, colunas=40
Tipo da coluna-alvo:
enum
Domínio da coluna-alvo:
[['Benign', 'Malicious']]
Coluna-alvo reconhecida corretamente como categórica.
================================================================================

================================================================================
CONFIGURAÇÃO DO H2O AUTOML
================================================================================
TIME_LIMIT: 3600
H2O_MAX_RUNTIME_PER_MODEL: 600
Tempo calculado por modelo: 600
H2O_MAX_MODELS: 20
H2O_NFOLDS: 5
H2O_NTHREADS: 2
H2O_MAX_MEM_SIZE: 12G

22:36:19.312: Project: AutoML_1_20260728_223619
22:36:19.316: Stopping tolerance set by the user: 1.0E-4
22:36:19.347: Stopping tolerance set by the user is < 70% of the recommended default of 0.0035355339059327377, so models may take a long time to converge or may not converge at all.
22:36:19.347: Build control seed: 42
22:36:19.353: training frame: Frame key: AutoML_1_20260728_223619_training_py_1_sid_bb45    cols: 40    rows: 80000  chunks: 6    size: 8058368  checksum: -1268130879553934581
22:36:19.353: validation frame: NULL
22:36:19.353: leaderboard frame: NULL
22:36:19.353: blending frame: NULL
22:36:19.354: response column: label_binary
22:36:19.354: fold column: null
22:36:19.354: weights column: null
22:36:19.428: Loading execution steps: [{XGBoost : [def_2 (1g, 10w), def_1 (2g, 10w), def_3 (3g, 10w), grid_1 (4g, 90w), lr_search (7g, 30w)]}, {GLM : [def_1 (1g, 10w)]}, {DRF : [def_1 (2g, 10w), XRT (3g, 10w)]}, {GBM : [def_5 (1g, 10w), def_2 (2g, 10w), def_3 (2g, 10w), def_4 (2g, 10w), def_1 (3g, 10w), grid_1 (4g, 60w), lr_annealing (7g, 10w)]}, {DeepLearning : [def_1 (3g, 10w), grid_1 (4g, 30w), grid_2 (5g, 30w), grid_3 (5g, 30w)]}, {completion : [resume_best_grids (6g, 60w)]}, {StackedEnsemble : [monotonic (9g, 10w), best_of_family_xglm (10g, 10w), all_xglm (10g, 10w)]}]
22:36:19.490: AutoML job created: 2026.07.28 22:36:19.241
22:36:19.492: AutoML build started: 2026.07.28 22:36:19.491
22:36:19.596: AutoML: starting XGBoost_1_AutoML_1_20260728_223619 model training


22:38:35.116: New leader: XGBoost_1_AutoML_1_20260728_223619, mean_per_class_error: 0.009125
22:38:35.130: AutoML: starting GLM_1_AutoML_1_20260728_223619 model training


22:40:25.194: AutoML: starting GBM_1_AutoML_1_20260728_223619 model training


22:48:02.48: New leader: GBM_1_AutoML_1_20260728_223619, mean_per_class_error: 0.008575000000000001
22:48:02.52: AutoML: starting XGBoost_2_AutoML_1_20260728_223619 model training


22:50:51.990: AutoML: starting DRF_1_AutoML_1_20260728_223619 model training


22:52:49.246: AutoML: starting GBM_2_AutoML_1_20260728_223619 model training


22:57:37.881: AutoML: starting GBM_3_AutoML_1_20260728_223619 model training


23:02:54.653: AutoML: starting GBM_4_AutoML_1_20260728_223619 model training


23:08:10.736: AutoML: starting XGBoost_3_AutoML_1_20260728_223619 model training


23:10:25.342: New leader: XGBoost_3_AutoML_1_20260728_223619, mean_per_class_error: 0.008475
23:10:25.346: AutoML: starting XRT_1_AutoML_1_20260728_223619 model training


23:12:34.230: AutoML: starting GBM_5_AutoML_1_20260728_223619 model training


23:14:57.343: AutoML: starting DeepLearning_1_AutoML_1_20260728_223619 model training


23:16:07.556: AutoML: starting XGBoost_grid_1_AutoML_1_20260728_223619 hyperparameter search


23:21:00.851: New leader: XGBoost_grid_1_AutoML_1_20260728_223619_model_1, mean_per_class_error: 0.008425


23:26:36.103: New leader: XGBoost_grid_1_AutoML_1_20260728_223619_model_2, mean_per_class_error: 0.0084125


23:29:05.774: AutoML: starting GBM_grid_1_AutoML_1_20260728_223619 hyperparameter search


23:34:37.57: AutoML: starting DeepLearning_grid_1_AutoML_1_20260728_223619 hyperparameter search


23:36:20.286: Actual modeling steps: [{XGBoost : [def_2 (1g, 10w)]}, {GLM : [def_1 (1g, 10w)]}, {GBM : [def_5 (1g, 10w)]}, {XGBoost : [def_1 (2g, 10w)]}, {DRF : [def_1 (2g, 10w)]}, {GBM : [def_2 (2g, 10w), def_3 (2g, 10w), def_4 (2g, 10w)]}, {XGBoost : [def_3 (3g, 10w)]}, {DRF : [XRT (3g, 10w)]}, {GBM : [def_1 (3g, 10w)]}, {DeepLearning : [def_1 (3g, 10w)]}, {XGBoost : [grid_1 (4g, 90w)]}, {GBM : [grid_1 (4g, 60w)]}, {DeepLearning : [grid_1 (4g, 30w)]}]
23:36:20.286: AutoML build stopped: 2026.07.28 23:36:20.286
23:36:20.286: AutoML build done: built 17 models
23:36:20.286: AutoML duration:  1:00:00.795

/content/micromamba/envs/ciciot_h2o/lib/python3.11/site-packages/h2o/frame.py:1983: H2ODependencyWarning: Converting H2O frame to pandas dataframe using single-thread.  For faster conversion using multi-thread, install polars and pyarrow and use it as pandas_df = h2o_df.as_data_frame(use_multi_thread=True)

  warnings.warn("Converting H2O frame to pandas dataframe using single-thread.  For faster conversion using"
/content/micromamba/envs/ciciot_h2o/lib/python3.11/site-packages/h2o/frame.py:1983: H2ODependencyWarning: Converting H2O frame to pandas dataframe using single-thread.  For faster conversion using multi-thread, install polars and pyarrow and use it as pandas_df = h2o_df.as_data_frame(use_multi_thread=True)

  warnings.warn("Converting H2O frame to pandas dataframe using single-thread.  For faster conversion using"
H2O session _sid_bb45 closed.
