Collecting numpy==1.26.4
  Downloading numpy-1.26.4-cp311-cp311-manylinux_2_17_x86_64.manylinux2014_x86_64.whl.metadata (61 kB)
Collecting pandas==2.1.4
  Downloading pandas-2.1.4-cp311-cp311-manylinux_2_17_x86_64.manylinux2014_x86_64.whl.metadata (18 kB)
Collecting scikit-learn==1.5.2
  Downloading scikit_learn-1.5.2-cp311-cp311-manylinux_2_17_x86_64.manylinux2014_x86_64.whl.metadata (13 kB)
Collecting matplotlib==3.8.4
  Downloading matplotlib-3.8.4-cp311-cp311-manylinux_2_17_x86_64.manylinux2014_x86_64.whl.metadata (5.8 kB)
Collecting pyarrow==15.0.2
  Downloading pyarrow-15.0.2-cp311-cp311-manylinux_2_28_x86_64.whl.metadata (3.0 kB)
Collecting joblib
  Downloading joblib-1.5.3-py3-none-any.whl.metadata (5.5 kB)
Collecting psutil
  Downloading psutil-7.2.2-cp36-abi3-manylinux2010_x86_64.manylinux_2_12_x86_64.manylinux_2_28_x86_64.whl.metadata (22 kB)
Collecting h2o==3.46.0.11
  Downloading h2o-3.46.0.11-py2.py3-none-any.whl.metadata (2.1 kB)
Collecting python-dateutil>=2.8.2 (from pandas==2.1.4)
  Downloading python_dateutil-2.9.0.post0-py2.py3-none-any.whl.metadata (8.4 kB)
Collecting pytz>=2020.1 (from pandas==2.1.4)
  Downloading pytz-2026.3.post1-py2.py3-none-any.whl.metadata (22 kB)
Collecting tzdata>=2022.1 (from pandas==2.1.4)
  Downloading tzdata-2026.3-py2.py3-none-any.whl.metadata (1.4 kB)
Collecting scipy>=1.6.0 (from scikit-learn==1.5.2)
  Downloading scipy-1.17.1-cp311-cp311-manylinux_2_27_x86_64.manylinux_2_28_x86_64.whl.metadata (62 kB)
Collecting threadpoolctl>=3.1.0 (from scikit-learn==1.5.2)
  Downloading threadpoolctl-3.6.0-py3-none-any.whl.metadata (13 kB)
Collecting contourpy>=1.0.1 (from matplotlib==3.8.4)
  Downloading contourpy-1.3.3-cp311-cp311-manylinux_2_27_x86_64.manylinux_2_28_x86_64.whl.metadata (5.5 kB)
Collecting cycler>=0.10 (from matplotlib==3.8.4)
  Downloading cycler-0.12.1-py3-none-any.whl.metadata (3.8 kB)
Collecting fonttools>=4.22.0 (from matplotlib==3.8.4)
  Downloading fonttools-4.63.0-cp311-cp311-manylinux2014_x86_64.manylinux_2_17_x86_64.whl.metadata (118 kB)
Collecting kiwisolver>=1.3.1 (from matplotlib==3.8.4)
  Downloading kiwisolver-1.5.0-cp311-cp311-manylinux2014_x86_64.manylinux_2_17_x86_64.whl.metadata (5.1 kB)
Requirement already satisfied: packaging>=20.0 in ./micromamba/envs/ciciot_h2o/lib/python3.11/site-packages (from matplotlib==3.8.4) (26.2)
Collecting pillow>=8 (from matplotlib==3.8.4)
  Downloading pillow-12.3.0-cp311-cp311-manylinux_2_27_x86_64.manylinux_2_28_x86_64.whl.metadata (9.1 kB)
Collecting pyparsing>=2.3.1 (from matplotlib==3.8.4)
  Downloading pyparsing-3.3.2-py3-none-any.whl.metadata (5.8 kB)
Collecting requests (from h2o==3.46.0.11)
  Downloading requests-2.34.2-py3-none-any.whl.metadata (4.8 kB)
Collecting tabulate (from h2o==3.46.0.11)
  Downloading tabulate-0.10.0-py3-none-any.whl.metadata (40 kB)
Collecting six>=1.5 (from python-dateutil>=2.8.2->pandas==2.1.4)
  Downloading six-1.17.0-py2.py3-none-any.whl.metadata (1.7 kB)
Collecting charset_normalizer<4,>=2 (from requests->h2o==3.46.0.11)
  Downloading charset_normalizer-3.4.9-cp311-cp311-manylinux2014_x86_64.manylinux_2_17_x86_64.manylinux_2_28_x86_64.whl.metadata (41 kB)
Collecting idna<4,>=2.5 (from requests->h2o==3.46.0.11)
  Downloading idna-3.18-py3-none-any.whl.metadata (6.1 kB)
Collecting urllib3<3,>=1.26 (from requests->h2o==3.46.0.11)
  Downloading urllib3-2.7.0-py3-none-any.whl.metadata (6.9 kB)
Collecting certifi>=2023.5.7 (from requests->h2o==3.46.0.11)
  Downloading certifi-2026.7.22-py3-none-any.whl.metadata (2.5 kB)
Downloading numpy-1.26.4-cp311-cp311-manylinux_2_17_x86_64.manylinux2014_x86_64.whl (18.3 MB)
   ━━━━━━━━━━━━━━━━━━━━━━━━━━━━━━━━━━━━━━━━ 18.3/18.3 MB 76.4 MB/s  0:00:00
Downloading pandas-2.1.4-cp311-cp311-manylinux_2_17_x86_64.manylinux2014_x86_64.whl (12.2 MB)
   ━━━━━━━━━━━━━━━━━━━━━━━━━━━━━━━━━━━━━━━━ 12.2/12.2 MB 269.5 MB/s  0:00:00
Downloading scikit_learn-1.5.2-cp311-cp311-manylinux_2_17_x86_64.manylinux2014_x86_64.whl (13.3 MB)
   ━━━━━━━━━━━━━━━━━━━━━━━━━━━━━━━━━━━━━━━━ 13.3/13.3 MB 352.0 MB/s  0:00:00
Downloading matplotlib-3.8.4-cp311-cp311-manylinux_2_17_x86_64.manylinux2014_x86_64.whl (11.6 MB)
   ━━━━━━━━━━━━━━━━━━━━━━━━━━━━━━━━━━━━━━━━ 11.6/11.6 MB 366.0 MB/s  0:00:00
Downloading pyarrow-15.0.2-cp311-cp311-manylinux_2_28_x86_64.whl (38.3 MB)
   ━━━━━━━━━━━━━━━━━━━━━━━━━━━━━━━━━━━━━━━━ 38.3/38.3 MB 172.8 MB/s  0:00:00
Downloading h2o-3.46.0.11-py2.py3-none-any.whl (266.4 MB)
   ━━━━━━━━━━━━━━━━━━━━━━━━━━━━━━━━━━━━━━━━ 266.4/266.4 MB 162.9 MB/s  0:00:01
Downloading joblib-1.5.3-py3-none-any.whl (309 kB)
Downloading psutil-7.2.2-cp36-abi3-manylinux2010_x86_64.manylinux_2_12_x86_64.manylinux_2_28_x86_64.whl (155 kB)
Downloading contourpy-1.3.3-cp311-cp311-manylinux_2_27_x86_64.manylinux_2_28_x86_64.whl (355 kB)
Downloading cycler-0.12.1-py3-none-any.whl (8.3 kB)
Downloading fonttools-4.63.0-cp311-cp311-manylinux2014_x86_64.manylinux_2_17_x86_64.whl (5.1 MB)
   ━━━━━━━━━━━━━━━━━━━━━━━━━━━━━━━━━━━━━━━━ 5.1/5.1 MB 153.6 MB/s  0:00:00
Downloading kiwisolver-1.5.0-cp311-cp311-manylinux2014_x86_64.manylinux_2_17_x86_64.whl (1.4 MB)
   ━━━━━━━━━━━━━━━━━━━━━━━━━━━━━━━━━━━━━━━━ 1.4/1.4 MB 257.0 MB/s  0:00:00
Downloading pillow-12.3.0-cp311-cp311-manylinux_2_27_x86_64.manylinux_2_28_x86_64.whl (6.9 MB)
   ━━━━━━━━━━━━━━━━━━━━━━━━━━━━━━━━━━━━━━━━ 6.9/6.9 MB 223.6 MB/s  0:00:00
Downloading pyparsing-3.3.2-py3-none-any.whl (122 kB)
Downloading python_dateutil-2.9.0.post0-py2.py3-none-any.whl (229 kB)
Downloading pytz-2026.3.post1-py2.py3-none-any.whl (508 kB)
Downloading scipy-1.17.1-cp311-cp311-manylinux_2_27_x86_64.manylinux_2_28_x86_64.whl (35.3 MB)
   ━━━━━━━━━━━━━━━━━━━━━━━━━━━━━━━━━━━━━━━━ 35.3/35.3 MB 200.9 MB/s  0:00:00
Downloading six-1.17.0-py2.py3-none-any.whl (11 kB)
Downloading threadpoolctl-3.6.0-py3-none-any.whl (18 kB)
Downloading tzdata-2026.3-py2.py3-none-any.whl (348 kB)
Downloading requests-2.34.2-py3-none-any.whl (73 kB)
Downloading charset_normalizer-3.4.9-cp311-cp311-manylinux2014_x86_64.manylinux_2_17_x86_64.manylinux_2_28_x86_64.whl (221 kB)
Downloading idna-3.18-py3-none-any.whl (65 kB)
Downloading urllib3-2.7.0-py3-none-any.whl (131 kB)
Downloading certifi-2026.7.22-py3-none-any.whl (136 kB)
Downloading tabulate-0.10.0-py3-none-any.whl (39 kB)
Installing collected packages: pytz, urllib3, tzdata, threadpoolctl, tabulate, six, pyparsing, psutil, pillow, numpy, kiwisolver, joblib, idna, fonttools, cycler, charset_normalizer, certifi, scipy, requests, python-dateutil, pyarrow, contourpy, scikit-learn, pandas, matplotlib, h2o

Successfully installed certifi-2026.7.22 charset_normalizer-3.4.9 contourpy-1.3.3 cycler-0.12.1 fonttools-4.63.0 h2o-3.46.0.11 idna-3.18 joblib-1.5.3 kiwisolver-1.5.0 matplotlib-3.8.4 numpy-1.26.4 pandas-2.1.4 pillow-12.3.0 psutil-7.2.2 pyarrow-15.0.2 pyparsing-3.3.2 python-dateutil-2.9.0.post0 pytz-2026.3.post1 requests-2.34.2 scikit-learn-1.5.2 scipy-1.17.1 six-1.17.0 tabulate-0.10.0 threadpoolctl-3.6.0 tzdata-2026.3 urllib3-2.7.0
