Using Cached Shard Index for conda-forge/linux-64                                                   ✔ Done
Using Cached Shard Index for conda-forge/noarch                                                     ✔ Done
Fetching and Parsing Packages' Shards                                                           ⧖ Starting
Fetching and Parsing Packages' Shards                                                     ✔ Done (0.4 sec)

Resolving Environment                                                                           ⧖ Starting
Resolving Environment                                                                     ✔ Done (0.3 sec)

Transaction

  Prefix: /content/micromamba/envs/ciciot_lazypredict

  Updating specs:

   - python=3.11
   - pip


  Package               Version  Build                 Channel           Size
───────────────────────────────────────────────────────────────────────────────
  Install:
───────────────────────────────────────────────────────────────────────────────

  + _openmp_mutex           4.5  20_gnu                conda-forge     Cached
  + bzip2                 1.0.8  hda65f42_9            conda-forge     Cached
  + ca-certificates   2026.7.22  hbd8a1cb_0            conda-forge     Cached
  + icu                    78.3  h54a6638_2            conda-forge     Cached
  + ld_impl_linux-64     2.46.1  default_hbd61a6d_102  conda-forge     Cached
  + libexpat              2.8.1  hecca717_1            conda-forge     Cached
  + libffi                3.5.2  h3435931_0            conda-forge     Cached
  + libgcc               15.2.0  he0feb66_20           conda-forge     Cached
  + libgcc-ng            15.2.0  h69a702a_20           conda-forge     Cached
  + libgomp              15.2.0  he0feb66_20           conda-forge     Cached
  + liblzma               5.8.3  hb03c661_0            conda-forge     Cached
  + libnsl                2.0.1  hb9d3cd8_1            conda-forge     Cached
  + libsqlite            3.53.4  hf4e2dac_0            conda-forge     Cached
  + libstdcxx            15.2.0  h934c35e_20           conda-forge     Cached
  + libuuid              2.42.2  h5347b49_0            conda-forge     Cached
  + libxcrypt            4.4.36  hd590300_1            conda-forge     Cached
  + libzlib               1.3.2  h25fd6f3_2            conda-forge     Cached
  + ncurses                 6.6  hdb14827_0            conda-forge     Cached
  + openssl               3.6.3  h35e630c_0            conda-forge     Cached
  + packaging              26.2  pyhc364b38_0          conda-forge     Cached
  + pip                  26.1.2  pyh8b19718_0          conda-forge     Cached
  + python              3.11.15  h7508c33_1_cpython    conda-forge     Cached
  + readline                8.3  h853b02a_0            conda-forge     Cached
  + setuptools           83.0.0  pyh332efcf_0          conda-forge     Cached
  + tk                   8.6.13  noxft_hd70dff1_3      conda-forge     Cached
  + tzdata                2026c  h151e31d_0            conda-forge     Cached
  + wheel                0.47.0  pyhd8ed1ab_0          conda-forge     Cached
  + zstd                  1.5.7  hb78ec9c_6            conda-forge     Cached

  Summary:

  Install: 28 packages

  Total download: 0 B

───────────────────────────────────────────────────────────────────────────────



Transaction starting
Linking libzlib-1.3.2-h25fd6f3_2
Linking libgomp-15.2.0-he0feb66_20
Linking zstd-1.5.7-hb78ec9c_6
Linking _openmp_mutex-4.5-20_gnu
Linking ld_impl_linux-64-2.46.1-default_hbd61a6d_102
Linking libgcc-15.2.0-he0feb66_20
Linking libstdcxx-15.2.0-h934c35e_20
Linking libffi-3.5.2-h3435931_0
Linking tk-8.6.13-noxft_hd70dff1_3
Linking bzip2-1.0.8-hda65f42_9
Linking libnsl-2.0.1-hb9d3cd8_1
Linking libexpat-2.8.1-hecca717_1
Linking libuuid-2.42.2-h5347b49_0
Linking libgcc-ng-15.2.0-h69a702a_20
Linking liblzma-5.8.3-hb03c661_0
Linking ncurses-6.6-hdb14827_0
Linking icu-78.3-h54a6638_2
Linking libxcrypt-4.4.36-hd590300_1
Linking readline-8.3-h853b02a_0
Linking libsqlite-3.53.4-hf4e2dac_0
Linking tzdata-2026c-h151e31d_0
Linking ca-certificates-2026.7.22-hbd8a1cb_0
Linking openssl-3.6.3-h35e630c_0
Linking python-3.11.15-h7508c33_1_cpython
Linking packaging-26.2-pyhc364b38_0
Linking setuptools-83.0.0-pyh332efcf_0
Linking wheel-0.47.0-pyhd8ed1ab_0
Linking pip-26.1.2-pyh8b19718_0

Transaction finished


To activate this environment, use:

    micromamba activate ciciot_lazypredict

Or to execute a single command in this environment, use:

    micromamba run -n ciciot_lazypredict mycommand

