Collecting ConfigSpace==0.5.0
  Downloading ConfigSpace-0.5.0-cp38-cp38-manylinux_2_17_x86_64.manylinux2014_x86_64.whl.metadata (2.8 kB)
Collecting smac==1.3.4
  Downloading smac-1.3.4.tar.gz (168 kB)
     ━━━━━━━━━━━━━━━━━━━━━━━━━━━━━━━━━━━━━━━ 168.2/168.2 kB 1.6 MB/s eta 0:00:00
  Preparing metadata (pyproject.toml): started
  Preparing metadata (pyproject.toml): finished with status 'done'
Collecting pynisher==0.6.4
  Downloading pynisher-0.6.4.tar.gz (11 kB)
  Preparing metadata (setup.py): started
  Preparing metadata (setup.py): finished with status 'done'
Collecting pyrfr==0.8.3
  Downloading pyrfr-0.8.3-cp38-cp38-manylinux_2_17_x86_64.manylinux2014_x86_64.whl.metadata (601 bytes)
Collecting flaky==3.8.1
  Downloading flaky-3.8.1-py2.py3-none-any.whl.metadata (7.4 kB)
Requirement already satisfied: numpy in ./micromamba/envs/ciciot_autopytorch/lib/python3.8/site-packages (from ConfigSpace==0.5.0) (1.23.5)
Requirement already satisfied: cython in ./micromamba/envs/ciciot_autopytorch/lib/python3.8/site-packages (from ConfigSpace==0.5.0) (0.29.36)
Requirement already satisfied: pyparsing in ./micromamba/envs/ciciot_autopytorch/lib/python3.8/site-packages (from ConfigSpace==0.5.0) (3.1.4)
Requirement already satisfied: scipy in ./micromamba/envs/ciciot_autopytorch/lib/python3.8/site-packages (from ConfigSpace==0.5.0) (1.9.3)
Requirement already satisfied: psutil in ./micromamba/envs/ciciot_autopytorch/lib/python3.8/site-packages (from smac==1.3.4) (6.0.0)
Requirement already satisfied: joblib in ./micromamba/envs/ciciot_autopytorch/lib/python3.8/site-packages (from smac==1.3.4) (1.4.2)
Requirement already satisfied: scikit-learn>=0.22.0 in ./micromamba/envs/ciciot_autopytorch/lib/python3.8/site-packages (from smac==1.3.4) (0.24.2)
Collecting dask (from smac==1.3.4)
  Downloading dask-2023.5.0-py3-none-any.whl.metadata (3.6 kB)
Collecting distributed (from smac==1.3.4)
  Downloading distributed-2023.5.0-py3-none-any.whl.metadata (3.4 kB)
Collecting emcee>=3.0.0 (from smac==1.3.4)
  Downloading emcee-3.1.6-py2.py3-none-any.whl.metadata (3.0 kB)
Requirement already satisfied: setuptools in ./micromamba/envs/ciciot_autopytorch/lib/python3.8/site-packages (from pynisher==0.6.4) (68.2.2)
Requirement already satisfied: threadpoolctl>=2.0.0 in ./micromamba/envs/ciciot_autopytorch/lib/python3.8/site-packages (from scikit-learn>=0.22.0->smac==1.3.4) (3.5.0)
Collecting click>=8.0 (from dask->smac==1.3.4)
  Downloading click-8.1.8-py3-none-any.whl.metadata (2.3 kB)
Collecting cloudpickle>=1.5.0 (from dask->smac==1.3.4)
  Downloading cloudpickle-3.1.2-py3-none-any.whl.metadata (7.1 kB)
Collecting fsspec>=2021.09.0 (from dask->smac==1.3.4)
  Downloading fsspec-2025.3.0-py3-none-any.whl.metadata (11 kB)
Requirement already satisfied: packaging>=20.0 in ./micromamba/envs/ciciot_autopytorch/lib/python3.8/site-packages (from dask->smac==1.3.4) (26.2)
Collecting partd>=1.2.0 (from dask->smac==1.3.4)
  Downloading partd-1.4.1-py3-none-any.whl.metadata (4.6 kB)
Collecting pyyaml>=5.3.1 (from dask->smac==1.3.4)
  Downloading PyYAML-6.0.3-cp38-cp38-manylinux2014_x86_64.manylinux_2_17_x86_64.manylinux_2_28_x86_64.whl.metadata (2.1 kB)
Collecting toolz>=0.10.0 (from dask->smac==1.3.4)
  Downloading toolz-1.0.0-py3-none-any.whl.metadata (5.1 kB)
Collecting importlib-metadata>=4.13.0 (from dask->smac==1.3.4)
  Downloading importlib_metadata-8.5.0-py3-none-any.whl.metadata (4.8 kB)
Collecting jinja2>=2.10.3 (from distributed->smac==1.3.4)
  Downloading jinja2-3.1.6-py3-none-any.whl.metadata (2.9 kB)
Collecting locket>=1.0.0 (from distributed->smac==1.3.4)
  Downloading locket-1.0.0-py2.py3-none-any.whl.metadata (2.8 kB)
Collecting msgpack>=1.0.0 (from distributed->smac==1.3.4)
  Downloading msgpack-1.1.1-cp38-cp38-manylinux_2_17_x86_64.manylinux2014_x86_64.whl.metadata (8.3 kB)
Collecting sortedcontainers>=2.0.5 (from distributed->smac==1.3.4)
  Downloading sortedcontainers-2.4.0-py2.py3-none-any.whl.metadata (10 kB)
Collecting tblib>=1.6.0 (from distributed->smac==1.3.4)
  Downloading tblib-3.0.0-py3-none-any.whl.metadata (25 kB)
Requirement already satisfied: tornado>=6.0.3 in ./micromamba/envs/ciciot_autopytorch/lib/python3.8/site-packages (from distributed->smac==1.3.4) (6.4.1)
Requirement already satisfied: urllib3>=1.24.3 in ./micromamba/envs/ciciot_autopytorch/lib/python3.8/site-packages (from distributed->smac==1.3.4) (2.2.3)
Collecting zict>=2.2.0 (from distributed->smac==1.3.4)
  Downloading zict-3.0.0-py2.py3-none-any.whl.metadata (899 bytes)
Requirement already satisfied: zipp>=3.20 in ./micromamba/envs/ciciot_autopytorch/lib/python3.8/site-packages (from importlib-metadata>=4.13.0->dask->smac==1.3.4) (3.21.0)
Collecting MarkupSafe>=2.0 (from jinja2>=2.10.3->distributed->smac==1.3.4)
  Downloading MarkupSafe-2.1.5-cp38-cp38-manylinux_2_17_x86_64.manylinux2014_x86_64.whl.metadata (3.0 kB)
Downloading ConfigSpace-0.5.0-cp38-cp38-manylinux_2_17_x86_64.manylinux2014_x86_64.whl (5.4 MB)
   ━━━━━━━━━━━━━━━━━━━━━━━━━━━━━━━━━━━━━━━━ 5.4/5.4 MB 13.2 MB/s eta 0:00:00
Downloading pyrfr-0.8.3-cp38-cp38-manylinux_2_17_x86_64.manylinux2014_x86_64.whl (4.4 MB)
   ━━━━━━━━━━━━━━━━━━━━━━━━━━━━━━━━━━━━━━━━ 4.4/4.4 MB 34.5 MB/s eta 0:00:00
Downloading flaky-3.8.1-py2.py3-none-any.whl (19 kB)
Downloading emcee-3.1.6-py2.py3-none-any.whl (47 kB)
   ━━━━━━━━━━━━━━━━━━━━━━━━━━━━━━━━━━━━━━━━ 47.4/47.4 kB 194.7 MB/s eta 0:00:00
Downloading dask-2023.5.0-py3-none-any.whl (1.2 MB)
   ━━━━━━━━━━━━━━━━━━━━━━━━━━━━━━━━━━━━━━━━ 1.2/1.2 MB 47.8 MB/s eta 0:00:00
Downloading distributed-2023.5.0-py3-none-any.whl (966 kB)
   ━━━━━━━━━━━━━━━━━━━━━━━━━━━━━━━━━━━━━━━━ 966.6/966.6 kB 59.0 MB/s eta 0:00:00
Downloading click-8.1.8-py3-none-any.whl (98 kB)
   ━━━━━━━━━━━━━━━━━━━━━━━━━━━━━━━━━━━━━━━━ 98.2/98.2 kB 250.5 MB/s eta 0:00:00
Downloading cloudpickle-3.1.2-py3-none-any.whl (22 kB)
Downloading fsspec-2025.3.0-py3-none-any.whl (193 kB)
   ━━━━━━━━━━━━━━━━━━━━━━━━━━━━━━━━━━━━━━━ 193.6/193.6 kB 267.7 MB/s eta 0:00:00
Downloading importlib_metadata-8.5.0-py3-none-any.whl (26 kB)
Downloading jinja2-3.1.6-py3-none-any.whl (134 kB)
   ━━━━━━━━━━━━━━━━━━━━━━━━━━━━━━━━━━━━━━━ 134.9/134.9 kB 256.4 MB/s eta 0:00:00
Downloading locket-1.0.0-py2.py3-none-any.whl (4.4 kB)
Downloading msgpack-1.1.1-cp38-cp38-manylinux_2_17_x86_64.manylinux2014_x86_64.whl (413 kB)
   ━━━━━━━━━━━━━━━━━━━━━━━━━━━━━━━━━━━━━━━ 413.8/413.8 kB 145.9 MB/s eta 0:00:00
Downloading partd-1.4.1-py3-none-any.whl (18 kB)
Downloading PyYAML-6.0.3-cp38-cp38-manylinux2014_x86_64.manylinux_2_17_x86_64.manylinux_2_28_x86_64.whl (806 kB)
   ━━━━━━━━━━━━━━━━━━━━━━━━━━━━━━━━━━━━━━━━ 806.0/806.0 kB 62.5 MB/s eta 0:00:00
Downloading sortedcontainers-2.4.0-py2.py3-none-any.whl (29 kB)
Downloading tblib-3.0.0-py3-none-any.whl (12 kB)
Downloading toolz-1.0.0-py3-none-any.whl (56 kB)
   ━━━━━━━━━━━━━━━━━━━━━━━━━━━━━━━━━━━━━━━━ 56.4/56.4 kB 162.7 MB/s eta 0:00:00
Downloading zict-3.0.0-py2.py3-none-any.whl (43 kB)
   ━━━━━━━━━━━━━━━━━━━━━━━━━━━━━━━━━━━━━━━━ 43.3/43.3 kB 191.6 MB/s eta 0:00:00
Downloading MarkupSafe-2.1.5-cp38-cp38-manylinux_2_17_x86_64.manylinux2014_x86_64.whl (26 kB)
Building wheels for collected packages: smac, pynisher
  Building wheel for smac (pyproject.toml): started
  Building wheel for smac (pyproject.toml): finished with status 'done'
  Created wheel for smac: filename=smac-1.3.4-py3-none-any.whl size=218010 sha256=6c3c3c0187bea59aad331688ca8ad1e5c0cf190184b696aafe58aa889a7b3b89
  Stored in directory: /tmp/pip-ephem-wheel-cache-cuebxssx/wheels/11/66/77/b603bf7144592daa0fa82f4e0b423fd1875965a6bc235cb4e4
  Building wheel for pynisher (setup.py): started
  Building wheel for pynisher (setup.py): finished with status 'done'
  Created wheel for pynisher: filename=pynisher-0.6.4-py3-none-any.whl size=7026 sha256=94d735d8de20bf38d7b8b7f2010d399e3006c2d93c625d9e3fff58099c5f6c8f
  Stored in directory: /tmp/pip-ephem-wheel-cache-cuebxssx/wheels/a7/0b/c3/169e35bcd72f20d0d5e24c37dd2dff8282cc16c06df9762ff5
Successfully built smac pynisher
Installing collected packages: sortedcontainers, zict, toolz, tblib, pyyaml, pyrfr, pynisher, msgpack, MarkupSafe, locket, importlib-metadata, fsspec, flaky, emcee, cloudpickle, click, partd, jinja2, ConfigSpace, dask, distributed, smac
Successfully installed ConfigSpace-0.5.0 MarkupSafe-2.1.5 click-8.1.8 cloudpickle-3.1.2 dask-2023.5.0 distributed-2023.5.0 emcee-3.1.6 flaky-3.8.1 fsspec-2025.3.0 importlib-metadata-8.5.0 jinja2-3.1.6 locket-1.0.0 msgpack-1.1.1 partd-1.4.1 pynisher-0.6.4 pyrfr-0.8.3 pyyaml-6.0.3 smac-1.3.4 sortedcontainers-2.4.0 tblib-3.0.0 toolz-1.0.0 zict-3.0.0
