Collecting numpy==1.26.4
  Downloading numpy-1.26.4-cp311-cp311-manylinux_2_17_x86_64.manylinux2014_x86_64.whl.metadata (61 kB)
Collecting pandas==2.1.4
  Downloading pandas-2.1.4-cp311-cp311-manylinux_2_17_x86_64.manylinux2014_x86_64.whl.metadata (18 kB)
Collecting scikit-learn==1.5.2
  Downloading scikit_learn-1.5.2-cp311-cp311-manylinux_2_17_x86_64.manylinux2014_x86_64.whl.metadata (13 kB)
Collecting matplotlib==3.8.4
  Downloading matplotlib-3.8.4-cp311-cp311-manylinux_2_17_x86_64.manylinux2014_x86_64.whl.metadata (5.8 kB)
Collecting pyarrow==15.0.2
  Downloading pyarrow-15.0.2-cp311-cp311-manylinux_2_28_x86_64.whl.metadata (3.0 kB)
Collecting joblib
  Downloading joblib-1.5.3-py3-none-any.whl.metadata (5.5 kB)
Collecting psutil
  Downloading psutil-7.2.2-cp36-abi3-manylinux2010_x86_64.manylinux_2_12_x86_64.manylinux_2_28_x86_64.whl.metadata (22 kB)
Collecting tensorflow==2.20.0
  Downloading tensorflow-2.20.0-cp311-cp311-manylinux_2_17_x86_64.manylinux2014_x86_64.whl.metadata (4.5 kB)
Collecting keras-tuner==1.4.7
  Downloading keras_tuner-1.4.7-py3-none-any.whl.metadata (5.4 kB)
Collecting autokeras==3.0.0
  Downloading autokeras-3.0.0-py3-none-any.whl.metadata (5.6 kB)
Collecting python-dateutil>=2.8.2 (from pandas==2.1.4)
  Downloading python_dateutil-2.9.0.post0-py2.py3-none-any.whl.metadata (8.4 kB)
Collecting pytz>=2020.1 (from pandas==2.1.4)
  Downloading pytz-2026.3.post1-py2.py3-none-any.whl.metadata (22 kB)
Collecting tzdata>=2022.1 (from pandas==2.1.4)
  Downloading tzdata-2026.3-py2.py3-none-any.whl.metadata (1.4 kB)
Collecting scipy>=1.6.0 (from scikit-learn==1.5.2)
  Downloading scipy-1.17.1-cp311-cp311-manylinux_2_27_x86_64.manylinux_2_28_x86_64.whl.metadata (62 kB)
Collecting threadpoolctl>=3.1.0 (from scikit-learn==1.5.2)
  Downloading threadpoolctl-3.6.0-py3-none-any.whl.metadata (13 kB)
Collecting contourpy>=1.0.1 (from matplotlib==3.8.4)
  Downloading contourpy-1.3.3-cp311-cp311-manylinux_2_27_x86_64.manylinux_2_28_x86_64.whl.metadata (5.5 kB)
Collecting cycler>=0.10 (from matplotlib==3.8.4)
  Downloading cycler-0.12.1-py3-none-any.whl.metadata (3.8 kB)
Collecting fonttools>=4.22.0 (from matplotlib==3.8.4)
  Downloading fonttools-4.63.0-cp311-cp311-manylinux2014_x86_64.manylinux_2_17_x86_64.whl.metadata (118 kB)
Collecting kiwisolver>=1.3.1 (from matplotlib==3.8.4)
  Downloading kiwisolver-1.5.0-cp311-cp311-manylinux2014_x86_64.manylinux_2_17_x86_64.whl.metadata (5.1 kB)
Requirement already satisfied: packaging>=20.0 in ./micromamba/envs/ciciot_autokeras/lib/python3.11/site-packages (from matplotlib==3.8.4) (26.2)
Collecting pillow>=8 (from matplotlib==3.8.4)
  Downloading pillow-12.3.0-cp311-cp311-manylinux_2_27_x86_64.manylinux_2_28_x86_64.whl.metadata (9.1 kB)
Collecting pyparsing>=2.3.1 (from matplotlib==3.8.4)
  Downloading pyparsing-3.3.2-py3-none-any.whl.metadata (5.8 kB)
Collecting absl-py>=1.0.0 (from tensorflow==2.20.0)
  Downloading absl_py-2.5.0-py3-none-any.whl.metadata (3.3 kB)
Collecting astunparse>=1.6.0 (from tensorflow==2.20.0)
  Downloading astunparse-1.6.3-py2.py3-none-any.whl.metadata (4.4 kB)
Collecting flatbuffers>=24.3.25 (from tensorflow==2.20.0)
  Downloading flatbuffers-25.12.19-py2.py3-none-any.whl.metadata (1.0 kB)
Collecting gast!=0.5.0,!=0.5.1,!=0.5.2,>=0.2.1 (from tensorflow==2.20.0)
  Downloading gast-0.7.0-py3-none-any.whl.metadata (1.5 kB)
Collecting google_pasta>=0.1.1 (from tensorflow==2.20.0)
  Downloading google_pasta-0.2.0-py3-none-any.whl.metadata (814 bytes)
Collecting libclang>=13.0.0 (from tensorflow==2.20.0)
  Downloading libclang-18.1.1-py2.py3-none-manylinux2010_x86_64.whl.metadata (5.2 kB)
Collecting opt_einsum>=2.3.2 (from tensorflow==2.20.0)
  Downloading opt_einsum-3.4.0-py3-none-any.whl.metadata (6.3 kB)
Collecting protobuf>=5.28.0 (from tensorflow==2.20.0)
  Downloading protobuf-7.35.1-cp310-abi3-manylinux2014_x86_64.whl.metadata (595 bytes)
Collecting requests<3,>=2.21.0 (from tensorflow==2.20.0)
  Downloading requests-2.34.2-py3-none-any.whl.metadata (4.8 kB)
Requirement already satisfied: setuptools in ./micromamba/envs/ciciot_autokeras/lib/python3.11/site-packages (from tensorflow==2.20.0) (83.0.0)
Collecting six>=1.12.0 (from tensorflow==2.20.0)
  Downloading six-1.17.0-py2.py3-none-any.whl.metadata (1.7 kB)
Collecting termcolor>=1.1.0 (from tensorflow==2.20.0)
  Downloading termcolor-3.3.0-py3-none-any.whl.metadata (6.5 kB)
Collecting typing_extensions>=3.6.6 (from tensorflow==2.20.0)
  Downloading typing_extensions-4.16.0-py3-none-any.whl.metadata (3.3 kB)
Collecting wrapt>=1.11.0 (from tensorflow==2.20.0)
  Downloading wrapt-2.3.0-cp311-cp311-manylinux1_x86_64.manylinux_2_28_x86_64.manylinux_2_5_x86_64.whl.metadata (7.4 kB)
Collecting grpcio<2.0,>=1.24.3 (from tensorflow==2.20.0)
  Downloading grpcio-1.83.0-cp311-cp311-manylinux2014_x86_64.manylinux_2_17_x86_64.whl.metadata (3.7 kB)
Collecting tensorboard~=2.20.0 (from tensorflow==2.20.0)
  Downloading tensorboard-2.20.0-py3-none-any.whl.metadata (1.8 kB)
Collecting keras>=3.10.0 (from tensorflow==2.20.0)
  Downloading keras-3.15.0-py3-none-any.whl.metadata (6.3 kB)
Collecting h5py>=3.11.0 (from tensorflow==2.20.0)
  Downloading h5py-3.16.0-cp311-cp311-manylinux_2_28_x86_64.whl.metadata (3.0 kB)
Collecting ml_dtypes<1.0.0,>=0.5.1 (from tensorflow==2.20.0)
  Downloading ml_dtypes-0.5.4-cp311-cp311-manylinux_2_27_x86_64.manylinux_2_28_x86_64.whl.metadata (8.9 kB)
Collecting kt-legacy (from keras-tuner==1.4.7)
  Downloading kt_legacy-1.0.5-py3-none-any.whl.metadata (221 bytes)
Collecting dm-tree (from autokeras==3.0.0)
  Downloading dm_tree-0.1.10-cp311-cp311-manylinux_2_24_x86_64.manylinux_2_28_x86_64.whl.metadata (2.6 kB)
Collecting charset_normalizer<4,>=2 (from requests<3,>=2.21.0->tensorflow==2.20.0)
  Downloading charset_normalizer-3.4.9-cp311-cp311-manylinux2014_x86_64.manylinux_2_17_x86_64.manylinux_2_28_x86_64.whl.metadata (41 kB)
Collecting idna<4,>=2.5 (from requests<3,>=2.21.0->tensorflow==2.20.0)
  Downloading idna-3.18-py3-none-any.whl.metadata (6.1 kB)
Collecting urllib3<3,>=1.26 (from requests<3,>=2.21.0->tensorflow==2.20.0)
  Downloading urllib3-2.7.0-py3-none-any.whl.metadata (6.9 kB)
Collecting certifi>=2023.5.7 (from requests<3,>=2.21.0->tensorflow==2.20.0)
  Downloading certifi-2026.7.22-py3-none-any.whl.metadata (2.5 kB)
Collecting markdown>=2.6.8 (from tensorboard~=2.20.0->tensorflow==2.20.0)
  Downloading markdown-3.10.2-py3-none-any.whl.metadata (5.1 kB)
Collecting tensorboard-data-server<0.8.0,>=0.7.0 (from tensorboard~=2.20.0->tensorflow==2.20.0)
  Downloading tensorboard_data_server-0.7.2-py3-none-manylinux_2_31_x86_64.whl.metadata (1.1 kB)
Collecting werkzeug>=1.0.1 (from tensorboard~=2.20.0->tensorflow==2.20.0)
  Downloading werkzeug-3.1.8-py3-none-any.whl.metadata (4.0 kB)
Requirement already satisfied: wheel<1.0,>=0.23.0 in ./micromamba/envs/ciciot_autokeras/lib/python3.11/site-packages (from astunparse>=1.6.0->tensorflow==2.20.0) (0.47.0)
Collecting rich (from keras>=3.10.0->tensorflow==2.20.0)
  Downloading rich-15.0.0-py3-none-any.whl.metadata (18 kB)
Collecting namex (from keras>=3.10.0->tensorflow==2.20.0)
  Downloading namex-0.1.0-py3-none-any.whl.metadata (322 bytes)
Collecting optree (from keras>=3.10.0->tensorflow==2.20.0)
  Downloading optree-0.19.1-cp311-cp311-manylinux_2_27_x86_64.manylinux_2_28_x86_64.whl.metadata (32 kB)
Collecting markupsafe>=2.1.1 (from werkzeug>=1.0.1->tensorboard~=2.20.0->tensorflow==2.20.0)
  Downloading markupsafe-3.0.3-cp311-cp311-manylinux2014_x86_64.manylinux_2_17_x86_64.manylinux_2_28_x86_64.whl.metadata (2.7 kB)
Collecting attrs>=18.2.0 (from dm-tree->autokeras==3.0.0)
  Downloading attrs-26.1.0-py3-none-any.whl.metadata (8.8 kB)
Collecting markdown-it-py>=2.2.0 (from rich->keras>=3.10.0->tensorflow==2.20.0)
  Downloading markdown_it_py-4.2.0-py3-none-any.whl.metadata (7.4 kB)
Collecting pygments<3.0.0,>=2.13.0 (from rich->keras>=3.10.0->tensorflow==2.20.0)
  Downloading pygments-2.20.0-py3-none-any.whl.metadata (2.5 kB)
Collecting mdurl~=0.1 (from markdown-it-py>=2.2.0->rich->keras>=3.10.0->tensorflow==2.20.0)
  Downloading mdurl-0.1.2-py3-none-any.whl.metadata (1.6 kB)
Downloading numpy-1.26.4-cp311-cp311-manylinux_2_17_x86_64.manylinux2014_x86_64.whl (18.3 MB)
   ━━━━━━━━━━━━━━━━━━━━━━━━━━━━━━━━━━━━━━━━ 18.3/18.3 MB 230.8 MB/s  0:00:00
Downloading pandas-2.1.4-cp311-cp311-manylinux_2_17_x86_64.manylinux2014_x86_64.whl (12.2 MB)
   ━━━━━━━━━━━━━━━━━━━━━━━━━━━━━━━━━━━━━━━━ 12.2/12.2 MB 302.4 MB/s  0:00:00
Downloading scikit_learn-1.5.2-cp311-cp311-manylinux_2_17_x86_64.manylinux2014_x86_64.whl (13.3 MB)
   ━━━━━━━━━━━━━━━━━━━━━━━━━━━━━━━━━━━━━━━━ 13.3/13.3 MB 226.0 MB/s  0:00:00
Downloading matplotlib-3.8.4-cp311-cp311-manylinux_2_17_x86_64.manylinux2014_x86_64.whl (11.6 MB)
   ━━━━━━━━━━━━━━━━━━━━━━━━━━━━━━━━━━━━━━━━ 11.6/11.6 MB 214.9 MB/s  0:00:00
Downloading pyarrow-15.0.2-cp311-cp311-manylinux_2_28_x86_64.whl (38.3 MB)
   ━━━━━━━━━━━━━━━━━━━━━━━━━━━━━━━━━━━━━━━━ 38.3/38.3 MB 211.2 MB/s  0:00:00
Downloading tensorflow-2.20.0-cp311-cp311-manylinux_2_17_x86_64.manylinux2014_x86_64.whl (620.6 MB)
   ━━━━━━━━━━━━━━━━━━━━━━━━━━━━━━━━━━━━━━━━ 620.6/620.6 MB 61.9 MB/s  0:00:06
Downloading keras_tuner-1.4.7-py3-none-any.whl (129 kB)
Downloading autokeras-3.0.0-py3-none-any.whl (124 kB)
Downloading grpcio-1.83.0-cp311-cp311-manylinux2014_x86_64.manylinux_2_17_x86_64.whl (7.1 MB)
   ━━━━━━━━━━━━━━━━━━━━━━━━━━━━━━━━━━━━━━━━ 7.1/7.1 MB 273.3 MB/s  0:00:00
Downloading ml_dtypes-0.5.4-cp311-cp311-manylinux_2_27_x86_64.manylinux_2_28_x86_64.whl (5.0 MB)
   ━━━━━━━━━━━━━━━━━━━━━━━━━━━━━━━━━━━━━━━━ 5.0/5.0 MB 235.9 MB/s  0:00:00
Downloading requests-2.34.2-py3-none-any.whl (73 kB)
Downloading charset_normalizer-3.4.9-cp311-cp311-manylinux2014_x86_64.manylinux_2_17_x86_64.manylinux_2_28_x86_64.whl (221 kB)
Downloading idna-3.18-py3-none-any.whl (65 kB)
Downloading tensorboard-2.20.0-py3-none-any.whl (5.5 MB)
   ━━━━━━━━━━━━━━━━━━━━━━━━━━━━━━━━━━━━━━━━ 5.5/5.5 MB 335.6 MB/s  0:00:00
Downloading tensorboard_data_server-0.7.2-py3-none-manylinux_2_31_x86_64.whl (6.6 MB)
   ━━━━━━━━━━━━━━━━━━━━━━━━━━━━━━━━━━━━━━━━ 6.6/6.6 MB 325.0 MB/s  0:00:00
Downloading typing_extensions-4.16.0-py3-none-any.whl (45 kB)
Downloading urllib3-2.7.0-py3-none-any.whl (131 kB)
Downloading joblib-1.5.3-py3-none-any.whl (309 kB)
Downloading psutil-7.2.2-cp36-abi3-manylinux2010_x86_64.manylinux_2_12_x86_64.manylinux_2_28_x86_64.whl (155 kB)
Downloading absl_py-2.5.0-py3-none-any.whl (137 kB)
Downloading astunparse-1.6.3-py2.py3-none-any.whl (12 kB)
Downloading six-1.17.0-py2.py3-none-any.whl (11 kB)
Downloading certifi-2026.7.22-py3-none-any.whl (136 kB)
Downloading contourpy-1.3.3-cp311-cp311-manylinux_2_27_x86_64.manylinux_2_28_x86_64.whl (355 kB)
Downloading cycler-0.12.1-py3-none-any.whl (8.3 kB)
Downloading flatbuffers-25.12.19-py2.py3-none-any.whl (26 kB)
Downloading fonttools-4.63.0-cp311-cp311-manylinux2014_x86_64.manylinux_2_17_x86_64.whl (5.1 MB)
   ━━━━━━━━━━━━━━━━━━━━━━━━━━━━━━━━━━━━━━━━ 5.1/5.1 MB 285.2 MB/s  0:00:00
Downloading gast-0.7.0-py3-none-any.whl (22 kB)
Downloading google_pasta-0.2.0-py3-none-any.whl (57 kB)
Downloading h5py-3.16.0-cp311-cp311-manylinux_2_28_x86_64.whl (5.0 MB)
   ━━━━━━━━━━━━━━━━━━━━━━━━━━━━━━━━━━━━━━━━ 5.0/5.0 MB 316.8 MB/s  0:00:00
Downloading keras-3.15.0-py3-none-any.whl (1.7 MB)
   ━━━━━━━━━━━━━━━━━━━━━━━━━━━━━━━━━━━━━━━━ 1.7/1.7 MB 438.5 MB/s  0:00:00
Downloading kiwisolver-1.5.0-cp311-cp311-manylinux2014_x86_64.manylinux_2_17_x86_64.whl (1.4 MB)
   ━━━━━━━━━━━━━━━━━━━━━━━━━━━━━━━━━━━━━━━━ 1.4/1.4 MB 233.9 MB/s  0:00:00
Downloading libclang-18.1.1-py2.py3-none-manylinux2010_x86_64.whl (24.5 MB)
   ━━━━━━━━━━━━━━━━━━━━━━━━━━━━━━━━━━━━━━━━ 24.5/24.5 MB 176.2 MB/s  0:00:00
Downloading markdown-3.10.2-py3-none-any.whl (108 kB)
Downloading opt_einsum-3.4.0-py3-none-any.whl (71 kB)
Downloading pillow-12.3.0-cp311-cp311-manylinux_2_27_x86_64.manylinux_2_28_x86_64.whl (6.9 MB)
   ━━━━━━━━━━━━━━━━━━━━━━━━━━━━━━━━━━━━━━━━ 6.9/6.9 MB 363.9 MB/s  0:00:00
Downloading protobuf-7.35.1-cp310-abi3-manylinux2014_x86_64.whl (327 kB)
Downloading pyparsing-3.3.2-py3-none-any.whl (122 kB)
Downloading python_dateutil-2.9.0.post0-py2.py3-none-any.whl (229 kB)
Downloading pytz-2026.3.post1-py2.py3-none-any.whl (508 kB)
Downloading scipy-1.17.1-cp311-cp311-manylinux_2_27_x86_64.manylinux_2_28_x86_64.whl (35.3 MB)
   ━━━━━━━━━━━━━━━━━━━━━━━━━━━━━━━━━━━━━━━━ 35.3/35.3 MB 318.8 MB/s  0:00:00
Downloading termcolor-3.3.0-py3-none-any.whl (7.7 kB)
Downloading threadpoolctl-3.6.0-py3-none-any.whl (18 kB)
Downloading tzdata-2026.3-py2.py3-none-any.whl (348 kB)
Downloading werkzeug-3.1.8-py3-none-any.whl (226 kB)
Downloading markupsafe-3.0.3-cp311-cp311-manylinux2014_x86_64.manylinux_2_17_x86_64.manylinux_2_28_x86_64.whl (22 kB)
Downloading wrapt-2.3.0-cp311-cp311-manylinux1_x86_64.manylinux_2_28_x86_64.manylinux_2_5_x86_64.whl (161 kB)
Downloading dm_tree-0.1.10-cp311-cp311-manylinux_2_24_x86_64.manylinux_2_28_x86_64.whl (185 kB)
Downloading attrs-26.1.0-py3-none-any.whl (67 kB)
Downloading kt_legacy-1.0.5-py3-none-any.whl (9.6 kB)
Downloading namex-0.1.0-py3-none-any.whl (5.9 kB)
Downloading optree-0.19.1-cp311-cp311-manylinux_2_27_x86_64.manylinux_2_28_x86_64.whl (447 kB)
Downloading rich-15.0.0-py3-none-any.whl (310 kB)
Downloading pygments-2.20.0-py3-none-any.whl (1.2 MB)
   ━━━━━━━━━━━━━━━━━━━━━━━━━━━━━━━━━━━━━━━━ 1.2/1.2 MB 627.1 MB/s  0:00:00
Downloading markdown_it_py-4.2.0-py3-none-any.whl (91 kB)
Downloading mdurl-0.1.2-py3-none-any.whl (10.0 kB)
Installing collected packages: pytz, namex, libclang, kt-legacy, flatbuffers, wrapt, urllib3, tzdata, typing_extensions, threadpoolctl, termcolor, tensorboard-data-server, six, pyparsing, pygments, psutil, protobuf, pillow, opt_einsum, numpy, mdurl, markupsafe, markdown, kiwisolver, joblib, idna, gast, fonttools, cycler, charset_normalizer, certifi, attrs, absl-py, werkzeug, scipy, requests, python-dateutil, pyarrow, optree, ml_dtypes, markdown-it-py, h5py, grpcio, google_pasta, dm-tree, contourpy, astunparse, tensorboard, scikit-learn, rich, pandas, matplotlib, keras, tensorflow, keras-tuner, autokeras

Successfully installed absl-py-2.5.0 astunparse-1.6.3 attrs-26.1.0 autokeras-3.0.0 certifi-2026.7.22 charset_normalizer-3.4.9 contourpy-1.3.3 cycler-0.12.1 dm-tree-0.1.10 flatbuffers-25.12.19 fonttools-4.63.0 gast-0.7.0 google_pasta-0.2.0 grpcio-1.83.0 h5py-3.16.0 idna-3.18 joblib-1.5.3 keras-3.15.0 keras-tuner-1.4.7 kiwisolver-1.5.0 kt-legacy-1.0.5 libclang-18.1.1 markdown-3.10.2 markdown-it-py-4.2.0 markupsafe-3.0.3 matplotlib-3.8.4 mdurl-0.1.2 ml_dtypes-0.5.4 namex-0.1.0 numpy-1.26.4 opt_einsum-3.4.0 optree-0.19.1 pandas-2.1.4 pillow-12.3.0 protobuf-7.35.1 psutil-7.2.2 pyarrow-15.0.2 pygments-2.20.0 pyparsing-3.3.2 python-dateutil-2.9.0.post0 pytz-2026.3.post1 requests-2.34.2 rich-15.0.0 scikit-learn-1.5.2 scipy-1.17.1 six-1.17.0 tensorboard-2.20.0 tensorboard-data-server-0.7.2 tensorflow-2.20.0 termcolor-3.3.0 threadpoolctl-3.6.0 typing_extensions-4.16.0 tzdata-2026.3 urllib3-2.7.0 werkzeug-3.1.8 wrapt-2.3.0
