Collecting numpy==1.26.4
  Downloading numpy-1.26.4-cp311-cp311-manylinux_2_17_x86_64.manylinux2014_x86_64.whl.metadata (61 kB)
Collecting pandas==2.1.4
  Downloading pandas-2.1.4-cp311-cp311-manylinux_2_17_x86_64.manylinux2014_x86_64.whl.metadata (18 kB)
Collecting scikit-learn==1.5.2
  Downloading scikit_learn-1.5.2-cp311-cp311-manylinux_2_17_x86_64.manylinux2014_x86_64.whl.metadata (13 kB)
Collecting matplotlib==3.8.4
  Downloading matplotlib-3.8.4-cp311-cp311-manylinux_2_17_x86_64.manylinux2014_x86_64.whl.metadata (5.8 kB)
Collecting pyarrow==15.0.2
  Downloading pyarrow-15.0.2-cp311-cp311-manylinux_2_28_x86_64.whl.metadata (3.0 kB)
Collecting joblib
  Downloading joblib-1.5.3-py3-none-any.whl.metadata (5.5 kB)
Collecting psutil
  Downloading psutil-7.2.2-cp36-abi3-manylinux2010_x86_64.manylinux_2_12_x86_64.manylinux_2_28_x86_64.whl.metadata (22 kB)
Collecting flaml==2.6.0 (from flaml[automl]==2.6.0)
  Downloading flaml-2.6.0-py3-none-any.whl.metadata (12 kB)
Collecting xgboost==2.1.4
  Downloading xgboost-2.1.4-py3-none-manylinux_2_28_x86_64.whl.metadata (2.1 kB)
Collecting lightgbm==4.6.0
  Downloading lightgbm-4.6.0-py3-none-manylinux_2_28_x86_64.whl.metadata (17 kB)
Collecting python-dateutil>=2.8.2 (from pandas==2.1.4)
  Downloading python_dateutil-2.9.0.post0-py2.py3-none-any.whl.metadata (8.4 kB)
Collecting pytz>=2020.1 (from pandas==2.1.4)
  Downloading pytz-2026.3.post1-py2.py3-none-any.whl.metadata (22 kB)
Collecting tzdata>=2022.1 (from pandas==2.1.4)
  Downloading tzdata-2026.3-py2.py3-none-any.whl.metadata (1.4 kB)
Collecting scipy>=1.6.0 (from scikit-learn==1.5.2)
  Downloading scipy-1.17.1-cp311-cp311-manylinux_2_27_x86_64.manylinux_2_28_x86_64.whl.metadata (62 kB)
Collecting threadpoolctl>=3.1.0 (from scikit-learn==1.5.2)
  Downloading threadpoolctl-3.6.0-py3-none-any.whl.metadata (13 kB)
Collecting contourpy>=1.0.1 (from matplotlib==3.8.4)
  Downloading contourpy-1.3.3-cp311-cp311-manylinux_2_27_x86_64.manylinux_2_28_x86_64.whl.metadata (5.5 kB)
Collecting cycler>=0.10 (from matplotlib==3.8.4)
  Downloading cycler-0.12.1-py3-none-any.whl.metadata (3.8 kB)
Collecting fonttools>=4.22.0 (from matplotlib==3.8.4)
  Downloading fonttools-4.63.0-cp311-cp311-manylinux2014_x86_64.manylinux_2_17_x86_64.whl.metadata (118 kB)
Collecting kiwisolver>=1.3.1 (from matplotlib==3.8.4)
  Downloading kiwisolver-1.5.0-cp311-cp311-manylinux2014_x86_64.manylinux_2_17_x86_64.whl.metadata (5.1 kB)
Requirement already satisfied: packaging>=20.0 in ./micromamba/envs/ciciot_flaml/lib/python3.11/site-packages (from matplotlib==3.8.4) (26.2)
Collecting pillow>=8 (from matplotlib==3.8.4)
  Downloading pillow-12.3.0-cp311-cp311-manylinux_2_27_x86_64.manylinux_2_28_x86_64.whl.metadata (9.1 kB)
Collecting pyparsing>=2.3.1 (from matplotlib==3.8.4)
  Downloading pyparsing-3.3.2-py3-none-any.whl.metadata (5.8 kB)
Collecting nvidia-nccl-cu12 (from xgboost==2.1.4)
  Downloading nvidia_nccl_cu12-2.30.7-py3-none-manylinux_2_18_x86_64.whl.metadata (2.1 kB)
Collecting six>=1.5 (from python-dateutil>=2.8.2->pandas==2.1.4)
  Downloading six-1.17.0-py2.py3-none-any.whl.metadata (1.7 kB)
Downloading numpy-1.26.4-cp311-cp311-manylinux_2_17_x86_64.manylinux2014_x86_64.whl (18.3 MB)
   ━━━━━━━━━━━━━━━━━━━━━━━━━━━━━━━━━━━━━━━━ 18.3/18.3 MB 228.7 MB/s  0:00:00
Downloading pandas-2.1.4-cp311-cp311-manylinux_2_17_x86_64.manylinux2014_x86_64.whl (12.2 MB)
   ━━━━━━━━━━━━━━━━━━━━━━━━━━━━━━━━━━━━━━━━ 12.2/12.2 MB 210.8 MB/s  0:00:00
Downloading scikit_learn-1.5.2-cp311-cp311-manylinux_2_17_x86_64.manylinux2014_x86_64.whl (13.3 MB)
   ━━━━━━━━━━━━━━━━━━━━━━━━━━━━━━━━━━━━━━━━ 13.3/13.3 MB 235.1 MB/s  0:00:00
Downloading matplotlib-3.8.4-cp311-cp311-manylinux_2_17_x86_64.manylinux2014_x86_64.whl (11.6 MB)
   ━━━━━━━━━━━━━━━━━━━━━━━━━━━━━━━━━━━━━━━━ 11.6/11.6 MB 230.5 MB/s  0:00:00
Downloading pyarrow-15.0.2-cp311-cp311-manylinux_2_28_x86_64.whl (38.3 MB)
   ━━━━━━━━━━━━━━━━━━━━━━━━━━━━━━━━━━━━━━━━ 38.3/38.3 MB 181.1 MB/s  0:00:00
Downloading flaml-2.6.0-py3-none-any.whl (349 kB)
Downloading xgboost-2.1.4-py3-none-manylinux_2_28_x86_64.whl (223.6 MB)
   ━━━━━━━━━━━━━━━━━━━━━━━━━━━━━━━━━━━━━━━━ 223.6/223.6 MB 292.2 MB/s  0:00:00
Downloading lightgbm-4.6.0-py3-none-manylinux_2_28_x86_64.whl (3.6 MB)
   ━━━━━━━━━━━━━━━━━━━━━━━━━━━━━━━━━━━━━━━━ 3.6/3.6 MB 174.7 MB/s  0:00:00
Downloading joblib-1.5.3-py3-none-any.whl (309 kB)
Downloading psutil-7.2.2-cp36-abi3-manylinux2010_x86_64.manylinux_2_12_x86_64.manylinux_2_28_x86_64.whl (155 kB)
Downloading contourpy-1.3.3-cp311-cp311-manylinux_2_27_x86_64.manylinux_2_28_x86_64.whl (355 kB)
Downloading cycler-0.12.1-py3-none-any.whl (8.3 kB)
Downloading fonttools-4.63.0-cp311-cp311-manylinux2014_x86_64.manylinux_2_17_x86_64.whl (5.1 MB)
   ━━━━━━━━━━━━━━━━━━━━━━━━━━━━━━━━━━━━━━━━ 5.1/5.1 MB 346.1 MB/s  0:00:00
Downloading kiwisolver-1.5.0-cp311-cp311-manylinux2014_x86_64.manylinux_2_17_x86_64.whl (1.4 MB)
   ━━━━━━━━━━━━━━━━━━━━━━━━━━━━━━━━━━━━━━━━ 1.4/1.4 MB 462.1 MB/s  0:00:00
Downloading pillow-12.3.0-cp311-cp311-manylinux_2_27_x86_64.manylinux_2_28_x86_64.whl (6.9 MB)
   ━━━━━━━━━━━━━━━━━━━━━━━━━━━━━━━━━━━━━━━━ 6.9/6.9 MB 318.9 MB/s  0:00:00
Downloading pyparsing-3.3.2-py3-none-any.whl (122 kB)
Downloading python_dateutil-2.9.0.post0-py2.py3-none-any.whl (229 kB)
Downloading pytz-2026.3.post1-py2.py3-none-any.whl (508 kB)
Downloading scipy-1.17.1-cp311-cp311-manylinux_2_27_x86_64.manylinux_2_28_x86_64.whl (35.3 MB)
   ━━━━━━━━━━━━━━━━━━━━━━━━━━━━━━━━━━━━━━━━ 35.3/35.3 MB 301.2 MB/s  0:00:00
Downloading six-1.17.0-py2.py3-none-any.whl (11 kB)
Downloading threadpoolctl-3.6.0-py3-none-any.whl (18 kB)
Downloading tzdata-2026.3-py2.py3-none-any.whl (348 kB)
Downloading nvidia_nccl_cu12-2.30.7-py3-none-manylinux_2_18_x86_64.whl (303.4 MB)
   ━━━━━━━━━━━━━━━━━━━━━━━━━━━━━━━━━━━━━━━━ 303.4/303.4 MB 185.7 MB/s  0:00:01
Installing collected packages: pytz, tzdata, threadpoolctl, six, pyparsing, psutil, pillow, nvidia-nccl-cu12, numpy, kiwisolver, joblib, fonttools, cycler, scipy, python-dateutil, pyarrow, flaml, contourpy, xgboost, scikit-learn, pandas, matplotlib, lightgbm

Successfully installed contourpy-1.3.3 cycler-0.12.1 flaml-2.6.0 fonttools-4.63.0 joblib-1.5.3 kiwisolver-1.5.0 lightgbm-4.6.0 matplotlib-3.8.4 numpy-1.26.4 nvidia-nccl-cu12-2.30.7 pandas-2.1.4 pillow-12.3.0 psutil-7.2.2 pyarrow-15.0.2 pyparsing-3.3.2 python-dateutil-2.9.0.post0 pytz-2026.3.post1 scikit-learn-1.5.2 scipy-1.17.1 six-1.17.0 threadpoolctl-3.6.0 tzdata-2026.3 xgboost-2.1.4
