Checking whether there is an H2O instance running at http://localhost:54321..... not found.
Attempting to start a local H2O server...
  Java Version: openjdk version "17.0.18-internal" 2026-01-20; OpenJDK Runtime Environment (build 17.0.18-internal+0-adhoc.conda.src); OpenJDK 64-Bit Server VM (build 17.0.18-internal+0-adhoc.conda.src, mixed mode, sharing)
  Starting server from /content/micromamba/envs/ciciot_h2o/lib/python3.11/site-packages/h2o/backend/bin/h2o.jar
  Ice root: /tmp/tmpft5_56pg
  JVM stdout: /tmp/tmpft5_56pg/h2o_unknownUser_started_from_python.out
  JVM stderr: /tmp/tmpft5_56pg/h2o_unknownUser_started_from_python.err
  Server is running at http://127.0.0.1:54321
Connecting to H2O server at http://127.0.0.1:54321 ... successful.
--------------------------  -----------------------------------------------------------------------------------------
H2O_cluster_uptime:         03 secs
H2O_cluster_timezone:       Etc/UTC
H2O_data_parsing_timezone:  UTC
H2O_cluster_version:        3.46.0.11
H2O_cluster_version_age:    2 months and 6 days
H2O_cluster_name:           H2O_from_python_unknownUser_2ce1p0
H2O_cluster_total_nodes:    1
H2O_cluster_free_memory:    12 Gb
H2O_cluster_total_cores:    2
H2O_cluster_allowed_cores:  2
H2O_cluster_status:         locked, healthy
H2O_connection_url:         http://127.0.0.1:54321
H2O_connection_proxy:       {"http": null, "https": null, "colab_language_server": "/usr/colab/bin/language_service"}
H2O_internal_security:      False
Python_version:             3.11.15 final
--------------------------  -----------------------------------------------------------------------------------------

11:52:48.265: Project: AutoML_1_20260728_115248
11:52:48.267: Stopping tolerance set by the user: 1.0E-4
11:52:48.279: Stopping tolerance set by the user is < 70% of the recommended default of 0.017677669529663688, so models may take a long time to converge or may not converge at all.
11:52:48.279: Build control seed: 42
11:52:48.303: training frame: Frame key: AutoML_1_20260728_115248_training_py_1_sid_afaa    cols: 38    rows: 3200  chunks: 1    size: 313460  checksum: -6035046081402535479
11:52:48.303: validation frame: NULL
11:52:48.303: leaderboard frame: NULL
11:52:48.303: blending frame: NULL
11:52:48.304: response column: label_binary
11:52:48.304: fold column: null
11:52:48.304: weights column: null
11:52:48.401: Loading execution steps: [{XGBoost : [def_2 (1g, 10w), def_1 (2g, 10w), def_3 (3g, 10w), grid_1 (4g, 90w), lr_search (7g, 30w)]}, {GLM : [def_1 (1g, 10w)]}, {DRF : [def_1 (2g, 10w), XRT (3g, 10w)]}, {GBM : [def_5 (1g, 10w), def_2 (2g, 10w), def_3 (2g, 10w), def_4 (2g, 10w), def_1 (3g, 10w), grid_1 (4g, 60w), lr_annealing (7g, 10w)]}, {DeepLearning : [def_1 (3g, 10w), grid_1 (4g, 30w), grid_2 (5g, 30w), grid_3 (5g, 30w)]}, {completion : [resume_best_grids (6g, 60w)]}, {StackedEnsemble : [monotonic (9g, 10w), best_of_family_xglm (10g, 10w), all_xglm (10g, 10w)]}]
11:52:48.474: AutoML job created: 2026.07.28 11:52:48.93
11:52:48.481: AutoML build started: 2026.07.28 11:52:48.480
11:52:48.566: AutoML: starting XGBoost_1_AutoML_1_20260728_115248 model training


11:53:03.448: New leader: XGBoost_1_AutoML_1_20260728_115248, mean_per_class_error: 0.0109375
11:53:03.456: AutoML: starting GLM_1_AutoML_1_20260728_115248 model training


11:53:14.879: AutoML: starting GBM_1_AutoML_1_20260728_115248 model training


11:53:32.254: New leader: GBM_1_AutoML_1_20260728_115248, mean_per_class_error: 0.010625
11:53:32.259: AutoML: starting XGBoost_2_AutoML_1_20260728_115248 model training


11:53:37.727: AutoML: starting DRF_1_AutoML_1_20260728_115248 model training


11:53:48.527: New leader: DRF_1_AutoML_1_20260728_115248, mean_per_class_error: 0.010624999999999999
11:53:48.532: AutoML: starting GBM_2_AutoML_1_20260728_115248 model training


11:54:03.865: New leader: GBM_2_AutoML_1_20260728_115248, mean_per_class_error: 0.009062500000000001
11:54:03.873: AutoML: starting GBM_3_AutoML_1_20260728_115248 model training


11:54:12.900: AutoML: starting GBM_4_AutoML_1_20260728_115248 model training


11:54:29.426: New leader: GBM_4_AutoML_1_20260728_115248, mean_per_class_error: 0.0090625
11:54:29.428: AutoML: starting XGBoost_3_AutoML_1_20260728_115248 model training


11:54:37.642: AutoML: starting XRT_1_AutoML_1_20260728_115248 model training


11:54:44.565: No base models, due to timeouts or the exclude_algos option. Skipping StackedEnsemble 'monotonic'.
11:54:44.587: AutoML: starting StackedEnsemble_BestOfFamily_1_AutoML_1_20260728_115248 model training


11:54:57.503: AutoML: starting StackedEnsemble_AllModels_1_AutoML_1_20260728_115248 model training


11:55:09.376: Actual modeling steps: [{XGBoost : [def_2 (1g, 10w)]}, {GLM : [def_1 (1g, 10w)]}, {GBM : [def_5 (1g, 10w)]}, {XGBoost : [def_1 (2g, 10w)]}, {DRF : [def_1 (2g, 10w)]}, {GBM : [def_2 (2g, 10w), def_3 (2g, 10w), def_4 (2g, 10w)]}, {XGBoost : [def_3 (3g, 10w)]}, {DRF : [XRT (3g, 10w)]}, {StackedEnsemble : [best_of_family_xglm (10g, 10w), all_xglm (10g, 10w)]}]
11:55:09.376: AutoML build stopped: 2026.07.28 11:55:09.376
11:55:09.376: AutoML build done: built 10 models
11:55:09.377: AutoML duration:  2 min 20.896 sec

/content/micromamba/envs/ciciot_h2o/lib/python3.11/site-packages/h2o/frame.py:1983: H2ODependencyWarning: Converting H2O frame to pandas dataframe using single-thread.  For faster conversion using multi-thread, install polars and pyarrow and use it as pandas_df = h2o_df.as_data_frame(use_multi_thread=True)

  warnings.warn("Converting H2O frame to pandas dataframe using single-thread.  For faster conversion using"
/content/micromamba/envs/ciciot_h2o/lib/python3.11/site-packages/h2o/frame.py:1983: H2ODependencyWarning: Converting H2O frame to pandas dataframe using single-thread.  For faster conversion using multi-thread, install polars and pyarrow and use it as pandas_df = h2o_df.as_data_frame(use_multi_thread=True)

  warnings.warn("Converting H2O frame to pandas dataframe using single-thread.  For faster conversion using"
H2O session _sid_afaa closed.
