Collecting numpy==1.26.4
  Downloading numpy-1.26.4-cp311-cp311-manylinux_2_17_x86_64.manylinux2014_x86_64.whl.metadata (61 kB)
Collecting pandas==2.1.4
  Downloading pandas-2.1.4-cp311-cp311-manylinux_2_17_x86_64.manylinux2014_x86_64.whl.metadata (18 kB)
Collecting scikit-learn==1.5.2
  Downloading scikit_learn-1.5.2-cp311-cp311-manylinux_2_17_x86_64.manylinux2014_x86_64.whl.metadata (13 kB)
Collecting matplotlib==3.8.4
  Downloading matplotlib-3.8.4-cp311-cp311-manylinux_2_17_x86_64.manylinux2014_x86_64.whl.metadata (5.8 kB)
Collecting pyarrow==15.0.2
  Downloading pyarrow-15.0.2-cp311-cp311-manylinux_2_28_x86_64.whl.metadata (3.0 kB)
Collecting joblib
  Downloading joblib-1.5.3-py3-none-any.whl.metadata (5.5 kB)
Collecting psutil
  Downloading psutil-7.2.2-cp36-abi3-manylinux2010_x86_64.manylinux_2_12_x86_64.manylinux_2_28_x86_64.whl.metadata (22 kB)
Collecting lazypredict==0.2.16
  Downloading lazypredict-0.2.16-py2.py3-none-any.whl.metadata (13 kB)
Collecting xgboost==2.1.4
  Downloading xgboost-2.1.4-py3-none-manylinux_2_28_x86_64.whl.metadata (2.1 kB)
Collecting lightgbm==4.6.0
  Downloading lightgbm-4.6.0-py3-none-manylinux_2_28_x86_64.whl.metadata (17 kB)
Collecting python-dateutil>=2.8.2 (from pandas==2.1.4)
  Downloading python_dateutil-2.9.0.post0-py2.py3-none-any.whl.metadata (8.4 kB)
Collecting pytz>=2020.1 (from pandas==2.1.4)
  Downloading pytz-2026.3.post1-py2.py3-none-any.whl.metadata (22 kB)
Collecting tzdata>=2022.1 (from pandas==2.1.4)
  Downloading tzdata-2026.3-py2.py3-none-any.whl.metadata (1.4 kB)
Collecting scipy>=1.6.0 (from scikit-learn==1.5.2)
  Downloading scipy-1.17.1-cp311-cp311-manylinux_2_27_x86_64.manylinux_2_28_x86_64.whl.metadata (62 kB)
Collecting threadpoolctl>=3.1.0 (from scikit-learn==1.5.2)
  Downloading threadpoolctl-3.6.0-py3-none-any.whl.metadata (13 kB)
Collecting contourpy>=1.0.1 (from matplotlib==3.8.4)
  Downloading contourpy-1.3.3-cp311-cp311-manylinux_2_27_x86_64.manylinux_2_28_x86_64.whl.metadata (5.5 kB)
Collecting cycler>=0.10 (from matplotlib==3.8.4)
  Downloading cycler-0.12.1-py3-none-any.whl.metadata (3.8 kB)
Collecting fonttools>=4.22.0 (from matplotlib==3.8.4)
  Downloading fonttools-4.63.0-cp311-cp311-manylinux2014_x86_64.manylinux_2_17_x86_64.whl.metadata (118 kB)
Collecting kiwisolver>=1.3.1 (from matplotlib==3.8.4)
  Downloading kiwisolver-1.5.0-cp311-cp311-manylinux2014_x86_64.manylinux_2_17_x86_64.whl.metadata (5.1 kB)
Requirement already satisfied: packaging>=20.0 in ./micromamba/envs/ciciot_lazypredict/lib/python3.11/site-packages (from matplotlib==3.8.4) (26.2)
Collecting pillow>=8 (from matplotlib==3.8.4)
  Downloading pillow-12.3.0-cp311-cp311-manylinux_2_27_x86_64.manylinux_2_28_x86_64.whl.metadata (9.1 kB)
Collecting pyparsing>=2.3.1 (from matplotlib==3.8.4)
  Downloading pyparsing-3.3.2-py3-none-any.whl.metadata (5.8 kB)
Collecting click (from lazypredict==0.2.16)
  Downloading click-8.4.2-py3-none-any.whl.metadata (2.6 kB)
Collecting tqdm (from lazypredict==0.2.16)
  Downloading tqdm-4.70.0-py3-none-any.whl.metadata (57 kB)
Collecting pytest-runner (from lazypredict==0.2.16)
  Downloading pytest_runner-6.0.1-py3-none-any.whl.metadata (7.3 kB)
Collecting mlflow>=2.0.0 (from lazypredict==0.2.16)
  Downloading mlflow-3.14.0-py3-none-any.whl.metadata (49 kB)
Collecting nvidia-nccl-cu12 (from xgboost==2.1.4)
  Downloading nvidia_nccl_cu12-2.30.7-py3-none-manylinux_2_18_x86_64.whl.metadata (2.1 kB)
Collecting mlflow-skinny==3.14.0 (from mlflow>=2.0.0->lazypredict==0.2.16)
  Downloading mlflow_skinny-3.14.0-py3-none-any.whl.metadata (50 kB)
Collecting mlflow-tracing==3.14.0 (from mlflow>=2.0.0->lazypredict==0.2.16)
  Downloading mlflow_tracing-3.14.0-py3-none-any.whl.metadata (19 kB)
Collecting Flask-CORS<7 (from mlflow>=2.0.0->lazypredict==0.2.16)
  Downloading flask_cors-6.0.5-py3-none-any.whl.metadata (5.4 kB)
Collecting Flask<4 (from mlflow>=2.0.0->lazypredict==0.2.16)
  Downloading flask-3.1.3-py3-none-any.whl.metadata (3.2 kB)
Collecting aiohttp<4,>=3.7.0 (from mlflow>=2.0.0->lazypredict==0.2.16)
  Downloading aiohttp-3.14.3-cp311-cp311-manylinux2014_x86_64.manylinux_2_17_x86_64.manylinux_2_28_x86_64.whl.metadata (8.3 kB)
Collecting alembic!=1.10.0,<2 (from mlflow>=2.0.0->lazypredict==0.2.16)
  Downloading alembic-1.18.5-py3-none-any.whl.metadata (7.2 kB)
Collecting cryptography<49,>=43.0.0 (from mlflow>=2.0.0->lazypredict==0.2.16)
  Downloading cryptography-48.0.1-cp311-abi3-manylinux_2_34_x86_64.whl.metadata (4.3 kB)
Collecting docker<8,>=4.0.0 (from mlflow>=2.0.0->lazypredict==0.2.16)
  Downloading docker-7.2.0-py3-none-any.whl.metadata (3.8 kB)
Collecting graphene<4 (from mlflow>=2.0.0->lazypredict==0.2.16)
  Downloading graphene-3.4.3-py2.py3-none-any.whl.metadata (6.9 kB)
Collecting gunicorn<27 (from mlflow>=2.0.0->lazypredict==0.2.16)
  Downloading gunicorn-26.0.0-py3-none-any.whl.metadata (5.4 kB)
Collecting huey<4,>=2.5.4 (from mlflow>=2.0.0->lazypredict==0.2.16)
  Downloading huey-3.3.0-py3-none-any.whl.metadata (5.6 kB)
Collecting skops<1 (from mlflow>=2.0.0->lazypredict==0.2.16)
  Downloading skops-0.14.0-py3-none-any.whl.metadata (4.4 kB)
Collecting sqlalchemy<3,>=1.4.0 (from mlflow>=2.0.0->lazypredict==0.2.16)
  Downloading sqlalchemy-2.0.51-cp311-cp311-manylinux2014_x86_64.manylinux_2_17_x86_64.manylinux_2_28_x86_64.whl.metadata (9.5 kB)
Collecting cachetools<8,>=5.0.0 (from mlflow-skinny==3.14.0->mlflow>=2.0.0->lazypredict==0.2.16)
  Downloading cachetools-7.1.6-py3-none-any.whl.metadata (5.5 kB)
Collecting cloudpickle<4 (from mlflow-skinny==3.14.0->mlflow>=2.0.0->lazypredict==0.2.16)
  Downloading cloudpickle-3.1.2-py3-none-any.whl.metadata (7.1 kB)
Collecting databricks-sdk<1,>=0.20.0 (from mlflow-skinny==3.14.0->mlflow>=2.0.0->lazypredict==0.2.16)
  Downloading databricks_sdk-0.122.0-py3-none-any.whl.metadata (44 kB)
Collecting fastapi<1 (from mlflow-skinny==3.14.0->mlflow>=2.0.0->lazypredict==0.2.16)
  Downloading fastapi-0.140.8-py3-none-any.whl.metadata (27 kB)
Collecting gitpython<4,>=3.1.9 (from mlflow-skinny==3.14.0->mlflow>=2.0.0->lazypredict==0.2.16)
  Downloading gitpython-3.1.57-py3-none-any.whl.metadata (13 kB)
Collecting importlib_metadata!=4.7.0,<10,>=3.7.0 (from mlflow-skinny==3.14.0->mlflow>=2.0.0->lazypredict==0.2.16)
  Downloading importlib_metadata-9.0.0-py3-none-any.whl.metadata (4.5 kB)
Collecting opentelemetry-api<3,>=1.9.0 (from mlflow-skinny==3.14.0->mlflow>=2.0.0->lazypredict==0.2.16)
  Downloading opentelemetry_api-1.44.0-py3-none-any.whl.metadata (1.4 kB)
Collecting opentelemetry-proto<3,>=1.9.0 (from mlflow-skinny==3.14.0->mlflow>=2.0.0->lazypredict==0.2.16)
  Downloading opentelemetry_proto-1.44.0-py3-none-any.whl.metadata (2.3 kB)
Collecting opentelemetry-sdk<3,>=1.9.0 (from mlflow-skinny==3.14.0->mlflow>=2.0.0->lazypredict==0.2.16)
  Downloading opentelemetry_sdk-1.44.0-py3-none-any.whl.metadata (1.6 kB)
Collecting protobuf<8,>=3.12.0 (from mlflow-skinny==3.14.0->mlflow>=2.0.0->lazypredict==0.2.16)
  Downloading protobuf-7.35.1-cp310-abi3-manylinux2014_x86_64.whl.metadata (595 bytes)
Collecting pydantic<3,>=2.0.0 (from mlflow-skinny==3.14.0->mlflow>=2.0.0->lazypredict==0.2.16)
  Downloading pydantic-2.13.4-py3-none-any.whl.metadata (109 kB)
Collecting python-dotenv<2,>=0.19.0 (from mlflow-skinny==3.14.0->mlflow>=2.0.0->lazypredict==0.2.16)
  Downloading python_dotenv-1.2.2-py3-none-any.whl.metadata (27 kB)
Collecting pyyaml<7,>=5.1 (from mlflow-skinny==3.14.0->mlflow>=2.0.0->lazypredict==0.2.16)
  Downloading pyyaml-6.0.3-cp311-cp311-manylinux2014_x86_64.manylinux_2_17_x86_64.manylinux_2_28_x86_64.whl.metadata (2.4 kB)
Collecting requests<3,>=2.17.3 (from mlflow-skinny==3.14.0->mlflow>=2.0.0->lazypredict==0.2.16)
  Downloading requests-2.34.2-py3-none-any.whl.metadata (4.8 kB)
Collecting sqlparse<1,>=0.4.0 (from mlflow-skinny==3.14.0->mlflow>=2.0.0->lazypredict==0.2.16)
  Downloading sqlparse-0.5.5-py3-none-any.whl.metadata (4.7 kB)
Collecting starlette<2 (from mlflow-skinny==3.14.0->mlflow>=2.0.0->lazypredict==0.2.16)
  Downloading starlette-1.3.1-py3-none-any.whl.metadata (6.4 kB)
Collecting typing-extensions<5,>=4.0.0 (from mlflow-skinny==3.14.0->mlflow>=2.0.0->lazypredict==0.2.16)
  Downloading typing_extensions-4.16.0-py3-none-any.whl.metadata (3.3 kB)
Collecting uvicorn<1 (from mlflow-skinny==3.14.0->mlflow>=2.0.0->lazypredict==0.2.16)
  Downloading uvicorn-0.51.0-py3-none-any.whl.metadata (6.6 kB)
Collecting aiohappyeyeballs>=2.5.0 (from aiohttp<4,>=3.7.0->mlflow>=2.0.0->lazypredict==0.2.16)
  Downloading aiohappyeyeballs-2.7.1-py3-none-any.whl.metadata (5.9 kB)
Collecting aiosignal>=1.4.0 (from aiohttp<4,>=3.7.0->mlflow>=2.0.0->lazypredict==0.2.16)
  Downloading aiosignal-1.4.0-py3-none-any.whl.metadata (3.7 kB)
Collecting attrs>=17.3.0 (from aiohttp<4,>=3.7.0->mlflow>=2.0.0->lazypredict==0.2.16)
  Downloading attrs-26.1.0-py3-none-any.whl.metadata (8.8 kB)
Collecting frozenlist>=1.1.1 (from aiohttp<4,>=3.7.0->mlflow>=2.0.0->lazypredict==0.2.16)
  Downloading frozenlist-1.8.0-cp311-cp311-manylinux1_x86_64.manylinux_2_28_x86_64.manylinux_2_5_x86_64.whl.metadata (20 kB)
Collecting multidict<7.0,>=4.5 (from aiohttp<4,>=3.7.0->mlflow>=2.0.0->lazypredict==0.2.16)
  Downloading multidict-6.7.1-cp311-cp311-manylinux2014_x86_64.manylinux_2_17_x86_64.manylinux_2_28_x86_64.whl.metadata (5.3 kB)
Collecting propcache>=0.2.0 (from aiohttp<4,>=3.7.0->mlflow>=2.0.0->lazypredict==0.2.16)
  Downloading propcache-0.5.2-cp311-cp311-manylinux2014_x86_64.manylinux_2_17_x86_64.manylinux_2_28_x86_64.whl.metadata (16 kB)
Collecting yarl<2.0,>=1.17.0 (from aiohttp<4,>=3.7.0->mlflow>=2.0.0->lazypredict==0.2.16)
  Downloading yarl-1.24.5-cp311-cp311-manylinux2014_x86_64.manylinux_2_17_x86_64.manylinux_2_28_x86_64.whl.metadata (103 kB)
Collecting Mako (from alembic!=1.10.0,<2->mlflow>=2.0.0->lazypredict==0.2.16)
  Downloading mako-1.3.12-py3-none-any.whl.metadata (2.9 kB)
Collecting cffi>=2.0.0 (from cryptography<49,>=43.0.0->mlflow>=2.0.0->lazypredict==0.2.16)
  Downloading cffi-2.1.0-cp311-cp311-manylinux2014_x86_64.manylinux_2_17_x86_64.whl.metadata (2.5 kB)
Collecting google-auth~=2.0 (from databricks-sdk<1,>=0.20.0->mlflow-skinny==3.14.0->mlflow>=2.0.0->lazypredict==0.2.16)
  Downloading google_auth-2.56.2-py3-none-any.whl.metadata (6.0 kB)
Collecting protobuf<8,>=3.12.0 (from mlflow-skinny==3.14.0->mlflow>=2.0.0->lazypredict==0.2.16)
  Downloading protobuf-6.33.6-cp39-abi3-manylinux2014_x86_64.whl.metadata (593 bytes)
Collecting urllib3<3,>=1.26 (from databricks-sdk<1,>=0.20.0->mlflow-skinny==3.14.0->mlflow>=2.0.0->lazypredict==0.2.16)
  Downloading urllib3-2.7.0-py3-none-any.whl.metadata (6.9 kB)
Collecting typing-inspection>=0.4.2 (from fastapi<1->mlflow-skinny==3.14.0->mlflow>=2.0.0->lazypredict==0.2.16)
  Downloading typing_inspection-0.4.2-py3-none-any.whl.metadata (2.6 kB)
Collecting annotated-doc>=0.0.2 (from fastapi<1->mlflow-skinny==3.14.0->mlflow>=2.0.0->lazypredict==0.2.16)
  Downloading annotated_doc-0.0.4-py3-none-any.whl.metadata (6.6 kB)
Collecting blinker>=1.9.0 (from Flask<4->mlflow>=2.0.0->lazypredict==0.2.16)
  Downloading blinker-1.9.0-py3-none-any.whl.metadata (1.6 kB)
Collecting itsdangerous>=2.2.0 (from Flask<4->mlflow>=2.0.0->lazypredict==0.2.16)
  Downloading itsdangerous-2.2.0-py3-none-any.whl.metadata (1.9 kB)
Collecting jinja2>=3.1.2 (from Flask<4->mlflow>=2.0.0->lazypredict==0.2.16)
  Downloading jinja2-3.1.6-py3-none-any.whl.metadata (2.9 kB)
Collecting markupsafe>=2.1.1 (from Flask<4->mlflow>=2.0.0->lazypredict==0.2.16)
  Downloading markupsafe-3.0.3-cp311-cp311-manylinux2014_x86_64.manylinux_2_17_x86_64.manylinux_2_28_x86_64.whl.metadata (2.7 kB)
Collecting werkzeug>=3.1.0 (from Flask<4->mlflow>=2.0.0->lazypredict==0.2.16)
  Downloading werkzeug-3.1.8-py3-none-any.whl.metadata (4.0 kB)
Collecting gitdb<5,>=4.0.1 (from gitpython<4,>=3.1.9->mlflow-skinny==3.14.0->mlflow>=2.0.0->lazypredict==0.2.16)
  Downloading gitdb-4.0.12-py3-none-any.whl.metadata (1.2 kB)
Collecting smmap<6,>=3.0.1 (from gitdb<5,>=4.0.1->gitpython<4,>=3.1.9->mlflow-skinny==3.14.0->mlflow>=2.0.0->lazypredict==0.2.16)
  Downloading smmap-5.0.3-py3-none-any.whl.metadata (4.6 kB)
Collecting pyasn1-modules>=0.2.1 (from google-auth~=2.0->databricks-sdk<1,>=0.20.0->mlflow-skinny==3.14.0->mlflow>=2.0.0->lazypredict==0.2.16)
  Downloading pyasn1_modules-0.4.2-py3-none-any.whl.metadata (3.5 kB)
Collecting graphql-core<3.3,>=3.1 (from graphene<4->mlflow>=2.0.0->lazypredict==0.2.16)
  Downloading graphql_core-3.2.11-py3-none-any.whl.metadata (11 kB)
Collecting graphql-relay<3.3,>=3.1 (from graphene<4->mlflow>=2.0.0->lazypredict==0.2.16)
  Downloading graphql_relay-3.2.0-py3-none-any.whl.metadata (12 kB)
Collecting zipp>=3.20 (from importlib_metadata!=4.7.0,<10,>=3.7.0->mlflow-skinny==3.14.0->mlflow>=2.0.0->lazypredict==0.2.16)
  Downloading zipp-4.1.0-py3-none-any.whl.metadata (3.6 kB)
Collecting opentelemetry-semantic-conventions==0.65b0 (from opentelemetry-sdk<3,>=1.9.0->mlflow-skinny==3.14.0->mlflow>=2.0.0->lazypredict==0.2.16)
  Downloading opentelemetry_semantic_conventions-0.65b0-py3-none-any.whl.metadata (2.4 kB)
Collecting annotated-types>=0.6.0 (from pydantic<3,>=2.0.0->mlflow-skinny==3.14.0->mlflow>=2.0.0->lazypredict==0.2.16)
  Downloading annotated_types-0.8.0-py3-none-any.whl.metadata (15 kB)
Collecting pydantic-core==2.46.4 (from pydantic<3,>=2.0.0->mlflow-skinny==3.14.0->mlflow>=2.0.0->lazypredict==0.2.16)
  Downloading pydantic_core-2.46.4-cp311-cp311-manylinux_2_17_x86_64.manylinux2014_x86_64.whl.metadata (6.6 kB)
Collecting six>=1.5 (from python-dateutil>=2.8.2->pandas==2.1.4)
  Downloading six-1.17.0-py2.py3-none-any.whl.metadata (1.7 kB)
Collecting charset_normalizer<4,>=2 (from requests<3,>=2.17.3->mlflow-skinny==3.14.0->mlflow>=2.0.0->lazypredict==0.2.16)
  Downloading charset_normalizer-3.4.9-cp311-cp311-manylinux2014_x86_64.manylinux_2_17_x86_64.manylinux_2_28_x86_64.whl.metadata (41 kB)
Collecting idna<4,>=2.5 (from requests<3,>=2.17.3->mlflow-skinny==3.14.0->mlflow>=2.0.0->lazypredict==0.2.16)
  Downloading idna-3.18-py3-none-any.whl.metadata (6.1 kB)
Collecting certifi>=2023.5.7 (from requests<3,>=2.17.3->mlflow-skinny==3.14.0->mlflow>=2.0.0->lazypredict==0.2.16)
  Downloading certifi-2026.7.22-py3-none-any.whl.metadata (2.5 kB)
Collecting prettytable>=3.9 (from skops<1->mlflow>=2.0.0->lazypredict==0.2.16)
  Downloading prettytable-3.18.0-py3-none-any.whl.metadata (37 kB)
Collecting greenlet>=1 (from sqlalchemy<3,>=1.4.0->mlflow>=2.0.0->lazypredict==0.2.16)
  Downloading greenlet-3.5.4-cp311-cp311-manylinux_2_24_x86_64.manylinux_2_28_x86_64.whl.metadata (3.8 kB)
Collecting anyio<5,>=3.6.2 (from starlette<2->mlflow-skinny==3.14.0->mlflow>=2.0.0->lazypredict==0.2.16)
  Downloading anyio-4.14.2-py3-none-any.whl.metadata (4.6 kB)
Collecting h11>=0.8 (from uvicorn<1->mlflow-skinny==3.14.0->mlflow>=2.0.0->lazypredict==0.2.16)
  Downloading h11-0.16.0-py3-none-any.whl.metadata (8.3 kB)
Collecting pycparser (from cffi>=2.0.0->cryptography<49,>=43.0.0->mlflow>=2.0.0->lazypredict==0.2.16)
  Downloading pycparser-3.0-py3-none-any.whl.metadata (8.2 kB)
Collecting wcwidth>=0.3.5 (from prettytable>=3.9->skops<1->mlflow>=2.0.0->lazypredict==0.2.16)
  Downloading wcwidth-0.8.2-py3-none-any.whl.metadata (43 kB)
Collecting pyasn1<0.7.0,>=0.6.1 (from pyasn1-modules>=0.2.1->google-auth~=2.0->databricks-sdk<1,>=0.20.0->mlflow-skinny==3.14.0->mlflow>=2.0.0->lazypredict==0.2.16)
  Downloading pyasn1-0.6.4-py3-none-any.whl.metadata (8.4 kB)
Downloading numpy-1.26.4-cp311-cp311-manylinux_2_17_x86_64.manylinux2014_x86_64.whl (18.3 MB)
   ━━━━━━━━━━━━━━━━━━━━━━━━━━━━━━━━━━━━━━━━ 18.3/18.3 MB 216.8 MB/s  0:00:00
Downloading pandas-2.1.4-cp311-cp311-manylinux_2_17_x86_64.manylinux2014_x86_64.whl (12.2 MB)
   ━━━━━━━━━━━━━━━━━━━━━━━━━━━━━━━━━━━━━━━━ 12.2/12.2 MB 227.1 MB/s  0:00:00
Downloading scikit_learn-1.5.2-cp311-cp311-manylinux_2_17_x86_64.manylinux2014_x86_64.whl (13.3 MB)
   ━━━━━━━━━━━━━━━━━━━━━━━━━━━━━━━━━━━━━━━━ 13.3/13.3 MB 313.0 MB/s  0:00:00
Downloading matplotlib-3.8.4-cp311-cp311-manylinux_2_17_x86_64.manylinux2014_x86_64.whl (11.6 MB)
   ━━━━━━━━━━━━━━━━━━━━━━━━━━━━━━━━━━━━━━━━ 11.6/11.6 MB 294.3 MB/s  0:00:00
Downloading pyarrow-15.0.2-cp311-cp311-manylinux_2_28_x86_64.whl (38.3 MB)
   ━━━━━━━━━━━━━━━━━━━━━━━━━━━━━━━━━━━━━━━━ 38.3/38.3 MB 218.3 MB/s  0:00:00
Downloading lazypredict-0.2.16-py2.py3-none-any.whl (14 kB)
Downloading xgboost-2.1.4-py3-none-manylinux_2_28_x86_64.whl (223.6 MB)
   ━━━━━━━━━━━━━━━━━━━━━━━━━━━━━━━━━━━━━━━━ 223.6/223.6 MB 231.7 MB/s  0:00:00
Downloading lightgbm-4.6.0-py3-none-manylinux_2_28_x86_64.whl (3.6 MB)
   ━━━━━━━━━━━━━━━━━━━━━━━━━━━━━━━━━━━━━━━━ 3.6/3.6 MB 450.2 MB/s  0:00:00
Downloading joblib-1.5.3-py3-none-any.whl (309 kB)
Downloading psutil-7.2.2-cp36-abi3-manylinux2010_x86_64.manylinux_2_12_x86_64.manylinux_2_28_x86_64.whl (155 kB)
Downloading contourpy-1.3.3-cp311-cp311-manylinux_2_27_x86_64.manylinux_2_28_x86_64.whl (355 kB)
Downloading cycler-0.12.1-py3-none-any.whl (8.3 kB)
Downloading fonttools-4.63.0-cp311-cp311-manylinux2014_x86_64.manylinux_2_17_x86_64.whl (5.1 MB)
   ━━━━━━━━━━━━━━━━━━━━━━━━━━━━━━━━━━━━━━━━ 5.1/5.1 MB 338.2 MB/s  0:00:00
Downloading kiwisolver-1.5.0-cp311-cp311-manylinux2014_x86_64.manylinux_2_17_x86_64.whl (1.4 MB)
   ━━━━━━━━━━━━━━━━━━━━━━━━━━━━━━━━━━━━━━━━ 1.4/1.4 MB 451.7 MB/s  0:00:00
Downloading mlflow-3.14.0-py3-none-any.whl (12.6 MB)
   ━━━━━━━━━━━━━━━━━━━━━━━━━━━━━━━━━━━━━━━━ 12.6/12.6 MB 246.3 MB/s  0:00:00
Downloading mlflow_skinny-3.14.0-py3-none-any.whl (3.5 MB)
   ━━━━━━━━━━━━━━━━━━━━━━━━━━━━━━━━━━━━━━━━ 3.5/3.5 MB 295.1 MB/s  0:00:00
Downloading mlflow_tracing-3.14.0-py3-none-any.whl (1.7 MB)
   ━━━━━━━━━━━━━━━━━━━━━━━━━━━━━━━━━━━━━━━━ 1.7/1.7 MB 192.1 MB/s  0:00:00
Downloading aiohttp-3.14.3-cp311-cp311-manylinux2014_x86_64.manylinux_2_17_x86_64.manylinux_2_28_x86_64.whl (1.8 MB)
   ━━━━━━━━━━━━━━━━━━━━━━━━━━━━━━━━━━━━━━━━ 1.8/1.8 MB 466.6 MB/s  0:00:00
Downloading alembic-1.18.5-py3-none-any.whl (264 kB)
Downloading cachetools-7.1.6-py3-none-any.whl (16 kB)
Downloading click-8.4.2-py3-none-any.whl (119 kB)
Downloading cloudpickle-3.1.2-py3-none-any.whl (22 kB)
Downloading cryptography-48.0.1-cp311-abi3-manylinux_2_34_x86_64.whl (4.7 MB)
   ━━━━━━━━━━━━━━━━━━━━━━━━━━━━━━━━━━━━━━━━ 4.7/4.7 MB 329.5 MB/s  0:00:00
Downloading databricks_sdk-0.122.0-py3-none-any.whl (969 kB)
   ━━━━━━━━━━━━━━━━━━━━━━━━━━━━━━━━━━━━━━━━ 969.1/969.1 kB 454.3 MB/s  0:00:00
Downloading docker-7.2.0-py3-none-any.whl (148 kB)
Downloading fastapi-0.140.8-py3-none-any.whl (131 kB)
Downloading flask-3.1.3-py3-none-any.whl (103 kB)
Downloading flask_cors-6.0.5-py3-none-any.whl (16 kB)
Downloading gitpython-3.1.57-py3-none-any.whl (217 kB)
Downloading gitdb-4.0.12-py3-none-any.whl (62 kB)
Downloading google_auth-2.56.2-py3-none-any.whl (258 kB)
Downloading graphene-3.4.3-py2.py3-none-any.whl (114 kB)
Downloading graphql_core-3.2.11-py3-none-any.whl (214 kB)
Downloading graphql_relay-3.2.0-py3-none-any.whl (16 kB)
Downloading gunicorn-26.0.0-py3-none-any.whl (212 kB)
Downloading huey-3.3.0-py3-none-any.whl (121 kB)
Downloading importlib_metadata-9.0.0-py3-none-any.whl (27 kB)
Downloading multidict-6.7.1-cp311-cp311-manylinux2014_x86_64.manylinux_2_17_x86_64.manylinux_2_28_x86_64.whl (246 kB)
Downloading opentelemetry_api-1.44.0-py3-none-any.whl (60 kB)
Downloading opentelemetry_proto-1.44.0-py3-none-any.whl (72 kB)
Downloading opentelemetry_sdk-1.44.0-py3-none-any.whl (137 kB)
Downloading opentelemetry_semantic_conventions-0.65b0-py3-none-any.whl (204 kB)
Downloading protobuf-6.33.6-cp39-abi3-manylinux2014_x86_64.whl (323 kB)
Downloading pydantic-2.13.4-py3-none-any.whl (472 kB)
Downloading pydantic_core-2.46.4-cp311-cp311-manylinux_2_17_x86_64.manylinux2014_x86_64.whl (2.1 MB)
   ━━━━━━━━━━━━━━━━━━━━━━━━━━━━━━━━━━━━━━━━ 2.1/2.1 MB 352.0 MB/s  0:00:00
Downloading python_dateutil-2.9.0.post0-py2.py3-none-any.whl (229 kB)
Downloading python_dotenv-1.2.2-py3-none-any.whl (22 kB)
Downloading pyyaml-6.0.3-cp311-cp311-manylinux2014_x86_64.manylinux_2_17_x86_64.manylinux_2_28_x86_64.whl (806 kB)
   ━━━━━━━━━━━━━━━━━━━━━━━━━━━━━━━━━━━━━━━━ 806.6/806.6 kB 458.9 MB/s  0:00:00
Downloading requests-2.34.2-py3-none-any.whl (73 kB)
Downloading charset_normalizer-3.4.9-cp311-cp311-manylinux2014_x86_64.manylinux_2_17_x86_64.manylinux_2_28_x86_64.whl (221 kB)
Downloading idna-3.18-py3-none-any.whl (65 kB)
Downloading scipy-1.17.1-cp311-cp311-manylinux_2_27_x86_64.manylinux_2_28_x86_64.whl (35.3 MB)
   ━━━━━━━━━━━━━━━━━━━━━━━━━━━━━━━━━━━━━━━━ 35.3/35.3 MB 233.1 MB/s  0:00:00
Downloading skops-0.14.0-py3-none-any.whl (132 kB)
Downloading smmap-5.0.3-py3-none-any.whl (24 kB)
Downloading sqlalchemy-2.0.51-cp311-cp311-manylinux2014_x86_64.manylinux_2_17_x86_64.manylinux_2_28_x86_64.whl (3.3 MB)
   ━━━━━━━━━━━━━━━━━━━━━━━━━━━━━━━━━━━━━━━━ 3.3/3.3 MB 260.0 MB/s  0:00:00
Downloading sqlparse-0.5.5-py3-none-any.whl (46 kB)
Downloading starlette-1.3.1-py3-none-any.whl (73 kB)
Downloading anyio-4.14.2-py3-none-any.whl (125 kB)
Downloading typing_extensions-4.16.0-py3-none-any.whl (45 kB)
Downloading urllib3-2.7.0-py3-none-any.whl (131 kB)
Downloading uvicorn-0.51.0-py3-none-any.whl (73 kB)
Downloading yarl-1.24.5-cp311-cp311-manylinux2014_x86_64.manylinux_2_17_x86_64.manylinux_2_28_x86_64.whl (111 kB)
Downloading aiohappyeyeballs-2.7.1-py3-none-any.whl (15 kB)
Downloading aiosignal-1.4.0-py3-none-any.whl (7.5 kB)
Downloading annotated_doc-0.0.4-py3-none-any.whl (5.3 kB)
Downloading annotated_types-0.8.0-py3-none-any.whl (13 kB)
Downloading attrs-26.1.0-py3-none-any.whl (67 kB)
Downloading blinker-1.9.0-py3-none-any.whl (8.5 kB)
Downloading certifi-2026.7.22-py3-none-any.whl (136 kB)
Downloading cffi-2.1.0-cp311-cp311-manylinux2014_x86_64.manylinux_2_17_x86_64.whl (217 kB)
Downloading frozenlist-1.8.0-cp311-cp311-manylinux1_x86_64.manylinux_2_28_x86_64.manylinux_2_5_x86_64.whl (231 kB)
Downloading greenlet-3.5.4-cp311-cp311-manylinux_2_24_x86_64.manylinux_2_28_x86_64.whl (624 kB)
   ━━━━━━━━━━━━━━━━━━━━━━━━━━━━━━━━━━━━━━━━ 624.7/624.7 kB 420.1 MB/s  0:00:00
Downloading h11-0.16.0-py3-none-any.whl (37 kB)
Downloading itsdangerous-2.2.0-py3-none-any.whl (16 kB)
Downloading jinja2-3.1.6-py3-none-any.whl (134 kB)
Downloading markupsafe-3.0.3-cp311-cp311-manylinux2014_x86_64.manylinux_2_17_x86_64.manylinux_2_28_x86_64.whl (22 kB)
Downloading pillow-12.3.0-cp311-cp311-manylinux_2_27_x86_64.manylinux_2_28_x86_64.whl (6.9 MB)
   ━━━━━━━━━━━━━━━━━━━━━━━━━━━━━━━━━━━━━━━━ 6.9/6.9 MB 275.8 MB/s  0:00:00
Downloading prettytable-3.18.0-py3-none-any.whl (37 kB)
Downloading propcache-0.5.2-cp311-cp311-manylinux2014_x86_64.manylinux_2_17_x86_64.manylinux_2_28_x86_64.whl (58 kB)
Downloading pyasn1_modules-0.4.2-py3-none-any.whl (181 kB)
Downloading pyasn1-0.6.4-py3-none-any.whl (84 kB)
Downloading pyparsing-3.3.2-py3-none-any.whl (122 kB)
Downloading pytz-2026.3.post1-py2.py3-none-any.whl (508 kB)
Downloading six-1.17.0-py2.py3-none-any.whl (11 kB)
Downloading threadpoolctl-3.6.0-py3-none-any.whl (18 kB)
Downloading typing_inspection-0.4.2-py3-none-any.whl (14 kB)
Downloading tzdata-2026.3-py2.py3-none-any.whl (348 kB)
Downloading wcwidth-0.8.2-py3-none-any.whl (323 kB)
Downloading werkzeug-3.1.8-py3-none-any.whl (226 kB)
Downloading zipp-4.1.0-py3-none-any.whl (10 kB)
Downloading mako-1.3.12-py3-none-any.whl (78 kB)
Downloading nvidia_nccl_cu12-2.30.7-py3-none-manylinux_2_18_x86_64.whl (303.4 MB)
   ━━━━━━━━━━━━━━━━━━━━━━━━━━━━━━━━━━━━━━━━ 303.4/303.4 MB 188.3 MB/s  0:00:01
Downloading pycparser-3.0-py3-none-any.whl (48 kB)
Downloading pytest_runner-6.0.1-py3-none-any.whl (7.2 kB)
Downloading tqdm-4.70.0-py3-none-any.whl (80 kB)
Installing collected packages: pytz, huey, zipp, wcwidth, urllib3, tzdata, typing-extensions, tqdm, threadpoolctl, sqlparse, smmap, six, pyyaml, python-dotenv, pytest-runner, pyparsing, pycparser, pyasn1, psutil, protobuf, propcache, pillow, nvidia-nccl-cu12, numpy, multidict, markupsafe, kiwisolver, joblib, itsdangerous, idna, h11, gunicorn, greenlet, graphql-core, frozenlist, fonttools, cycler, cloudpickle, click, charset_normalizer, certifi, cachetools, blinker, attrs, annotated-types, annotated-doc, aiohappyeyeballs, yarl, werkzeug, uvicorn, typing-inspection, sqlalchemy, scipy, requests, python-dateutil, pydantic-core, pyasn1-modules, pyarrow, prettytable, opentelemetry-proto, opentelemetry-api, Mako, jinja2, importlib_metadata, graphql-relay, gitdb, contourpy, cffi, anyio, aiosignal, xgboost, starlette, scikit-learn, pydantic, pandas, opentelemetry-semantic-conventions, matplotlib, lightgbm, graphene, gitpython, Flask, docker, cryptography, alembic, aiohttp, skops, opentelemetry-sdk, google-auth, Flask-CORS, fastapi, databricks-sdk, mlflow-tracing, mlflow-skinny, mlflow, lazypredict

Successfully installed Flask-3.1.3 Flask-CORS-6.0.5 Mako-1.3.12 aiohappyeyeballs-2.7.1 aiohttp-3.14.3 aiosignal-1.4.0 alembic-1.18.5 annotated-doc-0.0.4 annotated-types-0.8.0 anyio-4.14.2 attrs-26.1.0 blinker-1.9.0 cachetools-7.1.6 certifi-2026.7.22 cffi-2.1.0 charset_normalizer-3.4.9 click-8.4.2 cloudpickle-3.1.2 contourpy-1.3.3 cryptography-48.0.1 cycler-0.12.1 databricks-sdk-0.122.0 docker-7.2.0 fastapi-0.140.8 fonttools-4.63.0 frozenlist-1.8.0 gitdb-4.0.12 gitpython-3.1.57 google-auth-2.56.2 graphene-3.4.3 graphql-core-3.2.11 graphql-relay-3.2.0 greenlet-3.5.4 gunicorn-26.0.0 h11-0.16.0 huey-3.3.0 idna-3.18 importlib_metadata-9.0.0 itsdangerous-2.2.0 jinja2-3.1.6 joblib-1.5.3 kiwisolver-1.5.0 lazypredict-0.2.16 lightgbm-4.6.0 markupsafe-3.0.3 matplotlib-3.8.4 mlflow-3.14.0 mlflow-skinny-3.14.0 mlflow-tracing-3.14.0 multidict-6.7.1 numpy-1.26.4 nvidia-nccl-cu12-2.30.7 opentelemetry-api-1.44.0 opentelemetry-proto-1.44.0 opentelemetry-sdk-1.44.0 opentelemetry-semantic-conventions-0.65b0 pandas-2.1.4 pillow-12.3.0 prettytable-3.18.0 propcache-0.5.2 protobuf-6.33.6 psutil-7.2.2 pyarrow-15.0.2 pyasn1-0.6.4 pyasn1-modules-0.4.2 pycparser-3.0 pydantic-2.13.4 pydantic-core-2.46.4 pyparsing-3.3.2 pytest-runner-6.0.1 python-dateutil-2.9.0.post0 python-dotenv-1.2.2 pytz-2026.3.post1 pyyaml-6.0.3 requests-2.34.2 scikit-learn-1.5.2 scipy-1.17.1 six-1.17.0 skops-0.14.0 smmap-5.0.3 sqlalchemy-2.0.51 sqlparse-0.5.5 starlette-1.3.1 threadpoolctl-3.6.0 tqdm-4.70.0 typing-extensions-4.16.0 typing-inspection-0.4.2 tzdata-2026.3 urllib3-2.7.0 uvicorn-0.51.0 wcwidth-0.8.2 werkzeug-3.1.8 xgboost-2.1.4 yarl-1.24.5 zipp-4.1.0
