Collecting numpy==1.26.4
  Downloading numpy-1.26.4-cp310-cp310-manylinux_2_17_x86_64.manylinux2014_x86_64.whl.metadata (61 kB)
Collecting pandas==2.1.4
  Downloading pandas-2.1.4-cp310-cp310-manylinux_2_17_x86_64.manylinux2014_x86_64.whl.metadata (18 kB)
Collecting scikit-learn==1.5.2
  Downloading scikit_learn-1.5.2-cp310-cp310-manylinux_2_17_x86_64.manylinux2014_x86_64.whl.metadata (13 kB)
Collecting matplotlib==3.8.4
  Downloading matplotlib-3.8.4-cp310-cp310-manylinux_2_17_x86_64.manylinux2014_x86_64.whl.metadata (5.8 kB)
Collecting pyarrow==15.0.2
  Downloading pyarrow-15.0.2-cp310-cp310-manylinux_2_28_x86_64.whl.metadata (3.0 kB)
Collecting joblib
  Downloading joblib-1.5.3-py3-none-any.whl.metadata (5.5 kB)
Collecting psutil
  Downloading psutil-7.2.2-cp36-abi3-manylinux2010_x86_64.manylinux_2_12_x86_64.manylinux_2_28_x86_64.whl.metadata (22 kB)
Collecting setuptools==80.9.0
  Downloading setuptools-80.9.0-py3-none-any.whl.metadata (6.6 kB)
Collecting tpot==0.12.2
  Downloading TPOT-0.12.2-py3-none-any.whl.metadata (2.0 kB)
Collecting xgboost==2.1.4
  Downloading xgboost-2.1.4-py3-none-manylinux_2_28_x86_64.whl.metadata (2.1 kB)
Collecting lightgbm==4.6.0
  Downloading lightgbm-4.6.0-py3-none-manylinux_2_28_x86_64.whl.metadata (17 kB)
Collecting python-dateutil>=2.8.2 (from pandas==2.1.4)
  Downloading python_dateutil-2.9.0.post0-py2.py3-none-any.whl.metadata (8.4 kB)
Collecting pytz>=2020.1 (from pandas==2.1.4)
  Downloading pytz-2026.3.post1-py2.py3-none-any.whl.metadata (22 kB)
Collecting tzdata>=2022.1 (from pandas==2.1.4)
  Downloading tzdata-2026.3-py2.py3-none-any.whl.metadata (1.4 kB)
Collecting scipy>=1.6.0 (from scikit-learn==1.5.2)
  Downloading scipy-1.15.3-cp310-cp310-manylinux_2_17_x86_64.manylinux2014_x86_64.whl.metadata (61 kB)
Collecting threadpoolctl>=3.1.0 (from scikit-learn==1.5.2)
  Downloading threadpoolctl-3.6.0-py3-none-any.whl.metadata (13 kB)
Collecting contourpy>=1.0.1 (from matplotlib==3.8.4)
  Downloading contourpy-1.3.2-cp310-cp310-manylinux_2_17_x86_64.manylinux2014_x86_64.whl.metadata (5.5 kB)
Collecting cycler>=0.10 (from matplotlib==3.8.4)
  Downloading cycler-0.12.1-py3-none-any.whl.metadata (3.8 kB)
Collecting fonttools>=4.22.0 (from matplotlib==3.8.4)
  Downloading fonttools-4.63.0-cp310-cp310-manylinux2014_x86_64.manylinux_2_17_x86_64.whl.metadata (118 kB)
Collecting kiwisolver>=1.3.1 (from matplotlib==3.8.4)
  Downloading kiwisolver-1.5.0-cp310-cp310-manylinux_2_12_x86_64.manylinux2010_x86_64.whl.metadata (5.1 kB)
Requirement already satisfied: packaging>=20.0 in ./micromamba/envs/ciciot_tpot/lib/python3.10/site-packages (from matplotlib==3.8.4) (26.2)
Collecting pillow>=8 (from matplotlib==3.8.4)
  Downloading pillow-12.3.0-cp310-cp310-manylinux_2_27_x86_64.manylinux_2_28_x86_64.whl.metadata (9.1 kB)
Collecting pyparsing>=2.3.1 (from matplotlib==3.8.4)
  Downloading pyparsing-3.3.2-py3-none-any.whl.metadata (5.8 kB)
Collecting deap>=1.2 (from tpot==0.12.2)
  Downloading deap-1.4.4-py3-none-any.whl.metadata (13 kB)
Collecting update-checker>=0.16 (from tpot==0.12.2)
  Downloading update_checker-1.0.0-py3-none-any.whl.metadata (2.9 kB)
Collecting tqdm>=4.36.1 (from tpot==0.12.2)
  Downloading tqdm-4.70.0-py3-none-any.whl.metadata (57 kB)
Collecting stopit>=1.1.1 (from tpot==0.12.2)
  Downloading stopit-1.1.2.tar.gz (18 kB)
  Installing build dependencies: started
  Installing build dependencies: finished with status 'done'
  Getting requirements to build wheel: started
  Getting requirements to build wheel: finished with status 'done'
  Preparing metadata (pyproject.toml): started
  Preparing metadata (pyproject.toml): finished with status 'done'
Collecting nvidia-nccl-cu12 (from xgboost==2.1.4)
  Downloading nvidia_nccl_cu12-2.30.7-py3-none-manylinux_2_18_x86_64.whl.metadata (2.1 kB)
Collecting moocore (from deap>=1.2->tpot==0.12.2)
  Downloading moocore-0.3.2-cp310-abi3-manylinux2014_x86_64.manylinux_2_17_x86_64.manylinux_2_28_x86_64.whl.metadata (6.5 kB)
Collecting six>=1.5 (from python-dateutil>=2.8.2->pandas==2.1.4)
  Downloading six-1.17.0-py2.py3-none-any.whl.metadata (1.7 kB)
Collecting cffi>=1.17.1 (from moocore->deap>=1.2->tpot==0.12.2)
  Downloading cffi-2.1.0-cp310-cp310-manylinux2014_x86_64.manylinux_2_17_x86_64.whl.metadata (2.5 kB)
Collecting platformdirs (from moocore->deap>=1.2->tpot==0.12.2)
  Downloading platformdirs-4.11.0-py3-none-any.whl.metadata (5.5 kB)
Collecting pycparser (from cffi>=1.17.1->moocore->deap>=1.2->tpot==0.12.2)
  Downloading pycparser-3.0-py3-none-any.whl.metadata (8.2 kB)
Downloading numpy-1.26.4-cp310-cp310-manylinux_2_17_x86_64.manylinux2014_x86_64.whl (18.2 MB)
   ━━━━━━━━━━━━━━━━━━━━━━━━━━━━━━━━━━━━━━━━ 18.2/18.2 MB 90.2 MB/s  0:00:00
Downloading pandas-2.1.4-cp310-cp310-manylinux_2_17_x86_64.manylinux2014_x86_64.whl (12.3 MB)
   ━━━━━━━━━━━━━━━━━━━━━━━━━━━━━━━━━━━━━━━━ 12.3/12.3 MB 158.7 MB/s  0:00:00
Downloading scikit_learn-1.5.2-cp310-cp310-manylinux_2_17_x86_64.manylinux2014_x86_64.whl (13.3 MB)
   ━━━━━━━━━━━━━━━━━━━━━━━━━━━━━━━━━━━━━━━━ 13.3/13.3 MB 179.6 MB/s  0:00:00
Downloading matplotlib-3.8.4-cp310-cp310-manylinux_2_17_x86_64.manylinux2014_x86_64.whl (11.6 MB)
   ━━━━━━━━━━━━━━━━━━━━━━━━━━━━━━━━━━━━━━━━ 11.6/11.6 MB 291.6 MB/s  0:00:00
Downloading pyarrow-15.0.2-cp310-cp310-manylinux_2_28_x86_64.whl (38.3 MB)
   ━━━━━━━━━━━━━━━━━━━━━━━━━━━━━━━━━━━━━━━━ 38.3/38.3 MB 147.4 MB/s  0:00:00
Downloading setuptools-80.9.0-py3-none-any.whl (1.2 MB)
   ━━━━━━━━━━━━━━━━━━━━━━━━━━━━━━━━━━━━━━━━ 1.2/1.2 MB 169.4 MB/s  0:00:00
Downloading TPOT-0.12.2-py3-none-any.whl (87 kB)
Downloading xgboost-2.1.4-py3-none-manylinux_2_28_x86_64.whl (223.6 MB)
   ━━━━━━━━━━━━━━━━━━━━━━━━━━━━━━━━━━━━━━━━ 223.6/223.6 MB 210.3 MB/s  0:00:01
Downloading lightgbm-4.6.0-py3-none-manylinux_2_28_x86_64.whl (3.6 MB)
   ━━━━━━━━━━━━━━━━━━━━━━━━━━━━━━━━━━━━━━━━ 3.6/3.6 MB 228.6 MB/s  0:00:00
Downloading joblib-1.5.3-py3-none-any.whl (309 kB)
Downloading psutil-7.2.2-cp36-abi3-manylinux2010_x86_64.manylinux_2_12_x86_64.manylinux_2_28_x86_64.whl (155 kB)
Downloading contourpy-1.3.2-cp310-cp310-manylinux_2_17_x86_64.manylinux2014_x86_64.whl (325 kB)
Downloading cycler-0.12.1-py3-none-any.whl (8.3 kB)
Downloading deap-1.4.4-py3-none-any.whl (93 kB)
Downloading fonttools-4.63.0-cp310-cp310-manylinux2014_x86_64.manylinux_2_17_x86_64.whl (4.9 MB)
   ━━━━━━━━━━━━━━━━━━━━━━━━━━━━━━━━━━━━━━━━ 4.9/4.9 MB 333.5 MB/s  0:00:00
Downloading kiwisolver-1.5.0-cp310-cp310-manylinux_2_12_x86_64.manylinux2010_x86_64.whl (1.6 MB)
   ━━━━━━━━━━━━━━━━━━━━━━━━━━━━━━━━━━━━━━━━ 1.6/1.6 MB 375.4 MB/s  0:00:00
Downloading pillow-12.3.0-cp310-cp310-manylinux_2_27_x86_64.manylinux_2_28_x86_64.whl (6.9 MB)
   ━━━━━━━━━━━━━━━━━━━━━━━━━━━━━━━━━━━━━━━━ 6.9/6.9 MB 277.5 MB/s  0:00:00
Downloading pyparsing-3.3.2-py3-none-any.whl (122 kB)
Downloading python_dateutil-2.9.0.post0-py2.py3-none-any.whl (229 kB)
Downloading pytz-2026.3.post1-py2.py3-none-any.whl (508 kB)
Downloading scipy-1.15.3-cp310-cp310-manylinux_2_17_x86_64.manylinux2014_x86_64.whl (37.7 MB)
   ━━━━━━━━━━━━━━━━━━━━━━━━━━━━━━━━━━━━━━━━ 37.7/37.7 MB 280.7 MB/s  0:00:00
Downloading six-1.17.0-py2.py3-none-any.whl (11 kB)
Downloading threadpoolctl-3.6.0-py3-none-any.whl (18 kB)
Downloading tqdm-4.70.0-py3-none-any.whl (80 kB)
Downloading tzdata-2026.3-py2.py3-none-any.whl (348 kB)
Downloading update_checker-1.0.0-py3-none-any.whl (10 kB)
Downloading moocore-0.3.2-cp310-abi3-manylinux2014_x86_64.manylinux_2_17_x86_64.manylinux_2_28_x86_64.whl (879 kB)
   ━━━━━━━━━━━━━━━━━━━━━━━━━━━━━━━━━━━━━━━━ 879.5/879.5 kB 432.4 MB/s  0:00:00
Downloading cffi-2.1.0-cp310-cp310-manylinux2014_x86_64.manylinux_2_17_x86_64.whl (218 kB)
Downloading nvidia_nccl_cu12-2.30.7-py3-none-manylinux_2_18_x86_64.whl (303.4 MB)
   ━━━━━━━━━━━━━━━━━━━━━━━━━━━━━━━━━━━━━━━━ 303.4/303.4 MB 180.5 MB/s  0:00:01
Downloading platformdirs-4.11.0-py3-none-any.whl (23 kB)
Downloading pycparser-3.0-py3-none-any.whl (48 kB)
Building wheels for collected packages: stopit
  Building wheel for stopit (pyproject.toml): started
  Building wheel for stopit (pyproject.toml): finished with status 'done'
  Created wheel for stopit: filename=stopit-1.1.2-py3-none-any.whl size=11984 sha256=b65670547f9763097635376a0cf3621eac6061e3a7f37ff63edc414fd1d780c5
  Stored in directory: /tmp/pip-ephem-wheel-cache-fvyvvg_i/wheels/af/f9/87/bf5b3d565c2a007b4dae9d8142dccc85a9f164e517062dd519
Successfully built stopit
Installing collected packages: stopit, pytz, update-checker, tzdata, tqdm, threadpoolctl, six, setuptools, pyparsing, pycparser, psutil, platformdirs, pillow, nvidia-nccl-cu12, numpy, kiwisolver, joblib, fonttools, cycler, scipy, python-dateutil, pyarrow, contourpy, cffi, xgboost, scikit-learn, pandas, moocore, matplotlib, lightgbm, deap, tpot
  Attempting uninstall: setuptools
    Found existing installation: setuptools 83.0.0
    Uninstalling setuptools-83.0.0:
      Successfully uninstalled setuptools-83.0.0

Successfully installed cffi-2.1.0 contourpy-1.3.2 cycler-0.12.1 deap-1.4.4 fonttools-4.63.0 joblib-1.5.3 kiwisolver-1.5.0 lightgbm-4.6.0 matplotlib-3.8.4 moocore-0.3.2 numpy-1.26.4 nvidia-nccl-cu12-2.30.7 pandas-2.1.4 pillow-12.3.0 platformdirs-4.11.0 psutil-7.2.2 pyarrow-15.0.2 pycparser-3.0 pyparsing-3.3.2 python-dateutil-2.9.0.post0 pytz-2026.3.post1 scikit-learn-1.5.2 scipy-1.15.3 setuptools-80.9.0 six-1.17.0 stopit-1.1.2 threadpoolctl-3.6.0 tpot-0.12.2 tqdm-4.70.0 tzdata-2026.3 update-checker-1.0.0 xgboost-2.1.4
