Verbosity: 3 (Detailed Logging)
	Failed to import torch or check CUDA availability!Please ensure you have the correct version of PyTorch installed by running `pip install -U torch`
=================== System Info ===================
AutoGluon Version:  1.5.0
Python Version:     3.11.15
Operating System:   Linux
Platform Machine:   x86_64
Platform Version:   #1 SMP Thu Apr 30 18:17:14 UTC 2026
CPU Count:          2
Pytorch Version:    Can't import torch
CUDA Version:       Can't get cuda version from torch
GPU Count:          WARNING: Exception was raised when calculating GPU count (ModuleNotFoundError)
Memory Avail:       11.21 GB / 12.67 GB (88.4%)
Disk Space Avail:   4.59 GB / 15.00 GB (30.6%)
	WARNING: Available disk space is low and there is a risk that AutoGluon will run out of disk during fit, causing an exception. 
	We recommend a minimum available disk space of 10 GB, and large datasets may require more.
===================================================
Presets specified: ['best_quality']
============ fit kwarg info ============
User Specified kwargs:
{'auto_stack': True}
Full kwargs:
{'_experimental_dynamic_hyperparameters': False,
 '_feature_generator_kwargs': None,
 '_save_bag_folds': None,
 'ag_args': None,
 'ag_args_ensemble': None,
 'ag_args_fit': None,
 'auto_stack': True,
 'calibrate': 'auto',
 'delay_bag_sets': False,
 'ds_args': {'clean_up_fits': True,
             'detection_time_frac': 0.25,
             'enable_callbacks': True,
             'enable_ray_logging': True,
             'holdout_data': None,
             'holdout_frac': 0.1111111111111111,
             'memory_safe_fits': 'auto',
             'n_folds': 2,
             'n_repeats': 1,
             'validation_procedure': 'holdout'},
 'excluded_model_types': None,
 'feature_generator': 'auto',
 'feature_prune_kwargs': None,
 'holdout_frac': None,
 'hyperparameter_tune_kwargs': None,
 'included_model_types': None,
 'keep_only_best': False,
 'learning_curves': False,
 'name_suffix': None,
 'num_bag_folds': None,
 'num_bag_sets': None,
 'num_stack_levels': None,
 'pseudo_data': None,
 'raise_on_model_failure': False,
 'raise_on_no_models_fitted': True,
 'refit_full': False,
 'save_bag_folds': None,
 'save_space': False,
 'set_best_to_refit_full': False,
 'test_data': None,
 'unlabeled_data': None,
 'use_bag_holdout': False,
 'verbosity': 3}
========================================
Setting dynamic_stacking from 'auto' to True. Reason: Enable dynamic_stacking when use_bag_holdout is disabled. (use_bag_holdout=False)
Stack configuration (auto_stack=True): num_stack_levels=1, num_bag_folds=8, num_bag_sets=1
DyStack is enabled (dynamic_stacking=True). AutoGluon will try to determine whether the input data is affected by stacked overfitting and enable or disable stacking as a consequence.
	This is used to identify the optimal `num_stack_levels` value. Copies of AutoGluon will be fit on subsets of the data. Then holdout validation data is used to detect stacked overfitting.
	Running DyStack for up to 900s of the 3600s of remaining time (25%).
		Context path: "/content/drive/MyDrive/CICIoT2023_Resultados/AutoML_Comparativo_Unificado/20260728_175118/binario/autogluon/modelo_autogluon/ds_sub_fit/sub_fit_ho"
Running DyStack sub-fit ...
Saving /content/drive/MyDrive/CICIoT2023_Resultados/AutoML_Comparativo_Unificado/20260728_175118/binario/autogluon/modelo_autogluon/ds_sub_fit/sub_fit_ho/learner.pkl
Saving /content/drive/MyDrive/CICIoT2023_Resultados/AutoML_Comparativo_Unificado/20260728_175118/binario/autogluon/modelo_autogluon/ds_sub_fit/sub_fit_ho/predictor.pkl
Beginning AutoGluon training ... Time limit = 900s
AutoGluon will save models to "/content/drive/MyDrive/CICIoT2023_Resultados/AutoML_Comparativo_Unificado/20260728_175118/binario/autogluon/modelo_autogluon/ds_sub_fit/sub_fit_ho"
Train Data Rows:    71111
Train Data Columns: 39
Label Column:       label_binary
Problem Type:       binary
Preprocessing data ...
Selected class <--> label mapping:  class 1 = Malicious, class 0 = Benign
Using Feature Generators to preprocess the data ...
Fitting AutoMLPipelineFeatureGenerator...
	Available Memory:                    11457.65 MB
	Train Data (Original)  Memory Usage: 10.58 MB (0.1% of available memory)
	Inferring data type of each feature based on column values. Set feature_metadata_in to manually specify special dtypes of the features.
	Stage 1 Generators:
		Fitting AsTypeFeatureGenerator...
			Original Features (exact raw dtype, raw dtype):
				('float32', 'float') : 39 | ['Header_Length', 'Protocol Type', 'Time_To_Live', 'Rate', 'fin_flag_number', ...]
			Types of features in original data (raw dtype, special dtypes):
				('float', []) : 39 | ['Header_Length', 'Protocol Type', 'Time_To_Live', 'Rate', 'fin_flag_number', ...]
			Types of features in processed data (raw dtype, special dtypes):
				('float', []) : 39 | ['Header_Length', 'Protocol Type', 'Time_To_Live', 'Rate', 'fin_flag_number', ...]
			0.0s = Fit runtime
			39 features in original data used to generate 39 features in processed data.
	Stage 2 Generators:
		Fitting FillNaFeatureGenerator...
			Types of features in original data (raw dtype, special dtypes):
				('float', []) : 39 | ['Header_Length', 'Protocol Type', 'Time_To_Live', 'Rate', 'fin_flag_number', ...]
			Types of features in processed data (raw dtype, special dtypes):
				('float', []) : 39 | ['Header_Length', 'Protocol Type', 'Time_To_Live', 'Rate', 'fin_flag_number', ...]
			0.0s = Fit runtime
			39 features in original data used to generate 39 features in processed data.
	Stage 3 Generators:
		Fitting IdentityFeatureGenerator...
			Types of features in original data (raw dtype, special dtypes):
				('float', []) : 39 | ['Header_Length', 'Protocol Type', 'Time_To_Live', 'Rate', 'fin_flag_number', ...]
			Types of features in processed data (raw dtype, special dtypes):
				('float', []) : 39 | ['Header_Length', 'Protocol Type', 'Time_To_Live', 'Rate', 'fin_flag_number', ...]
			0.0s = Fit runtime
			39 features in original data used to generate 39 features in processed data.
		Skipping CategoryFeatureGenerator: No input feature with required dtypes.
		Skipping DatetimeFeatureGenerator: No input feature with required dtypes.
		Skipping TextSpecialFeatureGenerator: No input feature with required dtypes.
		Skipping TextNgramFeatureGenerator: No input feature with required dtypes.
		Skipping IdentityFeatureGenerator: No input feature with required dtypes.
		Skipping IsNanFeatureGenerator: No input feature with required dtypes.
	Stage 4 Generators:
		Fitting DropUniqueFeatureGenerator...
			Types of features in original data (raw dtype, special dtypes):
				('float', []) : 39 | ['Header_Length', 'Protocol Type', 'Time_To_Live', 'Rate', 'fin_flag_number', ...]
			Types of features in processed data (raw dtype, special dtypes):
				('float', []) : 39 | ['Header_Length', 'Protocol Type', 'Time_To_Live', 'Rate', 'fin_flag_number', ...]
			0.1s = Fit runtime
			39 features in original data used to generate 39 features in processed data.
	Stage 5 Generators:
		Fitting DropDuplicatesFeatureGenerator...
			3 duplicate columns removed: ['SMTP', 'LLC', 'Tot size']
			Types of features in original data (raw dtype, special dtypes):
				('float', []) : 36 | ['Header_Length', 'Protocol Type', 'Time_To_Live', 'Rate', 'fin_flag_number', ...]
			Types of features in processed data (raw dtype, special dtypes):
				('float', []) : 36 | ['Header_Length', 'Protocol Type', 'Time_To_Live', 'Rate', 'fin_flag_number', ...]
			0.0s = Fit runtime
			36 features in original data used to generate 36 features in processed data.
	Unused Original Features (Count: 3): ['SMTP', 'LLC', 'Tot size']
		These features were not used to generate any of the output features. Add a feature generator compatible with these features to utilize them.
		Features can also be unused if they carry very little information, such as being categorical but having almost entirely unique values or being duplicates of other features.
		These features do not need to be present at inference time.
		('float', []) : 3 | ['SMTP', 'LLC', 'Tot size']
	Types of features in original data (exact raw dtype, raw dtype):
		('float32', 'float') : 36 | ['Header_Length', 'Protocol Type', 'Time_To_Live', 'Rate', 'fin_flag_number', ...]
	Types of features in original data (raw dtype, special dtypes):
		('float', []) : 36 | ['Header_Length', 'Protocol Type', 'Time_To_Live', 'Rate', 'fin_flag_number', ...]
	Types of features in processed data (exact raw dtype, raw dtype):
		('float32', 'float') : 36 | ['Header_Length', 'Protocol Type', 'Time_To_Live', 'Rate', 'fin_flag_number', ...]
	Types of features in processed data (raw dtype, special dtypes):
		('float', []) : 36 | ['Header_Length', 'Protocol Type', 'Time_To_Live', 'Rate', 'fin_flag_number', ...]
	0.3s = Fit runtime
	36 features in original data used to generate 36 features in processed data.
	Train Data (Processed) Memory Usage: 9.77 MB (0.1% of available memory)
Data preprocessing and feature engineering runtime = 0.32s ...
AutoGluon will gauge predictive performance using evaluation metric: 'f1_macro'
	To change this, specify the eval_metric parameter of Predictor()
Saving /content/drive/MyDrive/CICIoT2023_Resultados/AutoML_Comparativo_Unificado/20260728_175118/binario/autogluon/modelo_autogluon/ds_sub_fit/sub_fit_ho/learner.pkl
User-specified model hyperparameters to be fit:
{
	'GBM': [{}],
	'XGB': [{}],
	'RF': [{}],
	'XT': [{}],
}
Saving /content/drive/MyDrive/CICIoT2023_Resultados/AutoML_Comparativo_Unificado/20260728_175118/binario/autogluon/modelo_autogluon/ds_sub_fit/sub_fit_ho/utils/data/X.pkl
Saving /content/drive/MyDrive/CICIoT2023_Resultados/AutoML_Comparativo_Unificado/20260728_175118/binario/autogluon/modelo_autogluon/ds_sub_fit/sub_fit_ho/utils/data/y.pkl
AutoGluon will fit 2 stack levels (L1 to L2) ...
Model configs that will be trained (in order):
	LightGBM_BAG_L1: 	{'ag_args': {'problem_types': ['binary', 'multiclass', 'regression', 'quantile', 'softclass'], 'model_type': <class 'autogluon.tabular.models.lgb.lgb_model.LGBModel'>, 'priority': 90}}
	RandomForest_BAG_L1: 	{'ag_args': {'problem_types': ['binary', 'multiclass', 'regression', 'quantile', 'softclass'], 'model_type': <class 'autogluon.tabular.models.rf.rf_model.RFModel'>, 'priority': 80}, 'ag_args_ensemble': {'use_child_oof': True}}
	ExtraTrees_BAG_L1: 	{'ag_args': {'problem_types': ['binary', 'multiclass', 'regression', 'quantile'], 'model_type': <class 'autogluon.tabular.models.xt.xt_model.XTModel'>, 'priority': 60}, 'ag_args_ensemble': {'use_child_oof': True}}
	XGBoost_BAG_L1: 	{'ag_args': {'problem_types': ['binary', 'multiclass', 'regression', 'softclass'], 'model_type': <class 'autogluon.tabular.models.xgboost.xgboost_model.XGBoostModel'>, 'priority': 40}}
Fitting 4 L1 models, fit_strategy="sequential" ...
Fitting model: LightGBM_BAG_L1 ... Training model for up to 599.64s of the 899.68s of remaining time.
	Failed to import torch or check CUDA availability!Please ensure you have the correct version of PyTorch installed by running `pip install -U torch`
	Fitting LightGBM_BAG_L1 with 'num_gpus': 0, 'num_cpus': 1
Saving /content/drive/MyDrive/CICIoT2023_Resultados/AutoML_Comparativo_Unificado/20260728_175118/binario/autogluon/modelo_autogluon/ds_sub_fit/sub_fit_ho/models/LightGBM_BAG_L1/utils/model_template.pkl
Loading: /content/drive/MyDrive/CICIoT2023_Resultados/AutoML_Comparativo_Unificado/20260728_175118/binario/autogluon/modelo_autogluon/ds_sub_fit/sub_fit_ho/models/LightGBM_BAG_L1/utils/model_template.pkl
Will use sequential fold fitting strategy because import of ray failed. Reason: ray is required to train folds in parallel for TabularPredictor or HPO for MultiModalPredictor. A quick tip is to install via `pip install "ray>=2.43.0,<2.53.0"`
	Fitting 8 child models (S1F1 - S1F8) | Fitting with SequentialLocalFoldFittingStrategy (sequential: cpus=1, gpus=0)
	Fitting 10000 rounds... Hyperparameters: {'learning_rate': 0.05, 'seed': 0}
	Fitting 10000 rounds... Hyperparameters: {'learning_rate': 0.05, 'seed': 0}
	Fitting 10000 rounds... Hyperparameters: {'learning_rate': 0.05, 'seed': 0}
	Fitting 10000 rounds... Hyperparameters: {'learning_rate': 0.05, 'seed': 0}
	Fitting 10000 rounds... Hyperparameters: {'learning_rate': 0.05, 'seed': 0}
	Fitting 10000 rounds... Hyperparameters: {'learning_rate': 0.05, 'seed': 0}
	Fitting 10000 rounds... Hyperparameters: {'learning_rate': 0.05, 'seed': 0}
	Fitting 10000 rounds... Hyperparameters: {'learning_rate': 0.05, 'seed': 0}
Saving /content/drive/MyDrive/CICIoT2023_Resultados/AutoML_Comparativo_Unificado/20260728_175118/binario/autogluon/modelo_autogluon/ds_sub_fit/sub_fit_ho/models/LightGBM_BAG_L1/utils/oof.pkl
Saving /content/drive/MyDrive/CICIoT2023_Resultados/AutoML_Comparativo_Unificado/20260728_175118/binario/autogluon/modelo_autogluon/ds_sub_fit/sub_fit_ho/models/LightGBM_BAG_L1/model.pkl
	0.992	 = Validation score   (f1_macro)
	27.91s	 = Training   runtime
	0.32s	 = Validation runtime
	27546.6	 = Inference  throughput (rows/s | 8889 batch size)
Saving /content/drive/MyDrive/CICIoT2023_Resultados/AutoML_Comparativo_Unificado/20260728_175118/binario/autogluon/modelo_autogluon/ds_sub_fit/sub_fit_ho/models/trainer.pkl
Fitting model: RandomForest_BAG_L1 ... Training model for up to 570.88s of the 870.92s of remaining time.
	Failed to import torch or check CUDA availability!Please ensure you have the correct version of PyTorch installed by running `pip install -U torch`
	Fitting RandomForest_BAG_L1 with 'num_gpus': 0, 'num_cpus': 1
Saving /content/drive/MyDrive/CICIoT2023_Resultados/AutoML_Comparativo_Unificado/20260728_175118/binario/autogluon/modelo_autogluon/ds_sub_fit/sub_fit_ho/models/RandomForest_BAG_L1/utils/model_template.pkl
Loading: /content/drive/MyDrive/CICIoT2023_Resultados/AutoML_Comparativo_Unificado/20260728_175118/binario/autogluon/modelo_autogluon/ds_sub_fit/sub_fit_ho/models/RandomForest_BAG_L1/utils/model_template.pkl
	Fitting 1 model on all data (use_child_oof=True) | Fitting with cpus=1, gpus=0, mem=0.3/11.1 GB
	13.72s	= Estimated out-of-fold prediction time...
	`use_child_oof` was specified for this model. It will function similarly to a bagged model, but will only fit one child model.
Saving /content/drive/MyDrive/CICIoT2023_Resultados/AutoML_Comparativo_Unificado/20260728_175118/binario/autogluon/modelo_autogluon/ds_sub_fit/sub_fit_ho/models/RandomForest_BAG_L1/utils/oof.pkl
Saving /content/drive/MyDrive/CICIoT2023_Resultados/AutoML_Comparativo_Unificado/20260728_175118/binario/autogluon/modelo_autogluon/ds_sub_fit/sub_fit_ho/models/RandomForest_BAG_L1/model.pkl
	0.9916	 = Validation score   (f1_macro)
	44.89s	 = Training   runtime
	3.64s	 = Validation runtime
	19515.8	 = Inference  throughput (rows/s | 71111 batch size)
Saving /content/drive/MyDrive/CICIoT2023_Resultados/AutoML_Comparativo_Unificado/20260728_175118/binario/autogluon/modelo_autogluon/ds_sub_fit/sub_fit_ho/models/trainer.pkl
Fitting model: ExtraTrees_BAG_L1 ... Training model for up to 521.82s of the 821.86s of remaining time.
	Failed to import torch or check CUDA availability!Please ensure you have the correct version of PyTorch installed by running `pip install -U torch`
	Fitting ExtraTrees_BAG_L1 with 'num_gpus': 0, 'num_cpus': 1
Saving /content/drive/MyDrive/CICIoT2023_Resultados/AutoML_Comparativo_Unificado/20260728_175118/binario/autogluon/modelo_autogluon/ds_sub_fit/sub_fit_ho/models/ExtraTrees_BAG_L1/utils/model_template.pkl
Loading: /content/drive/MyDrive/CICIoT2023_Resultados/AutoML_Comparativo_Unificado/20260728_175118/binario/autogluon/modelo_autogluon/ds_sub_fit/sub_fit_ho/models/ExtraTrees_BAG_L1/utils/model_template.pkl
	Fitting 1 model on all data (use_child_oof=True) | Fitting with cpus=1, gpus=0, mem=0.3/11.1 GB
	13.92s	= Estimated out-of-fold prediction time...
	`use_child_oof` was specified for this model. It will function similarly to a bagged model, but will only fit one child model.
Saving /content/drive/MyDrive/CICIoT2023_Resultados/AutoML_Comparativo_Unificado/20260728_175118/binario/autogluon/modelo_autogluon/ds_sub_fit/sub_fit_ho/models/ExtraTrees_BAG_L1/utils/oof.pkl
Saving /content/drive/MyDrive/CICIoT2023_Resultados/AutoML_Comparativo_Unificado/20260728_175118/binario/autogluon/modelo_autogluon/ds_sub_fit/sub_fit_ho/models/ExtraTrees_BAG_L1/model.pkl
	0.9899	 = Validation score   (f1_macro)
	16.12s	 = Training   runtime
	3.55s	 = Validation runtime
	20012.9	 = Inference  throughput (rows/s | 71111 batch size)
Saving /content/drive/MyDrive/CICIoT2023_Resultados/AutoML_Comparativo_Unificado/20260728_175118/binario/autogluon/modelo_autogluon/ds_sub_fit/sub_fit_ho/models/trainer.pkl
Fitting model: XGBoost_BAG_L1 ... Training model for up to 501.49s of the 801.53s of remaining time.
	Failed to import torch or check CUDA availability!Please ensure you have the correct version of PyTorch installed by running `pip install -U torch`
	Fitting XGBoost_BAG_L1 with 'num_gpus': 0, 'num_cpus': 1
Saving /content/drive/MyDrive/CICIoT2023_Resultados/AutoML_Comparativo_Unificado/20260728_175118/binario/autogluon/modelo_autogluon/ds_sub_fit/sub_fit_ho/models/XGBoost_BAG_L1/utils/model_template.pkl
Loading: /content/drive/MyDrive/CICIoT2023_Resultados/AutoML_Comparativo_Unificado/20260728_175118/binario/autogluon/modelo_autogluon/ds_sub_fit/sub_fit_ho/models/XGBoost_BAG_L1/utils/model_template.pkl
	Fitting 8 child models (S1F1 - S1F8) | Fitting with SequentialLocalFoldFittingStrategy (sequential: cpus=1, gpus=0)
Saving /content/drive/MyDrive/CICIoT2023_Resultados/AutoML_Comparativo_Unificado/20260728_175118/binario/autogluon/modelo_autogluon/ds_sub_fit/sub_fit_ho/models/XGBoost_BAG_L1/utils/oof.pkl
Saving /content/drive/MyDrive/CICIoT2023_Resultados/AutoML_Comparativo_Unificado/20260728_175118/binario/autogluon/modelo_autogluon/ds_sub_fit/sub_fit_ho/models/XGBoost_BAG_L1/model.pkl
	0.9915	 = Validation score   (f1_macro)
	31.78s	 = Training   runtime
	0.33s	 = Validation runtime
	27319.6	 = Inference  throughput (rows/s | 8889 batch size)
Saving /content/drive/MyDrive/CICIoT2023_Resultados/AutoML_Comparativo_Unificado/20260728_175118/binario/autogluon/modelo_autogluon/ds_sub_fit/sub_fit_ho/models/trainer.pkl
Loading: /content/drive/MyDrive/CICIoT2023_Resultados/AutoML_Comparativo_Unificado/20260728_175118/binario/autogluon/modelo_autogluon/ds_sub_fit/sub_fit_ho/models/LightGBM_BAG_L1/utils/oof.pkl
Loading: /content/drive/MyDrive/CICIoT2023_Resultados/AutoML_Comparativo_Unificado/20260728_175118/binario/autogluon/modelo_autogluon/ds_sub_fit/sub_fit_ho/models/RandomForest_BAG_L1/utils/oof.pkl
Loading: /content/drive/MyDrive/CICIoT2023_Resultados/AutoML_Comparativo_Unificado/20260728_175118/binario/autogluon/modelo_autogluon/ds_sub_fit/sub_fit_ho/models/ExtraTrees_BAG_L1/utils/oof.pkl
Loading: /content/drive/MyDrive/CICIoT2023_Resultados/AutoML_Comparativo_Unificado/20260728_175118/binario/autogluon/modelo_autogluon/ds_sub_fit/sub_fit_ho/models/XGBoost_BAG_L1/utils/oof.pkl
Model configs that will be trained (in order):
	WeightedEnsemble_L2: 	{'ag_args': {'problem_types': ['binary', 'multiclass', 'regression', 'quantile', 'softclass'], 'valid_base': False, 'name_bag_suffix': '', 'model_type': <class 'autogluon.core.models.greedy_ensemble.greedy_weighted_ensemble_model.GreedyWeightedEnsembleModel'>, 'priority': 0}, 'ag_args_ensemble': {'save_bag_folds': True}}
Fitting model: WeightedEnsemble_L2 ... Training model for up to 360.00s of the 768.84s of remaining time.
	Failed to import torch or check CUDA availability!Please ensure you have the correct version of PyTorch installed by running `pip install -U torch`
	Fitting WeightedEnsemble_L2 with 'num_gpus': 0, 'num_cpus': 1
Saving /content/drive/MyDrive/CICIoT2023_Resultados/AutoML_Comparativo_Unificado/20260728_175118/binario/autogluon/modelo_autogluon/ds_sub_fit/sub_fit_ho/models/WeightedEnsemble_L2/utils/model_template.pkl
Loading: /content/drive/MyDrive/CICIoT2023_Resultados/AutoML_Comparativo_Unificado/20260728_175118/binario/autogluon/modelo_autogluon/ds_sub_fit/sub_fit_ho/models/WeightedEnsemble_L2/utils/model_template.pkl
	Fitting 1 model on all data | Fitting with cpus=1, gpus=0, mem=0.0/11.0 GB
Ensemble size: 1
Ensemble weights: 
[1. 0. 0. 0.]
	0.09s	= Estimated out-of-fold prediction time...
Saving /content/drive/MyDrive/CICIoT2023_Resultados/AutoML_Comparativo_Unificado/20260728_175118/binario/autogluon/modelo_autogluon/ds_sub_fit/sub_fit_ho/models/WeightedEnsemble_L2/utils/oof.pkl
Saving /content/drive/MyDrive/CICIoT2023_Resultados/AutoML_Comparativo_Unificado/20260728_175118/binario/autogluon/modelo_autogluon/ds_sub_fit/sub_fit_ho/models/WeightedEnsemble_L2/model.pkl
	Ensemble Weights: {'LightGBM_BAG_L1': 1.0}
	0.992	 = Validation score   (f1_macro)
	1.32s	 = Training   runtime
	0.02s	 = Validation runtime
	27347.4	 = Inference  throughput (rows/s | 8889 batch size)
Saving /content/drive/MyDrive/CICIoT2023_Resultados/AutoML_Comparativo_Unificado/20260728_175118/binario/autogluon/modelo_autogluon/ds_sub_fit/sub_fit_ho/models/trainer.pkl
Model configs that will be trained (in order):
	LightGBM_BAG_L2: 	{'ag_args': {'problem_types': ['binary', 'multiclass', 'regression', 'quantile', 'softclass'], 'model_type': <class 'autogluon.tabular.models.lgb.lgb_model.LGBModel'>, 'priority': 90}}
	RandomForest_BAG_L2: 	{'ag_args': {'problem_types': ['binary', 'multiclass', 'regression', 'quantile', 'softclass'], 'model_type': <class 'autogluon.tabular.models.rf.rf_model.RFModel'>, 'priority': 80}, 'ag_args_ensemble': {'use_child_oof': True}}
	ExtraTrees_BAG_L2: 	{'ag_args': {'problem_types': ['binary', 'multiclass', 'regression', 'quantile'], 'model_type': <class 'autogluon.tabular.models.xt.xt_model.XTModel'>, 'priority': 60}, 'ag_args_ensemble': {'use_child_oof': True}}
	XGBoost_BAG_L2: 	{'ag_args': {'problem_types': ['binary', 'multiclass', 'regression', 'softclass'], 'model_type': <class 'autogluon.tabular.models.xgboost.xgboost_model.XGBoostModel'>, 'priority': 40}}
Fitting 4 L2 models, fit_strategy="sequential" ...
Loading: /content/drive/MyDrive/CICIoT2023_Resultados/AutoML_Comparativo_Unificado/20260728_175118/binario/autogluon/modelo_autogluon/ds_sub_fit/sub_fit_ho/models/LightGBM_BAG_L1/utils/oof.pkl
Loading: /content/drive/MyDrive/CICIoT2023_Resultados/AutoML_Comparativo_Unificado/20260728_175118/binario/autogluon/modelo_autogluon/ds_sub_fit/sub_fit_ho/models/RandomForest_BAG_L1/utils/oof.pkl
Loading: /content/drive/MyDrive/CICIoT2023_Resultados/AutoML_Comparativo_Unificado/20260728_175118/binario/autogluon/modelo_autogluon/ds_sub_fit/sub_fit_ho/models/ExtraTrees_BAG_L1/utils/oof.pkl
Loading: /content/drive/MyDrive/CICIoT2023_Resultados/AutoML_Comparativo_Unificado/20260728_175118/binario/autogluon/modelo_autogluon/ds_sub_fit/sub_fit_ho/models/XGBoost_BAG_L1/utils/oof.pkl
Fitting model: LightGBM_BAG_L2 ... Training model for up to 767.41s of the 767.38s of remaining time.
	Failed to import torch or check CUDA availability!Please ensure you have the correct version of PyTorch installed by running `pip install -U torch`
	Fitting LightGBM_BAG_L2 with 'num_gpus': 0, 'num_cpus': 1
Saving /content/drive/MyDrive/CICIoT2023_Resultados/AutoML_Comparativo_Unificado/20260728_175118/binario/autogluon/modelo_autogluon/ds_sub_fit/sub_fit_ho/models/LightGBM_BAG_L2/utils/model_template.pkl
Loading: /content/drive/MyDrive/CICIoT2023_Resultados/AutoML_Comparativo_Unificado/20260728_175118/binario/autogluon/modelo_autogluon/ds_sub_fit/sub_fit_ho/models/LightGBM_BAG_L2/utils/model_template.pkl
	Fitting 8 child models (S1F1 - S1F8) | Fitting with SequentialLocalFoldFittingStrategy (sequential: cpus=1, gpus=0)
	Fitting 10000 rounds... Hyperparameters: {'learning_rate': 0.05, 'seed': 0}
	Fitting 10000 rounds... Hyperparameters: {'learning_rate': 0.05, 'seed': 0}
	Fitting 10000 rounds... Hyperparameters: {'learning_rate': 0.05, 'seed': 0}
	Fitting 10000 rounds... Hyperparameters: {'learning_rate': 0.05, 'seed': 0}
	Fitting 10000 rounds... Hyperparameters: {'learning_rate': 0.05, 'seed': 0}
	Fitting 10000 rounds... Hyperparameters: {'learning_rate': 0.05, 'seed': 0}
	Fitting 10000 rounds... Hyperparameters: {'learning_rate': 0.05, 'seed': 0}
	Fitting 10000 rounds... Hyperparameters: {'learning_rate': 0.05, 'seed': 0}
Saving /content/drive/MyDrive/CICIoT2023_Resultados/AutoML_Comparativo_Unificado/20260728_175118/binario/autogluon/modelo_autogluon/ds_sub_fit/sub_fit_ho/models/LightGBM_BAG_L2/utils/oof.pkl
Saving /content/drive/MyDrive/CICIoT2023_Resultados/AutoML_Comparativo_Unificado/20260728_175118/binario/autogluon/modelo_autogluon/ds_sub_fit/sub_fit_ho/models/LightGBM_BAG_L2/model.pkl
	0.9921	 = Validation score   (f1_macro)
	14.34s	 = Training   runtime
	0.07s	 = Validation runtime
	5507.2	 = Inference  throughput (rows/s | 8889 batch size)
Saving /content/drive/MyDrive/CICIoT2023_Resultados/AutoML_Comparativo_Unificado/20260728_175118/binario/autogluon/modelo_autogluon/ds_sub_fit/sub_fit_ho/models/trainer.pkl
Fitting model: RandomForest_BAG_L2 ... Training model for up to 752.54s of the 752.51s of remaining time.
	Failed to import torch or check CUDA availability!Please ensure you have the correct version of PyTorch installed by running `pip install -U torch`
	Fitting RandomForest_BAG_L2 with 'num_gpus': 0, 'num_cpus': 1
Saving /content/drive/MyDrive/CICIoT2023_Resultados/AutoML_Comparativo_Unificado/20260728_175118/binario/autogluon/modelo_autogluon/ds_sub_fit/sub_fit_ho/models/RandomForest_BAG_L2/utils/model_template.pkl
Loading: /content/drive/MyDrive/CICIoT2023_Resultados/AutoML_Comparativo_Unificado/20260728_175118/binario/autogluon/modelo_autogluon/ds_sub_fit/sub_fit_ho/models/RandomForest_BAG_L2/utils/model_template.pkl
	Fitting 1 model on all data (use_child_oof=True) | Fitting with cpus=1, gpus=0, mem=0.3/11.0 GB
	13.97s	= Estimated out-of-fold prediction time...
	`use_child_oof` was specified for this model. It will function similarly to a bagged model, but will only fit one child model.
Saving /content/drive/MyDrive/CICIoT2023_Resultados/AutoML_Comparativo_Unificado/20260728_175118/binario/autogluon/modelo_autogluon/ds_sub_fit/sub_fit_ho/models/RandomForest_BAG_L2/utils/oof.pkl
Saving /content/drive/MyDrive/CICIoT2023_Resultados/AutoML_Comparativo_Unificado/20260728_175118/binario/autogluon/modelo_autogluon/ds_sub_fit/sub_fit_ho/models/RandomForest_BAG_L2/model.pkl
	0.9921	 = Validation score   (f1_macro)
	41.32s	 = Training   runtime
	3.39s	 = Validation runtime
	4509.0	 = Inference  throughput (rows/s | 8889 batch size)
Saving /content/drive/MyDrive/CICIoT2023_Resultados/AutoML_Comparativo_Unificado/20260728_175118/binario/autogluon/modelo_autogluon/ds_sub_fit/sub_fit_ho/models/trainer.pkl
Fitting model: ExtraTrees_BAG_L2 ... Training model for up to 707.33s of the 707.30s of remaining time.
	Failed to import torch or check CUDA availability!Please ensure you have the correct version of PyTorch installed by running `pip install -U torch`
	Fitting ExtraTrees_BAG_L2 with 'num_gpus': 0, 'num_cpus': 1
Saving /content/drive/MyDrive/CICIoT2023_Resultados/AutoML_Comparativo_Unificado/20260728_175118/binario/autogluon/modelo_autogluon/ds_sub_fit/sub_fit_ho/models/ExtraTrees_BAG_L2/utils/model_template.pkl
Loading: /content/drive/MyDrive/CICIoT2023_Resultados/AutoML_Comparativo_Unificado/20260728_175118/binario/autogluon/modelo_autogluon/ds_sub_fit/sub_fit_ho/models/ExtraTrees_BAG_L2/utils/model_template.pkl
	Fitting 1 model on all data (use_child_oof=True) | Fitting with cpus=1, gpus=0, mem=0.3/11.0 GB
	13.83s	= Estimated out-of-fold prediction time...
	`use_child_oof` was specified for this model. It will function similarly to a bagged model, but will only fit one child model.
Saving /content/drive/MyDrive/CICIoT2023_Resultados/AutoML_Comparativo_Unificado/20260728_175118/binario/autogluon/modelo_autogluon/ds_sub_fit/sub_fit_ho/models/ExtraTrees_BAG_L2/utils/oof.pkl
Saving /content/drive/MyDrive/CICIoT2023_Resultados/AutoML_Comparativo_Unificado/20260728_175118/binario/autogluon/modelo_autogluon/ds_sub_fit/sub_fit_ho/models/ExtraTrees_BAG_L2/model.pkl
	0.992	 = Validation score   (f1_macro)
	14.8s	 = Training   runtime
	3.53s	 = Validation runtime
	4468.1	 = Inference  throughput (rows/s | 8889 batch size)
Saving /content/drive/MyDrive/CICIoT2023_Resultados/AutoML_Comparativo_Unificado/20260728_175118/binario/autogluon/modelo_autogluon/ds_sub_fit/sub_fit_ho/models/trainer.pkl
Fitting model: XGBoost_BAG_L2 ... Training model for up to 688.11s of the 688.08s of remaining time.
	Failed to import torch or check CUDA availability!Please ensure you have the correct version of PyTorch installed by running `pip install -U torch`
	Fitting XGBoost_BAG_L2 with 'num_gpus': 0, 'num_cpus': 1
Saving /content/drive/MyDrive/CICIoT2023_Resultados/AutoML_Comparativo_Unificado/20260728_175118/binario/autogluon/modelo_autogluon/ds_sub_fit/sub_fit_ho/models/XGBoost_BAG_L2/utils/model_template.pkl
Loading: /content/drive/MyDrive/CICIoT2023_Resultados/AutoML_Comparativo_Unificado/20260728_175118/binario/autogluon/modelo_autogluon/ds_sub_fit/sub_fit_ho/models/XGBoost_BAG_L2/utils/model_template.pkl
	Fitting 8 child models (S1F1 - S1F8) | Fitting with SequentialLocalFoldFittingStrategy (sequential: cpus=1, gpus=0)
Saving /content/drive/MyDrive/CICIoT2023_Resultados/AutoML_Comparativo_Unificado/20260728_175118/binario/autogluon/modelo_autogluon/ds_sub_fit/sub_fit_ho/models/XGBoost_BAG_L2/utils/oof.pkl
Saving /content/drive/MyDrive/CICIoT2023_Resultados/AutoML_Comparativo_Unificado/20260728_175118/binario/autogluon/modelo_autogluon/ds_sub_fit/sub_fit_ho/models/XGBoost_BAG_L2/model.pkl
	0.992	 = Validation score   (f1_macro)
	21.97s	 = Training   runtime
	0.19s	 = Validation runtime
	5113.2	 = Inference  throughput (rows/s | 8889 batch size)
Saving /content/drive/MyDrive/CICIoT2023_Resultados/AutoML_Comparativo_Unificado/20260728_175118/binario/autogluon/modelo_autogluon/ds_sub_fit/sub_fit_ho/models/trainer.pkl
Loading: /content/drive/MyDrive/CICIoT2023_Resultados/AutoML_Comparativo_Unificado/20260728_175118/binario/autogluon/modelo_autogluon/ds_sub_fit/sub_fit_ho/models/LightGBM_BAG_L1/utils/oof.pkl
Loading: /content/drive/MyDrive/CICIoT2023_Resultados/AutoML_Comparativo_Unificado/20260728_175118/binario/autogluon/modelo_autogluon/ds_sub_fit/sub_fit_ho/models/RandomForest_BAG_L1/utils/oof.pkl
Loading: /content/drive/MyDrive/CICIoT2023_Resultados/AutoML_Comparativo_Unificado/20260728_175118/binario/autogluon/modelo_autogluon/ds_sub_fit/sub_fit_ho/models/ExtraTrees_BAG_L1/utils/oof.pkl
Loading: /content/drive/MyDrive/CICIoT2023_Resultados/AutoML_Comparativo_Unificado/20260728_175118/binario/autogluon/modelo_autogluon/ds_sub_fit/sub_fit_ho/models/XGBoost_BAG_L1/utils/oof.pkl
Loading: /content/drive/MyDrive/CICIoT2023_Resultados/AutoML_Comparativo_Unificado/20260728_175118/binario/autogluon/modelo_autogluon/ds_sub_fit/sub_fit_ho/models/LightGBM_BAG_L2/utils/oof.pkl
Loading: /content/drive/MyDrive/CICIoT2023_Resultados/AutoML_Comparativo_Unificado/20260728_175118/binario/autogluon/modelo_autogluon/ds_sub_fit/sub_fit_ho/models/RandomForest_BAG_L2/utils/oof.pkl
Loading: /content/drive/MyDrive/CICIoT2023_Resultados/AutoML_Comparativo_Unificado/20260728_175118/binario/autogluon/modelo_autogluon/ds_sub_fit/sub_fit_ho/models/ExtraTrees_BAG_L2/utils/oof.pkl
Loading: /content/drive/MyDrive/CICIoT2023_Resultados/AutoML_Comparativo_Unificado/20260728_175118/binario/autogluon/modelo_autogluon/ds_sub_fit/sub_fit_ho/models/XGBoost_BAG_L2/utils/oof.pkl
Model configs that will be trained (in order):
	WeightedEnsemble_L3: 	{'ag_args': {'problem_types': ['binary', 'multiclass', 'regression', 'quantile', 'softclass'], 'valid_base': False, 'name_bag_suffix': '', 'model_type': <class 'autogluon.core.models.greedy_ensemble.greedy_weighted_ensemble_model.GreedyWeightedEnsembleModel'>, 'priority': 0}, 'ag_args_ensemble': {'save_bag_folds': True}}
Fitting model: WeightedEnsemble_L3 ... Training model for up to 360.00s of the 665.11s of remaining time.
	Failed to import torch or check CUDA availability!Please ensure you have the correct version of PyTorch installed by running `pip install -U torch`
	Fitting WeightedEnsemble_L3 with 'num_gpus': 0, 'num_cpus': 1
Saving /content/drive/MyDrive/CICIoT2023_Resultados/AutoML_Comparativo_Unificado/20260728_175118/binario/autogluon/modelo_autogluon/ds_sub_fit/sub_fit_ho/models/WeightedEnsemble_L3/utils/model_template.pkl
Loading: /content/drive/MyDrive/CICIoT2023_Resultados/AutoML_Comparativo_Unificado/20260728_175118/binario/autogluon/modelo_autogluon/ds_sub_fit/sub_fit_ho/models/WeightedEnsemble_L3/utils/model_template.pkl
	Fitting 1 model on all data | Fitting with cpus=1, gpus=0, mem=0.0/11.0 GB
Ensemble size: 1
Ensemble weights: 
[0. 0. 0. 0. 1. 0. 0. 0.]
	0.1s	= Estimated out-of-fold prediction time...
Saving /content/drive/MyDrive/CICIoT2023_Resultados/AutoML_Comparativo_Unificado/20260728_175118/binario/autogluon/modelo_autogluon/ds_sub_fit/sub_fit_ho/models/WeightedEnsemble_L3/utils/oof.pkl
Saving /content/drive/MyDrive/CICIoT2023_Resultados/AutoML_Comparativo_Unificado/20260728_175118/binario/autogluon/modelo_autogluon/ds_sub_fit/sub_fit_ho/models/WeightedEnsemble_L3/model.pkl
	Ensemble Weights: {'LightGBM_BAG_L2': 1.0}
	0.9921	 = Validation score   (f1_macro)
	2.65s	 = Training   runtime
	0.02s	 = Validation runtime
	5499.4	 = Inference  throughput (rows/s | 8889 batch size)
Saving /content/drive/MyDrive/CICIoT2023_Resultados/AutoML_Comparativo_Unificado/20260728_175118/binario/autogluon/modelo_autogluon/ds_sub_fit/sub_fit_ho/models/trainer.pkl
Saving /content/drive/MyDrive/CICIoT2023_Resultados/AutoML_Comparativo_Unificado/20260728_175118/binario/autogluon/modelo_autogluon/ds_sub_fit/sub_fit_ho/models/trainer.pkl
Saving /content/drive/MyDrive/CICIoT2023_Resultados/AutoML_Comparativo_Unificado/20260728_175118/binario/autogluon/modelo_autogluon/ds_sub_fit/sub_fit_ho/models/trainer.pkl
AutoGluon training complete, total runtime = 237.81s ... Best model: WeightedEnsemble_L3 | Estimated inference throughput: 5499.4 rows/s (8889 batch size)
Loading: /content/drive/MyDrive/CICIoT2023_Resultados/AutoML_Comparativo_Unificado/20260728_175118/binario/autogluon/modelo_autogluon/ds_sub_fit/sub_fit_ho/models/trainer.pkl
Enabling decision threshold calibration (calibrate_decision_threshold='auto', metric is valid, problem_type is 'binary')
Loading: /content/drive/MyDrive/CICIoT2023_Resultados/AutoML_Comparativo_Unificado/20260728_175118/binario/autogluon/modelo_autogluon/ds_sub_fit/sub_fit_ho/utils/data/y.pkl
Loading: /content/drive/MyDrive/CICIoT2023_Resultados/AutoML_Comparativo_Unificado/20260728_175118/binario/autogluon/modelo_autogluon/ds_sub_fit/sub_fit_ho/models/WeightedEnsemble_L3/utils/oof.pkl
Calibrating decision threshold to optimize metric f1_macro | Checking 51 thresholds...
	threshold: 0.500	| val: 0.9921	| NEW BEST
	threshold: 0.480	| val: 0.9916
	threshold: 0.520	| val: 0.9920
	threshold: 0.460	| val: 0.9902
	threshold: 0.540	| val: 0.9919
	threshold: 0.440	| val: 0.9286
	threshold: 0.560	| val: 0.9300
	threshold: 0.420	| val: 0.8668
	threshold: 0.580	| val: 0.8667
	threshold: 0.400	| val: 0.8667
	threshold: 0.600	| val: 0.8666
	threshold: 0.380	| val: 0.8665
	threshold: 0.620	| val: 0.8666
	threshold: 0.360	| val: 0.8662
	threshold: 0.640	| val: 0.8664
	threshold: 0.340	| val: 0.8652
	threshold: 0.660	| val: 0.8664
	threshold: 0.320	| val: 0.8637
	threshold: 0.680	| val: 0.8664
	threshold: 0.300	| val: 0.8574
	threshold: 0.700	| val: 0.8664
	threshold: 0.280	| val: 0.7855
	threshold: 0.720	| val: 0.7999
	threshold: 0.260	| val: 0.7191
	threshold: 0.740	| val: 0.7285
	threshold: 0.240	| val: 0.6477
	threshold: 0.760	| val: 0.6497
	threshold: 0.220	| val: 0.6448
	threshold: 0.780	| val: 0.6497
	threshold: 0.200	| val: 0.6268
	threshold: 0.800	| val: 0.6497
	threshold: 0.180	| val: 0.5574
	threshold: 0.820	| val: 0.5606
	threshold: 0.160	| val: 0.5513
	threshold: 0.840	| val: 0.5606
	threshold: 0.140	| val: 0.5347
	threshold: 0.860	| val: 0.5606
	threshold: 0.120	| val: 0.4559
	threshold: 0.880	| val: 0.4572
	threshold: 0.100	| val: 0.4541
	threshold: 0.900	| val: 0.4572
	threshold: 0.080	| val: 0.4490
	threshold: 0.920	| val: 0.4572
	threshold: 0.060	| val: 0.4351
	threshold: 0.940	| val: 0.4572
	threshold: 0.040	| val: 0.3333
	threshold: 0.960	| val: 0.3333
	threshold: 0.020	| val: 0.3333
	threshold: 0.980	| val: 0.3333
	threshold: 0.000	| val: 0.3333
	threshold: 1.000	| val: 0.3333
Calibrating decision threshold via fine-grained search | Checking 38 thresholds...
	threshold: 0.501	| val: 0.9921
	threshold: 0.502	| val: 0.9921
	threshold: 0.503	| val: 0.9921
	threshold: 0.504	| val: 0.9920
	threshold: 0.505	| val: 0.9920
	threshold: 0.506	| val: 0.9920
	threshold: 0.507	| val: 0.9920
	threshold: 0.508	| val: 0.9920
	threshold: 0.509	| val: 0.9920
	threshold: 0.510	| val: 0.9920
	threshold: 0.511	| val: 0.9920
	threshold: 0.512	| val: 0.9920
	threshold: 0.513	| val: 0.9920
	threshold: 0.514	| val: 0.9920
	threshold: 0.515	| val: 0.9920
	threshold: 0.516	| val: 0.9920
	threshold: 0.517	| val: 0.9920
	threshold: 0.518	| val: 0.9920
	threshold: 0.519	| val: 0.9920
	threshold: 0.499	| val: 0.9921
	threshold: 0.498	| val: 0.9921
	threshold: 0.497	| val: 0.9921
	threshold: 0.496	| val: 0.9920
	threshold: 0.495	| val: 0.9920
	threshold: 0.494	| val: 0.9920
	threshold: 0.493	| val: 0.9920
	threshold: 0.492	| val: 0.9920
	threshold: 0.491	| val: 0.9920
	threshold: 0.490	| val: 0.9919
	threshold: 0.489	| val: 0.9919
	threshold: 0.488	| val: 0.9918
	threshold: 0.487	| val: 0.9918
	threshold: 0.486	| val: 0.9918
	threshold: 0.485	| val: 0.9917
	threshold: 0.484	| val: 0.9917
	threshold: 0.483	| val: 0.9917
	threshold: 0.482	| val: 0.9917
	threshold: 0.481	| val: 0.9916
	Base Threshold: 0.500	| val: 0.9921
	Best Threshold: 0.500	| val: 0.9921
Saving /content/drive/MyDrive/CICIoT2023_Resultados/AutoML_Comparativo_Unificado/20260728_175118/binario/autogluon/modelo_autogluon/ds_sub_fit/sub_fit_ho/models/trainer.pkl
Saving /content/drive/MyDrive/CICIoT2023_Resultados/AutoML_Comparativo_Unificado/20260728_175118/binario/autogluon/modelo_autogluon/ds_sub_fit/sub_fit_ho/learner.pkl
Saving /content/drive/MyDrive/CICIoT2023_Resultados/AutoML_Comparativo_Unificado/20260728_175118/binario/autogluon/modelo_autogluon/ds_sub_fit/sub_fit_ho/predictor.pkl
Saving /content/drive/MyDrive/CICIoT2023_Resultados/AutoML_Comparativo_Unificado/20260728_175118/binario/autogluon/modelo_autogluon/ds_sub_fit/sub_fit_ho/version.txt with contents "1.5.0"
Saving /content/drive/MyDrive/CICIoT2023_Resultados/AutoML_Comparativo_Unificado/20260728_175118/binario/autogluon/modelo_autogluon/ds_sub_fit/sub_fit_ho/metadata.json
TabularPredictor saved. To load, use: predictor = TabularPredictor.load("/content/drive/MyDrive/CICIoT2023_Resultados/AutoML_Comparativo_Unificado/20260728_175118/binario/autogluon/modelo_autogluon/ds_sub_fit/sub_fit_ho")
Loading: /content/drive/MyDrive/CICIoT2023_Resultados/AutoML_Comparativo_Unificado/20260728_175118/binario/autogluon/modelo_autogluon/ds_sub_fit/sub_fit_ho/models/LightGBM_BAG_L1/model.pkl
Loading: /content/drive/MyDrive/CICIoT2023_Resultados/AutoML_Comparativo_Unificado/20260728_175118/binario/autogluon/modelo_autogluon/ds_sub_fit/sub_fit_ho/models/RandomForest_BAG_L1/model.pkl
Loading: /content/drive/MyDrive/CICIoT2023_Resultados/AutoML_Comparativo_Unificado/20260728_175118/binario/autogluon/modelo_autogluon/ds_sub_fit/sub_fit_ho/models/ExtraTrees_BAG_L1/model.pkl
Loading: /content/drive/MyDrive/CICIoT2023_Resultados/AutoML_Comparativo_Unificado/20260728_175118/binario/autogluon/modelo_autogluon/ds_sub_fit/sub_fit_ho/models/XGBoost_BAG_L1/model.pkl
Loading: /content/drive/MyDrive/CICIoT2023_Resultados/AutoML_Comparativo_Unificado/20260728_175118/binario/autogluon/modelo_autogluon/ds_sub_fit/sub_fit_ho/models/WeightedEnsemble_L2/model.pkl
Loading: /content/drive/MyDrive/CICIoT2023_Resultados/AutoML_Comparativo_Unificado/20260728_175118/binario/autogluon/modelo_autogluon/ds_sub_fit/sub_fit_ho/models/LightGBM_BAG_L2/model.pkl
Loading: /content/drive/MyDrive/CICIoT2023_Resultados/AutoML_Comparativo_Unificado/20260728_175118/binario/autogluon/modelo_autogluon/ds_sub_fit/sub_fit_ho/models/RandomForest_BAG_L2/model.pkl
Loading: /content/drive/MyDrive/CICIoT2023_Resultados/AutoML_Comparativo_Unificado/20260728_175118/binario/autogluon/modelo_autogluon/ds_sub_fit/sub_fit_ho/models/ExtraTrees_BAG_L2/model.pkl
Loading: /content/drive/MyDrive/CICIoT2023_Resultados/AutoML_Comparativo_Unificado/20260728_175118/binario/autogluon/modelo_autogluon/ds_sub_fit/sub_fit_ho/models/XGBoost_BAG_L2/model.pkl
Loading: /content/drive/MyDrive/CICIoT2023_Resultados/AutoML_Comparativo_Unificado/20260728_175118/binario/autogluon/modelo_autogluon/ds_sub_fit/sub_fit_ho/models/WeightedEnsemble_L3/model.pkl
Deleting DyStack predictor artifacts (clean_up_fits=True) ...
Leaderboard on holdout data (DyStack):
                 model  score_holdout  score_val eval_metric  pred_time_test  pred_time_val    fit_time  pred_time_test_marginal  pred_time_val_marginal  fit_time_marginal  stack_level  can_infer  fit_order
0       XGBoost_BAG_L2       0.991450   0.991956    f1_macro        2.406452       8.035809  142.665626                 0.306395                0.190738          21.968202            2       True          9
1      LightGBM_BAG_L2       0.991337   0.992111    f1_macro        2.226684       7.911440  135.042390                 0.126626                0.066369          14.344967            2       True          6
2  WeightedEnsemble_L3       0.991337   0.992111    f1_macro        2.232933       7.929643  137.690550                 0.006249                0.018203           2.648160            3       True         10
3  RandomForest_BAG_L1       0.991225   0.991632    f1_macro        0.446930       3.643761   44.892274                 0.446930                3.643761          44.892274            1       True          2
4  RandomForest_BAG_L2       0.991225   0.992082    f1_macro        2.476934      11.234525  162.014493                 0.376877                3.389454          41.317070            2       True          7
5      LightGBM_BAG_L1       0.991112   0.991998    f1_macro        0.415995       0.322689   27.908282                 0.415995                0.322689          27.908282            1       True          1
6  WeightedEnsemble_L2       0.991112   0.991998    f1_macro        0.424454       0.341492   29.229950                 0.008459                0.018802           1.321668            2       True          5
7    ExtraTrees_BAG_L2       0.991000   0.992040    f1_macro        2.564102      11.379067  135.493295                 0.464044                3.533996          14.795871            2       True          8
8       XGBoost_BAG_L1       0.990774   0.991478    f1_macro        0.438957       0.325371   31.781446                 0.438957                0.325371          31.781446            1       True          4
9    ExtraTrees_BAG_L1       0.989087   0.989916    f1_macro        0.798175       3.553250   16.115422                 0.798175                3.553250          16.115422            1       True          3
	1	 = Optimal   num_stack_levels (Stacked Overfitting Occurred: False)
	243s	 = DyStack   runtime |	3357s	 = Remaining runtime
Starting main fit with num_stack_levels=1.
	For future fit calls on this dataset, you can skip DyStack to save time: `predictor.fit(..., dynamic_stacking=False, num_stack_levels=1)`
Saving /content/drive/MyDrive/CICIoT2023_Resultados/AutoML_Comparativo_Unificado/20260728_175118/binario/autogluon/modelo_autogluon/learner.pkl
Saving /content/drive/MyDrive/CICIoT2023_Resultados/AutoML_Comparativo_Unificado/20260728_175118/binario/autogluon/modelo_autogluon/predictor.pkl
Beginning AutoGluon training ... Time limit = 3357s
AutoGluon will save models to "/content/drive/MyDrive/CICIoT2023_Resultados/AutoML_Comparativo_Unificado/20260728_175118/binario/autogluon/modelo_autogluon"
Train Data Rows:    80000
Train Data Columns: 39
Label Column:       label_binary
Problem Type:       binary
Preprocessing data ...
Selected class <--> label mapping:  class 1 = Malicious, class 0 = Benign
Using Feature Generators to preprocess the data ...
Fitting AutoMLPipelineFeatureGenerator...
	Available Memory:                    11240.41 MB
	Train Data (Original)  Memory Usage: 11.90 MB (0.1% of available memory)
	Inferring data type of each feature based on column values. Set feature_metadata_in to manually specify special dtypes of the features.
	Stage 1 Generators:
		Fitting AsTypeFeatureGenerator...
			Original Features (exact raw dtype, raw dtype):
				('float32', 'float') : 39 | ['Header_Length', 'Protocol Type', 'Time_To_Live', 'Rate', 'fin_flag_number', ...]
			Types of features in original data (raw dtype, special dtypes):
				('float', []) : 39 | ['Header_Length', 'Protocol Type', 'Time_To_Live', 'Rate', 'fin_flag_number', ...]
			Types of features in processed data (raw dtype, special dtypes):
				('float', []) : 39 | ['Header_Length', 'Protocol Type', 'Time_To_Live', 'Rate', 'fin_flag_number', ...]
			0.0s = Fit runtime
			39 features in original data used to generate 39 features in processed data.
	Stage 2 Generators:
		Fitting FillNaFeatureGenerator...
			Types of features in original data (raw dtype, special dtypes):
				('float', []) : 39 | ['Header_Length', 'Protocol Type', 'Time_To_Live', 'Rate', 'fin_flag_number', ...]
			Types of features in processed data (raw dtype, special dtypes):
				('float', []) : 39 | ['Header_Length', 'Protocol Type', 'Time_To_Live', 'Rate', 'fin_flag_number', ...]
			0.0s = Fit runtime
			39 features in original data used to generate 39 features in processed data.
	Stage 3 Generators:
		Fitting IdentityFeatureGenerator...
			Types of features in original data (raw dtype, special dtypes):
				('float', []) : 39 | ['Header_Length', 'Protocol Type', 'Time_To_Live', 'Rate', 'fin_flag_number', ...]
			Types of features in processed data (raw dtype, special dtypes):
				('float', []) : 39 | ['Header_Length', 'Protocol Type', 'Time_To_Live', 'Rate', 'fin_flag_number', ...]
			0.0s = Fit runtime
			39 features in original data used to generate 39 features in processed data.
		Skipping CategoryFeatureGenerator: No input feature with required dtypes.
		Skipping DatetimeFeatureGenerator: No input feature with required dtypes.
		Skipping TextSpecialFeatureGenerator: No input feature with required dtypes.
		Skipping TextNgramFeatureGenerator: No input feature with required dtypes.
		Skipping IdentityFeatureGenerator: No input feature with required dtypes.
		Skipping IsNanFeatureGenerator: No input feature with required dtypes.
	Stage 4 Generators:
		Fitting DropUniqueFeatureGenerator...
			Types of features in original data (raw dtype, special dtypes):
				('float', []) : 39 | ['Header_Length', 'Protocol Type', 'Time_To_Live', 'Rate', 'fin_flag_number', ...]
			Types of features in processed data (raw dtype, special dtypes):
				('float', []) : 39 | ['Header_Length', 'Protocol Type', 'Time_To_Live', 'Rate', 'fin_flag_number', ...]
			0.1s = Fit runtime
			39 features in original data used to generate 39 features in processed data.
	Stage 5 Generators:
		Fitting DropDuplicatesFeatureGenerator...
			4 duplicate columns removed: ['SMTP', 'IRC', 'LLC', 'Tot size']
			Types of features in original data (raw dtype, special dtypes):
				('float', []) : 35 | ['Header_Length', 'Protocol Type', 'Time_To_Live', 'Rate', 'fin_flag_number', ...]
			Types of features in processed data (raw dtype, special dtypes):
				('float', []) : 35 | ['Header_Length', 'Protocol Type', 'Time_To_Live', 'Rate', 'fin_flag_number', ...]
			0.0s = Fit runtime
			35 features in original data used to generate 35 features in processed data.
	Unused Original Features (Count: 4): ['SMTP', 'IRC', 'LLC', 'Tot size']
		These features were not used to generate any of the output features. Add a feature generator compatible with these features to utilize them.
		Features can also be unused if they carry very little information, such as being categorical but having almost entirely unique values or being duplicates of other features.
		These features do not need to be present at inference time.
		('float', []) : 4 | ['SMTP', 'IRC', 'LLC', 'Tot size']
	Types of features in original data (exact raw dtype, raw dtype):
		('float32', 'float') : 35 | ['Header_Length', 'Protocol Type', 'Time_To_Live', 'Rate', 'fin_flag_number', ...]
	Types of features in original data (raw dtype, special dtypes):
		('float', []) : 35 | ['Header_Length', 'Protocol Type', 'Time_To_Live', 'Rate', 'fin_flag_number', ...]
	Types of features in processed data (exact raw dtype, raw dtype):
		('float32', 'float') : 35 | ['Header_Length', 'Protocol Type', 'Time_To_Live', 'Rate', 'fin_flag_number', ...]
	Types of features in processed data (raw dtype, special dtypes):
		('float', []) : 35 | ['Header_Length', 'Protocol Type', 'Time_To_Live', 'Rate', 'fin_flag_number', ...]
	0.3s = Fit runtime
	35 features in original data used to generate 35 features in processed data.
	Train Data (Processed) Memory Usage: 10.68 MB (0.1% of available memory)
Data preprocessing and feature engineering runtime = 0.33s ...
AutoGluon will gauge predictive performance using evaluation metric: 'f1_macro'
	To change this, specify the eval_metric parameter of Predictor()
Saving /content/drive/MyDrive/CICIoT2023_Resultados/AutoML_Comparativo_Unificado/20260728_175118/binario/autogluon/modelo_autogluon/learner.pkl
User-specified model hyperparameters to be fit:
{
	'GBM': [{}],
	'XGB': [{}],
	'RF': [{}],
	'XT': [{}],
}
Saving /content/drive/MyDrive/CICIoT2023_Resultados/AutoML_Comparativo_Unificado/20260728_175118/binario/autogluon/modelo_autogluon/utils/data/X.pkl
Saving /content/drive/MyDrive/CICIoT2023_Resultados/AutoML_Comparativo_Unificado/20260728_175118/binario/autogluon/modelo_autogluon/utils/data/y.pkl
AutoGluon will fit 2 stack levels (L1 to L2) ...
Model configs that will be trained (in order):
	LightGBM_BAG_L1: 	{'ag_args': {'problem_types': ['binary', 'multiclass', 'regression', 'quantile', 'softclass'], 'model_type': <class 'autogluon.tabular.models.lgb.lgb_model.LGBModel'>, 'priority': 90}}
	RandomForest_BAG_L1: 	{'ag_args': {'problem_types': ['binary', 'multiclass', 'regression', 'quantile', 'softclass'], 'model_type': <class 'autogluon.tabular.models.rf.rf_model.RFModel'>, 'priority': 80}, 'ag_args_ensemble': {'use_child_oof': True}}
	ExtraTrees_BAG_L1: 	{'ag_args': {'problem_types': ['binary', 'multiclass', 'regression', 'quantile'], 'model_type': <class 'autogluon.tabular.models.xt.xt_model.XTModel'>, 'priority': 60}, 'ag_args_ensemble': {'use_child_oof': True}}
	XGBoost_BAG_L1: 	{'ag_args': {'problem_types': ['binary', 'multiclass', 'regression', 'softclass'], 'model_type': <class 'autogluon.tabular.models.xgboost.xgboost_model.XGBoostModel'>, 'priority': 40}}
Fitting 4 L1 models, fit_strategy="sequential" ...
Fitting model: LightGBM_BAG_L1 ... Training model for up to 2237.00s of the 3356.34s of remaining time.
	Failed to import torch or check CUDA availability!Please ensure you have the correct version of PyTorch installed by running `pip install -U torch`
	Fitting LightGBM_BAG_L1 with 'num_gpus': 0, 'num_cpus': 1
Saving /content/drive/MyDrive/CICIoT2023_Resultados/AutoML_Comparativo_Unificado/20260728_175118/binario/autogluon/modelo_autogluon/models/LightGBM_BAG_L1/utils/model_template.pkl
Loading: /content/drive/MyDrive/CICIoT2023_Resultados/AutoML_Comparativo_Unificado/20260728_175118/binario/autogluon/modelo_autogluon/models/LightGBM_BAG_L1/utils/model_template.pkl
	Fitting 8 child models (S1F1 - S1F8) | Fitting with SequentialLocalFoldFittingStrategy (sequential: cpus=1, gpus=0)
	Fitting 10000 rounds... Hyperparameters: {'learning_rate': 0.05, 'seed': 0}
	Fitting 10000 rounds... Hyperparameters: {'learning_rate': 0.05, 'seed': 0}
	Fitting 10000 rounds... Hyperparameters: {'learning_rate': 0.05, 'seed': 0}
	Fitting 10000 rounds... Hyperparameters: {'learning_rate': 0.05, 'seed': 0}
	Fitting 10000 rounds... Hyperparameters: {'learning_rate': 0.05, 'seed': 0}
	Fitting 10000 rounds... Hyperparameters: {'learning_rate': 0.05, 'seed': 0}
	Fitting 10000 rounds... Hyperparameters: {'learning_rate': 0.05, 'seed': 0}
	Fitting 10000 rounds... Hyperparameters: {'learning_rate': 0.05, 'seed': 0}
Saving /content/drive/MyDrive/CICIoT2023_Resultados/AutoML_Comparativo_Unificado/20260728_175118/binario/autogluon/modelo_autogluon/models/LightGBM_BAG_L1/utils/oof.pkl
Saving /content/drive/MyDrive/CICIoT2023_Resultados/AutoML_Comparativo_Unificado/20260728_175118/binario/autogluon/modelo_autogluon/models/LightGBM_BAG_L1/model.pkl
	0.9918	 = Validation score   (f1_macro)
	22.73s	 = Training   runtime
	0.27s	 = Validation runtime
	36411.6	 = Inference  throughput (rows/s | 10000 batch size)
Saving /content/drive/MyDrive/CICIoT2023_Resultados/AutoML_Comparativo_Unificado/20260728_175118/binario/autogluon/modelo_autogluon/models/trainer.pkl
Fitting model: RandomForest_BAG_L1 ... Training model for up to 2213.52s of the 3332.86s of remaining time.
	Failed to import torch or check CUDA availability!Please ensure you have the correct version of PyTorch installed by running `pip install -U torch`
	Fitting RandomForest_BAG_L1 with 'num_gpus': 0, 'num_cpus': 1
Saving /content/drive/MyDrive/CICIoT2023_Resultados/AutoML_Comparativo_Unificado/20260728_175118/binario/autogluon/modelo_autogluon/models/RandomForest_BAG_L1/utils/model_template.pkl
Loading: /content/drive/MyDrive/CICIoT2023_Resultados/AutoML_Comparativo_Unificado/20260728_175118/binario/autogluon/modelo_autogluon/models/RandomForest_BAG_L1/utils/model_template.pkl
	Fitting 1 model on all data (use_child_oof=True) | Fitting with cpus=1, gpus=0, mem=0.4/11.0 GB
	15.67s	= Estimated out-of-fold prediction time...
	`use_child_oof` was specified for this model. It will function similarly to a bagged model, but will only fit one child model.
Saving /content/drive/MyDrive/CICIoT2023_Resultados/AutoML_Comparativo_Unificado/20260728_175118/binario/autogluon/modelo_autogluon/models/RandomForest_BAG_L1/utils/oof.pkl
Saving /content/drive/MyDrive/CICIoT2023_Resultados/AutoML_Comparativo_Unificado/20260728_175118/binario/autogluon/modelo_autogluon/models/RandomForest_BAG_L1/model.pkl
	0.9916	 = Validation score   (f1_macro)
	40.75s	 = Training   runtime
	4.13s	 = Validation runtime
	19371.8	 = Inference  throughput (rows/s | 80000 batch size)
Saving /content/drive/MyDrive/CICIoT2023_Resultados/AutoML_Comparativo_Unificado/20260728_175118/binario/autogluon/modelo_autogluon/models/trainer.pkl
Fitting model: ExtraTrees_BAG_L1 ... Training model for up to 2168.14s of the 3287.47s of remaining time.
	Failed to import torch or check CUDA availability!Please ensure you have the correct version of PyTorch installed by running `pip install -U torch`
	Fitting ExtraTrees_BAG_L1 with 'num_gpus': 0, 'num_cpus': 1
Saving /content/drive/MyDrive/CICIoT2023_Resultados/AutoML_Comparativo_Unificado/20260728_175118/binario/autogluon/modelo_autogluon/models/ExtraTrees_BAG_L1/utils/model_template.pkl
Loading: /content/drive/MyDrive/CICIoT2023_Resultados/AutoML_Comparativo_Unificado/20260728_175118/binario/autogluon/modelo_autogluon/models/ExtraTrees_BAG_L1/utils/model_template.pkl
	Fitting 1 model on all data (use_child_oof=True) | Fitting with cpus=1, gpus=0, mem=0.4/10.9 GB
	21.32s	= Estimated out-of-fold prediction time...
	`use_child_oof` was specified for this model. It will function similarly to a bagged model, but will only fit one child model.
Saving /content/drive/MyDrive/CICIoT2023_Resultados/AutoML_Comparativo_Unificado/20260728_175118/binario/autogluon/modelo_autogluon/models/ExtraTrees_BAG_L1/utils/oof.pkl
Saving /content/drive/MyDrive/CICIoT2023_Resultados/AutoML_Comparativo_Unificado/20260728_175118/binario/autogluon/modelo_autogluon/models/ExtraTrees_BAG_L1/model.pkl
	0.9897	 = Validation score   (f1_macro)
	14.41s	 = Training   runtime
	4.26s	 = Validation runtime
	18796.0	 = Inference  throughput (rows/s | 80000 batch size)
Saving /content/drive/MyDrive/CICIoT2023_Resultados/AutoML_Comparativo_Unificado/20260728_175118/binario/autogluon/modelo_autogluon/models/trainer.pkl
Fitting model: XGBoost_BAG_L1 ... Training model for up to 2148.66s of the 3267.99s of remaining time.
	Failed to import torch or check CUDA availability!Please ensure you have the correct version of PyTorch installed by running `pip install -U torch`
	Fitting XGBoost_BAG_L1 with 'num_gpus': 0, 'num_cpus': 1
Saving /content/drive/MyDrive/CICIoT2023_Resultados/AutoML_Comparativo_Unificado/20260728_175118/binario/autogluon/modelo_autogluon/models/XGBoost_BAG_L1/utils/model_template.pkl
Loading: /content/drive/MyDrive/CICIoT2023_Resultados/AutoML_Comparativo_Unificado/20260728_175118/binario/autogluon/modelo_autogluon/models/XGBoost_BAG_L1/utils/model_template.pkl
	Fitting 8 child models (S1F1 - S1F8) | Fitting with SequentialLocalFoldFittingStrategy (sequential: cpus=1, gpus=0)
Saving /content/drive/MyDrive/CICIoT2023_Resultados/AutoML_Comparativo_Unificado/20260728_175118/binario/autogluon/modelo_autogluon/models/XGBoost_BAG_L1/utils/oof.pkl
Saving /content/drive/MyDrive/CICIoT2023_Resultados/AutoML_Comparativo_Unificado/20260728_175118/binario/autogluon/modelo_autogluon/models/XGBoost_BAG_L1/model.pkl
	0.9914	 = Validation score   (f1_macro)
	25.76s	 = Training   runtime
	0.35s	 = Validation runtime
	28797.8	 = Inference  throughput (rows/s | 10000 batch size)
Saving /content/drive/MyDrive/CICIoT2023_Resultados/AutoML_Comparativo_Unificado/20260728_175118/binario/autogluon/modelo_autogluon/models/trainer.pkl
Loading: /content/drive/MyDrive/CICIoT2023_Resultados/AutoML_Comparativo_Unificado/20260728_175118/binario/autogluon/modelo_autogluon/models/LightGBM_BAG_L1/utils/oof.pkl
Loading: /content/drive/MyDrive/CICIoT2023_Resultados/AutoML_Comparativo_Unificado/20260728_175118/binario/autogluon/modelo_autogluon/models/RandomForest_BAG_L1/utils/oof.pkl
Loading: /content/drive/MyDrive/CICIoT2023_Resultados/AutoML_Comparativo_Unificado/20260728_175118/binario/autogluon/modelo_autogluon/models/ExtraTrees_BAG_L1/utils/oof.pkl
Loading: /content/drive/MyDrive/CICIoT2023_Resultados/AutoML_Comparativo_Unificado/20260728_175118/binario/autogluon/modelo_autogluon/models/XGBoost_BAG_L1/utils/oof.pkl
Model configs that will be trained (in order):
	WeightedEnsemble_L2: 	{'ag_args': {'problem_types': ['binary', 'multiclass', 'regression', 'quantile', 'softclass'], 'valid_base': False, 'name_bag_suffix': '', 'model_type': <class 'autogluon.core.models.greedy_ensemble.greedy_weighted_ensemble_model.GreedyWeightedEnsembleModel'>, 'priority': 0}, 'ag_args_ensemble': {'save_bag_folds': True}}
Fitting model: WeightedEnsemble_L2 ... Training model for up to 360.00s of the 3240.97s of remaining time.
	Failed to import torch or check CUDA availability!Please ensure you have the correct version of PyTorch installed by running `pip install -U torch`
	Fitting WeightedEnsemble_L2 with 'num_gpus': 0, 'num_cpus': 1
Saving /content/drive/MyDrive/CICIoT2023_Resultados/AutoML_Comparativo_Unificado/20260728_175118/binario/autogluon/modelo_autogluon/models/WeightedEnsemble_L2/utils/model_template.pkl
Loading: /content/drive/MyDrive/CICIoT2023_Resultados/AutoML_Comparativo_Unificado/20260728_175118/binario/autogluon/modelo_autogluon/models/WeightedEnsemble_L2/utils/model_template.pkl
	Fitting 1 model on all data | Fitting with cpus=1, gpus=0, mem=0.0/10.9 GB
Ensemble size: 1
Ensemble weights: 
[1. 0. 0. 0.]
	0.18s	= Estimated out-of-fold prediction time...
Saving /content/drive/MyDrive/CICIoT2023_Resultados/AutoML_Comparativo_Unificado/20260728_175118/binario/autogluon/modelo_autogluon/models/WeightedEnsemble_L2/utils/oof.pkl
Saving /content/drive/MyDrive/CICIoT2023_Resultados/AutoML_Comparativo_Unificado/20260728_175118/binario/autogluon/modelo_autogluon/models/WeightedEnsemble_L2/model.pkl
	Ensemble Weights: {'LightGBM_BAG_L1': 1.0}
	0.9918	 = Validation score   (f1_macro)
	1.71s	 = Training   runtime
	0.02s	 = Validation runtime
	36026.5	 = Inference  throughput (rows/s | 10000 batch size)
Saving /content/drive/MyDrive/CICIoT2023_Resultados/AutoML_Comparativo_Unificado/20260728_175118/binario/autogluon/modelo_autogluon/models/trainer.pkl
Model configs that will be trained (in order):
	LightGBM_BAG_L2: 	{'ag_args': {'problem_types': ['binary', 'multiclass', 'regression', 'quantile', 'softclass'], 'model_type': <class 'autogluon.tabular.models.lgb.lgb_model.LGBModel'>, 'priority': 90}}
	RandomForest_BAG_L2: 	{'ag_args': {'problem_types': ['binary', 'multiclass', 'regression', 'quantile', 'softclass'], 'model_type': <class 'autogluon.tabular.models.rf.rf_model.RFModel'>, 'priority': 80}, 'ag_args_ensemble': {'use_child_oof': True}}
	ExtraTrees_BAG_L2: 	{'ag_args': {'problem_types': ['binary', 'multiclass', 'regression', 'quantile'], 'model_type': <class 'autogluon.tabular.models.xt.xt_model.XTModel'>, 'priority': 60}, 'ag_args_ensemble': {'use_child_oof': True}}
	XGBoost_BAG_L2: 	{'ag_args': {'problem_types': ['binary', 'multiclass', 'regression', 'softclass'], 'model_type': <class 'autogluon.tabular.models.xgboost.xgboost_model.XGBoostModel'>, 'priority': 40}}
Fitting 4 L2 models, fit_strategy="sequential" ...
Loading: /content/drive/MyDrive/CICIoT2023_Resultados/AutoML_Comparativo_Unificado/20260728_175118/binario/autogluon/modelo_autogluon/models/LightGBM_BAG_L1/utils/oof.pkl
Loading: /content/drive/MyDrive/CICIoT2023_Resultados/AutoML_Comparativo_Unificado/20260728_175118/binario/autogluon/modelo_autogluon/models/RandomForest_BAG_L1/utils/oof.pkl
Loading: /content/drive/MyDrive/CICIoT2023_Resultados/AutoML_Comparativo_Unificado/20260728_175118/binario/autogluon/modelo_autogluon/models/ExtraTrees_BAG_L1/utils/oof.pkl
Loading: /content/drive/MyDrive/CICIoT2023_Resultados/AutoML_Comparativo_Unificado/20260728_175118/binario/autogluon/modelo_autogluon/models/XGBoost_BAG_L1/utils/oof.pkl
Fitting model: LightGBM_BAG_L2 ... Training model for up to 3239.15s of the 3239.12s of remaining time.
	Failed to import torch or check CUDA availability!Please ensure you have the correct version of PyTorch installed by running `pip install -U torch`
	Fitting LightGBM_BAG_L2 with 'num_gpus': 0, 'num_cpus': 1
Saving /content/drive/MyDrive/CICIoT2023_Resultados/AutoML_Comparativo_Unificado/20260728_175118/binario/autogluon/modelo_autogluon/models/LightGBM_BAG_L2/utils/model_template.pkl
Loading: /content/drive/MyDrive/CICIoT2023_Resultados/AutoML_Comparativo_Unificado/20260728_175118/binario/autogluon/modelo_autogluon/models/LightGBM_BAG_L2/utils/model_template.pkl
	Fitting 8 child models (S1F1 - S1F8) | Fitting with SequentialLocalFoldFittingStrategy (sequential: cpus=1, gpus=0)
	Fitting 10000 rounds... Hyperparameters: {'learning_rate': 0.05, 'seed': 0}
	Fitting 10000 rounds... Hyperparameters: {'learning_rate': 0.05, 'seed': 0}
	Fitting 10000 rounds... Hyperparameters: {'learning_rate': 0.05, 'seed': 0}
	Fitting 10000 rounds... Hyperparameters: {'learning_rate': 0.05, 'seed': 0}
	Fitting 10000 rounds... Hyperparameters: {'learning_rate': 0.05, 'seed': 0}
	Fitting 10000 rounds... Hyperparameters: {'learning_rate': 0.05, 'seed': 0}
	Fitting 10000 rounds... Hyperparameters: {'learning_rate': 0.05, 'seed': 0}
	Fitting 10000 rounds... Hyperparameters: {'learning_rate': 0.05, 'seed': 0}
Saving /content/drive/MyDrive/CICIoT2023_Resultados/AutoML_Comparativo_Unificado/20260728_175118/binario/autogluon/modelo_autogluon/models/LightGBM_BAG_L2/utils/oof.pkl
Saving /content/drive/MyDrive/CICIoT2023_Resultados/AutoML_Comparativo_Unificado/20260728_175118/binario/autogluon/modelo_autogluon/models/LightGBM_BAG_L2/model.pkl
	0.9919	 = Validation score   (f1_macro)
	12.86s	 = Training   runtime
	0.08s	 = Validation runtime
	5710.9	 = Inference  throughput (rows/s | 10000 batch size)
Saving /content/drive/MyDrive/CICIoT2023_Resultados/AutoML_Comparativo_Unificado/20260728_175118/binario/autogluon/modelo_autogluon/models/trainer.pkl
Fitting model: RandomForest_BAG_L2 ... Training model for up to 3225.70s of the 3225.66s of remaining time.
	Failed to import torch or check CUDA availability!Please ensure you have the correct version of PyTorch installed by running `pip install -U torch`
	Fitting RandomForest_BAG_L2 with 'num_gpus': 0, 'num_cpus': 1
Saving /content/drive/MyDrive/CICIoT2023_Resultados/AutoML_Comparativo_Unificado/20260728_175118/binario/autogluon/modelo_autogluon/models/RandomForest_BAG_L2/utils/model_template.pkl
Loading: /content/drive/MyDrive/CICIoT2023_Resultados/AutoML_Comparativo_Unificado/20260728_175118/binario/autogluon/modelo_autogluon/models/RandomForest_BAG_L2/utils/model_template.pkl
	Fitting 1 model on all data (use_child_oof=True) | Fitting with cpus=1, gpus=0, mem=0.4/10.9 GB
	15.67s	= Estimated out-of-fold prediction time...
	`use_child_oof` was specified for this model. It will function similarly to a bagged model, but will only fit one child model.
Saving /content/drive/MyDrive/CICIoT2023_Resultados/AutoML_Comparativo_Unificado/20260728_175118/binario/autogluon/modelo_autogluon/models/RandomForest_BAG_L2/utils/oof.pkl
Saving /content/drive/MyDrive/CICIoT2023_Resultados/AutoML_Comparativo_Unificado/20260728_175118/binario/autogluon/modelo_autogluon/models/RandomForest_BAG_L2/model.pkl
	0.9919	 = Validation score   (f1_macro)
	42.85s	 = Training   runtime
	3.53s	 = Validation runtime
	4735.1	 = Inference  throughput (rows/s | 10000 batch size)
Saving /content/drive/MyDrive/CICIoT2023_Resultados/AutoML_Comparativo_Unificado/20260728_175118/binario/autogluon/modelo_autogluon/models/trainer.pkl
Fitting model: ExtraTrees_BAG_L2 ... Training model for up to 3178.79s of the 3178.76s of remaining time.
	Failed to import torch or check CUDA availability!Please ensure you have the correct version of PyTorch installed by running `pip install -U torch`
	Fitting ExtraTrees_BAG_L2 with 'num_gpus': 0, 'num_cpus': 1
Saving /content/drive/MyDrive/CICIoT2023_Resultados/AutoML_Comparativo_Unificado/20260728_175118/binario/autogluon/modelo_autogluon/models/ExtraTrees_BAG_L2/utils/model_template.pkl
Loading: /content/drive/MyDrive/CICIoT2023_Resultados/AutoML_Comparativo_Unificado/20260728_175118/binario/autogluon/modelo_autogluon/models/ExtraTrees_BAG_L2/utils/model_template.pkl
	Fitting 1 model on all data (use_child_oof=True) | Fitting with cpus=1, gpus=0, mem=0.4/10.9 GB
	17.37s	= Estimated out-of-fold prediction time...
	`use_child_oof` was specified for this model. It will function similarly to a bagged model, but will only fit one child model.
Saving /content/drive/MyDrive/CICIoT2023_Resultados/AutoML_Comparativo_Unificado/20260728_175118/binario/autogluon/modelo_autogluon/models/ExtraTrees_BAG_L2/utils/oof.pkl
Saving /content/drive/MyDrive/CICIoT2023_Resultados/AutoML_Comparativo_Unificado/20260728_175118/binario/autogluon/modelo_autogluon/models/ExtraTrees_BAG_L2/model.pkl
	0.9918	 = Validation score   (f1_macro)
	14.14s	 = Training   runtime
	4.66s	 = Validation runtime
	4438.4	 = Inference  throughput (rows/s | 10000 batch size)
Saving /content/drive/MyDrive/CICIoT2023_Resultados/AutoML_Comparativo_Unificado/20260728_175118/binario/autogluon/modelo_autogluon/models/trainer.pkl
Fitting model: XGBoost_BAG_L2 ... Training model for up to 3159.07s of the 3159.04s of remaining time.
	Failed to import torch or check CUDA availability!Please ensure you have the correct version of PyTorch installed by running `pip install -U torch`
	Fitting XGBoost_BAG_L2 with 'num_gpus': 0, 'num_cpus': 1
Saving /content/drive/MyDrive/CICIoT2023_Resultados/AutoML_Comparativo_Unificado/20260728_175118/binario/autogluon/modelo_autogluon/models/XGBoost_BAG_L2/utils/model_template.pkl
Loading: /content/drive/MyDrive/CICIoT2023_Resultados/AutoML_Comparativo_Unificado/20260728_175118/binario/autogluon/modelo_autogluon/models/XGBoost_BAG_L2/utils/model_template.pkl
	Fitting 8 child models (S1F1 - S1F8) | Fitting with SequentialLocalFoldFittingStrategy (sequential: cpus=1, gpus=0)
Saving /content/drive/MyDrive/CICIoT2023_Resultados/AutoML_Comparativo_Unificado/20260728_175118/binario/autogluon/modelo_autogluon/models/XGBoost_BAG_L2/utils/oof.pkl
Saving /content/drive/MyDrive/CICIoT2023_Resultados/AutoML_Comparativo_Unificado/20260728_175118/binario/autogluon/modelo_autogluon/models/XGBoost_BAG_L2/model.pkl
	0.9919	 = Validation score   (f1_macro)
	20.72s	 = Training   runtime
	0.23s	 = Validation runtime
	5270.3	 = Inference  throughput (rows/s | 10000 batch size)
Saving /content/drive/MyDrive/CICIoT2023_Resultados/AutoML_Comparativo_Unificado/20260728_175118/binario/autogluon/modelo_autogluon/models/trainer.pkl
Loading: /content/drive/MyDrive/CICIoT2023_Resultados/AutoML_Comparativo_Unificado/20260728_175118/binario/autogluon/modelo_autogluon/models/LightGBM_BAG_L1/utils/oof.pkl
Loading: /content/drive/MyDrive/CICIoT2023_Resultados/AutoML_Comparativo_Unificado/20260728_175118/binario/autogluon/modelo_autogluon/models/RandomForest_BAG_L1/utils/oof.pkl
Loading: /content/drive/MyDrive/CICIoT2023_Resultados/AutoML_Comparativo_Unificado/20260728_175118/binario/autogluon/modelo_autogluon/models/ExtraTrees_BAG_L1/utils/oof.pkl
Loading: /content/drive/MyDrive/CICIoT2023_Resultados/AutoML_Comparativo_Unificado/20260728_175118/binario/autogluon/modelo_autogluon/models/XGBoost_BAG_L1/utils/oof.pkl
Loading: /content/drive/MyDrive/CICIoT2023_Resultados/AutoML_Comparativo_Unificado/20260728_175118/binario/autogluon/modelo_autogluon/models/LightGBM_BAG_L2/utils/oof.pkl
Loading: /content/drive/MyDrive/CICIoT2023_Resultados/AutoML_Comparativo_Unificado/20260728_175118/binario/autogluon/modelo_autogluon/models/RandomForest_BAG_L2/utils/oof.pkl
Loading: /content/drive/MyDrive/CICIoT2023_Resultados/AutoML_Comparativo_Unificado/20260728_175118/binario/autogluon/modelo_autogluon/models/ExtraTrees_BAG_L2/utils/oof.pkl
Loading: /content/drive/MyDrive/CICIoT2023_Resultados/AutoML_Comparativo_Unificado/20260728_175118/binario/autogluon/modelo_autogluon/models/XGBoost_BAG_L2/utils/oof.pkl
Model configs that will be trained (in order):
	WeightedEnsemble_L3: 	{'ag_args': {'problem_types': ['binary', 'multiclass', 'regression', 'quantile', 'softclass'], 'valid_base': False, 'name_bag_suffix': '', 'model_type': <class 'autogluon.core.models.greedy_ensemble.greedy_weighted_ensemble_model.GreedyWeightedEnsembleModel'>, 'priority': 0}, 'ag_args_ensemble': {'save_bag_folds': True}}
Fitting model: WeightedEnsemble_L3 ... Training model for up to 360.00s of the 3137.41s of remaining time.
	Failed to import torch or check CUDA availability!Please ensure you have the correct version of PyTorch installed by running `pip install -U torch`
	Fitting WeightedEnsemble_L3 with 'num_gpus': 0, 'num_cpus': 1
Saving /content/drive/MyDrive/CICIoT2023_Resultados/AutoML_Comparativo_Unificado/20260728_175118/binario/autogluon/modelo_autogluon/models/WeightedEnsemble_L3/utils/model_template.pkl
Loading: /content/drive/MyDrive/CICIoT2023_Resultados/AutoML_Comparativo_Unificado/20260728_175118/binario/autogluon/modelo_autogluon/models/WeightedEnsemble_L3/utils/model_template.pkl
	Fitting 1 model on all data | Fitting with cpus=1, gpus=0, mem=0.0/10.9 GB
Ensemble size: 7
Ensemble weights: 
[0.         0.         0.         0.         0.85714286 0.14285714
 0.         0.        ]
	0.16s	= Estimated out-of-fold prediction time...
Saving /content/drive/MyDrive/CICIoT2023_Resultados/AutoML_Comparativo_Unificado/20260728_175118/binario/autogluon/modelo_autogluon/models/WeightedEnsemble_L3/utils/oof.pkl
Saving /content/drive/MyDrive/CICIoT2023_Resultados/AutoML_Comparativo_Unificado/20260728_175118/binario/autogluon/modelo_autogluon/models/WeightedEnsemble_L3/model.pkl
	Ensemble Weights: {'LightGBM_BAG_L2': 0.857, 'RandomForest_BAG_L2': 0.143}
	0.992	 = Validation score   (f1_macro)
	2.13s	 = Training   runtime
	0.01s	 = Validation runtime
	4556.7	 = Inference  throughput (rows/s | 10000 batch size)
Saving /content/drive/MyDrive/CICIoT2023_Resultados/AutoML_Comparativo_Unificado/20260728_175118/binario/autogluon/modelo_autogluon/models/trainer.pkl
Saving /content/drive/MyDrive/CICIoT2023_Resultados/AutoML_Comparativo_Unificado/20260728_175118/binario/autogluon/modelo_autogluon/models/trainer.pkl
Saving /content/drive/MyDrive/CICIoT2023_Resultados/AutoML_Comparativo_Unificado/20260728_175118/binario/autogluon/modelo_autogluon/models/trainer.pkl
AutoGluon training complete, total runtime = 221.58s ... Best model: WeightedEnsemble_L3 | Estimated inference throughput: 4556.7 rows/s (10000 batch size)
Loading: /content/drive/MyDrive/CICIoT2023_Resultados/AutoML_Comparativo_Unificado/20260728_175118/binario/autogluon/modelo_autogluon/models/trainer.pkl
Enabling decision threshold calibration (calibrate_decision_threshold='auto', metric is valid, problem_type is 'binary')
Loading: /content/drive/MyDrive/CICIoT2023_Resultados/AutoML_Comparativo_Unificado/20260728_175118/binario/autogluon/modelo_autogluon/utils/data/y.pkl
Loading: /content/drive/MyDrive/CICIoT2023_Resultados/AutoML_Comparativo_Unificado/20260728_175118/binario/autogluon/modelo_autogluon/models/WeightedEnsemble_L3/utils/oof.pkl
Calibrating decision threshold to optimize metric f1_macro | Checking 51 thresholds...
	threshold: 0.500	| val: 0.9920	| NEW BEST
	threshold: 0.480	| val: 0.9919
	threshold: 0.520	| val: 0.9918
	threshold: 0.460	| val: 0.9917
	threshold: 0.540	| val: 0.9918
	threshold: 0.440	| val: 0.9917
	threshold: 0.560	| val: 0.9918
	threshold: 0.420	| val: 0.9915
	threshold: 0.580	| val: 0.9918
	threshold: 0.400	| val: 0.9914
	threshold: 0.600	| val: 0.9917
	threshold: 0.380	| val: 0.9911
	threshold: 0.620	| val: 0.9917
	threshold: 0.360	| val: 0.9907
	threshold: 0.640	| val: 0.9917
	threshold: 0.340	| val: 0.9897
	threshold: 0.660	| val: 0.9916
	threshold: 0.320	| val: 0.9880
	threshold: 0.680	| val: 0.9916
	threshold: 0.300	| val: 0.9802
	threshold: 0.700	| val: 0.9916
	threshold: 0.280	| val: 0.9158
	threshold: 0.720	| val: 0.9298
	threshold: 0.260	| val: 0.8536
	threshold: 0.740	| val: 0.8665
	threshold: 0.240	| val: 0.7876
	threshold: 0.760	| val: 0.8000
	threshold: 0.220	| val: 0.7115
	threshold: 0.780	| val: 0.7283
	threshold: 0.200	| val: 0.5594
	threshold: 0.800	| val: 0.5606
	threshold: 0.180	| val: 0.5558
	threshold: 0.820	| val: 0.5606
	threshold: 0.160	| val: 0.5488
	threshold: 0.840	| val: 0.5605
	threshold: 0.140	| val: 0.4571
	threshold: 0.860	| val: 0.4574
	threshold: 0.120	| val: 0.4563
	threshold: 0.880	| val: 0.4574
	threshold: 0.100	| val: 0.4549
	threshold: 0.900	| val: 0.4574
	threshold: 0.080	| val: 0.4521
	threshold: 0.920	| val: 0.4574
	threshold: 0.060	| val: 0.4479
	threshold: 0.940	| val: 0.4573
	threshold: 0.040	| val: 0.4407
	threshold: 0.960	| val: 0.4571
	threshold: 0.020	| val: 0.3333
	threshold: 0.980	| val: 0.4566
	threshold: 0.000	| val: 0.3333
	threshold: 1.000	| val: 0.3333
Calibrating decision threshold via fine-grained search | Checking 38 thresholds...
	threshold: 0.501	| val: 0.9920	| NEW BEST
	threshold: 0.502	| val: 0.9920
	threshold: 0.503	| val: 0.9920
	threshold: 0.504	| val: 0.9919
	threshold: 0.505	| val: 0.9919
	threshold: 0.506	| val: 0.9919
	threshold: 0.507	| val: 0.9919
	threshold: 0.508	| val: 0.9919
	threshold: 0.509	| val: 0.9919
	threshold: 0.510	| val: 0.9919
	threshold: 0.511	| val: 0.9919
	threshold: 0.512	| val: 0.9919
	threshold: 0.513	| val: 0.9919
	threshold: 0.514	| val: 0.9919
	threshold: 0.515	| val: 0.9919
	threshold: 0.516	| val: 0.9918
	threshold: 0.517	| val: 0.9918
	threshold: 0.518	| val: 0.9918
	threshold: 0.519	| val: 0.9918
	threshold: 0.499	| val: 0.9920
	threshold: 0.498	| val: 0.9920
	threshold: 0.497	| val: 0.9920
	threshold: 0.496	| val: 0.9919
	threshold: 0.495	| val: 0.9919
	threshold: 0.494	| val: 0.9919
	threshold: 0.493	| val: 0.9920
	threshold: 0.492	| val: 0.9920
	threshold: 0.491	| val: 0.9919
	threshold: 0.490	| val: 0.9919
	threshold: 0.489	| val: 0.9919
	threshold: 0.488	| val: 0.9919
	threshold: 0.487	| val: 0.9919
	threshold: 0.486	| val: 0.9919
	threshold: 0.485	| val: 0.9919
	threshold: 0.484	| val: 0.9919
	threshold: 0.483	| val: 0.9919
	threshold: 0.482	| val: 0.9919
	threshold: 0.481	| val: 0.9919
	Base Threshold: 0.500	| val: 0.9920
	Best Threshold: 0.501	| val: 0.9920
Updating predictor.decision_threshold from 0.5 -> 0.501
	This will impact how prediction probabilities are converted to predictions in binary classification.
	Prediction probabilities of the positive class >0.501 will be predicted as the positive class (Malicious). This can significantly impact metric scores.
	You can update this value via `predictor.set_decision_threshold`.
	You can calculate an optimal decision threshold on the validation data via `predictor.calibrate_decision_threshold()`.
Saving /content/drive/MyDrive/CICIoT2023_Resultados/AutoML_Comparativo_Unificado/20260728_175118/binario/autogluon/modelo_autogluon/models/trainer.pkl
Saving /content/drive/MyDrive/CICIoT2023_Resultados/AutoML_Comparativo_Unificado/20260728_175118/binario/autogluon/modelo_autogluon/learner.pkl
Saving /content/drive/MyDrive/CICIoT2023_Resultados/AutoML_Comparativo_Unificado/20260728_175118/binario/autogluon/modelo_autogluon/predictor.pkl
Saving /content/drive/MyDrive/CICIoT2023_Resultados/AutoML_Comparativo_Unificado/20260728_175118/binario/autogluon/modelo_autogluon/version.txt with contents "1.5.0"
Saving /content/drive/MyDrive/CICIoT2023_Resultados/AutoML_Comparativo_Unificado/20260728_175118/binario/autogluon/modelo_autogluon/metadata.json
TabularPredictor saved. To load, use: predictor = TabularPredictor.load("/content/drive/MyDrive/CICIoT2023_Resultados/AutoML_Comparativo_Unificado/20260728_175118/binario/autogluon/modelo_autogluon")
Loading: /content/drive/MyDrive/CICIoT2023_Resultados/AutoML_Comparativo_Unificado/20260728_175118/binario/autogluon/modelo_autogluon/models/ExtraTrees_BAG_L1/model.pkl
Loading: /content/drive/MyDrive/CICIoT2023_Resultados/AutoML_Comparativo_Unificado/20260728_175118/binario/autogluon/modelo_autogluon/models/LightGBM_BAG_L1/model.pkl
Loading: /content/drive/MyDrive/CICIoT2023_Resultados/AutoML_Comparativo_Unificado/20260728_175118/binario/autogluon/modelo_autogluon/models/RandomForest_BAG_L1/model.pkl
Loading: /content/drive/MyDrive/CICIoT2023_Resultados/AutoML_Comparativo_Unificado/20260728_175118/binario/autogluon/modelo_autogluon/models/XGBoost_BAG_L1/model.pkl
Loading: /content/drive/MyDrive/CICIoT2023_Resultados/AutoML_Comparativo_Unificado/20260728_175118/binario/autogluon/modelo_autogluon/models/LightGBM_BAG_L2/model.pkl
Loading: /content/drive/MyDrive/CICIoT2023_Resultados/AutoML_Comparativo_Unificado/20260728_175118/binario/autogluon/modelo_autogluon/models/RandomForest_BAG_L2/model.pkl
Loading: /content/drive/MyDrive/CICIoT2023_Resultados/AutoML_Comparativo_Unificado/20260728_175118/binario/autogluon/modelo_autogluon/models/WeightedEnsemble_L3/model.pkl
Loading: /content/drive/MyDrive/CICIoT2023_Resultados/AutoML_Comparativo_Unificado/20260728_175118/binario/autogluon/modelo_autogluon/models/ExtraTrees_BAG_L1/model.pkl
Loading: /content/drive/MyDrive/CICIoT2023_Resultados/AutoML_Comparativo_Unificado/20260728_175118/binario/autogluon/modelo_autogluon/models/LightGBM_BAG_L1/model.pkl
Loading: /content/drive/MyDrive/CICIoT2023_Resultados/AutoML_Comparativo_Unificado/20260728_175118/binario/autogluon/modelo_autogluon/models/RandomForest_BAG_L1/model.pkl
Loading: /content/drive/MyDrive/CICIoT2023_Resultados/AutoML_Comparativo_Unificado/20260728_175118/binario/autogluon/modelo_autogluon/models/XGBoost_BAG_L1/model.pkl
Loading: /content/drive/MyDrive/CICIoT2023_Resultados/AutoML_Comparativo_Unificado/20260728_175118/binario/autogluon/modelo_autogluon/models/LightGBM_BAG_L2/model.pkl
Loading: /content/drive/MyDrive/CICIoT2023_Resultados/AutoML_Comparativo_Unificado/20260728_175118/binario/autogluon/modelo_autogluon/models/RandomForest_BAG_L2/model.pkl
Loading: /content/drive/MyDrive/CICIoT2023_Resultados/AutoML_Comparativo_Unificado/20260728_175118/binario/autogluon/modelo_autogluon/models/WeightedEnsemble_L3/model.pkl
Loading: /content/drive/MyDrive/CICIoT2023_Resultados/AutoML_Comparativo_Unificado/20260728_175118/binario/autogluon/modelo_autogluon/models/LightGBM_BAG_L1/model.pkl
Loading: /content/drive/MyDrive/CICIoT2023_Resultados/AutoML_Comparativo_Unificado/20260728_175118/binario/autogluon/modelo_autogluon/models/RandomForest_BAG_L1/model.pkl
Loading: /content/drive/MyDrive/CICIoT2023_Resultados/AutoML_Comparativo_Unificado/20260728_175118/binario/autogluon/modelo_autogluon/models/ExtraTrees_BAG_L1/model.pkl
Loading: /content/drive/MyDrive/CICIoT2023_Resultados/AutoML_Comparativo_Unificado/20260728_175118/binario/autogluon/modelo_autogluon/models/XGBoost_BAG_L1/model.pkl
Loading: /content/drive/MyDrive/CICIoT2023_Resultados/AutoML_Comparativo_Unificado/20260728_175118/binario/autogluon/modelo_autogluon/models/WeightedEnsemble_L2/model.pkl
Loading: /content/drive/MyDrive/CICIoT2023_Resultados/AutoML_Comparativo_Unificado/20260728_175118/binario/autogluon/modelo_autogluon/models/LightGBM_BAG_L2/model.pkl
Loading: /content/drive/MyDrive/CICIoT2023_Resultados/AutoML_Comparativo_Unificado/20260728_175118/binario/autogluon/modelo_autogluon/models/RandomForest_BAG_L2/model.pkl
Loading: /content/drive/MyDrive/CICIoT2023_Resultados/AutoML_Comparativo_Unificado/20260728_175118/binario/autogluon/modelo_autogluon/models/ExtraTrees_BAG_L2/model.pkl
Loading: /content/drive/MyDrive/CICIoT2023_Resultados/AutoML_Comparativo_Unificado/20260728_175118/binario/autogluon/modelo_autogluon/models/XGBoost_BAG_L2/model.pkl
Loading: /content/drive/MyDrive/CICIoT2023_Resultados/AutoML_Comparativo_Unificado/20260728_175118/binario/autogluon/modelo_autogluon/models/WeightedEnsemble_L3/model.pkl
