Verbosity: 3 (Detailed Logging)
	Failed to import torch or check CUDA availability!Please ensure you have the correct version of PyTorch installed by running `pip install -U torch`
=================== System Info ===================
AutoGluon Version:  1.5.0
Python Version:     3.11.15
Operating System:   Linux
Platform Machine:   x86_64
Platform Version:   #1 SMP Thu Apr 30 18:17:14 UTC 2026
CPU Count:          2
Pytorch Version:    Can't import torch
CUDA Version:       Can't get cuda version from torch
GPU Count:          WARNING: Exception was raised when calculating GPU count (ModuleNotFoundError)
Memory Avail:       11.03 GB / 12.67 GB (87.0%)
Disk Space Avail:   1.92 GB / 15.00 GB (12.8%)
	WARNING: Available disk space is low and there is a risk that AutoGluon will run out of disk during fit, causing an exception. 
	We recommend a minimum available disk space of 10 GB, and large datasets may require more.
===================================================
Presets specified: ['best_quality']
============ fit kwarg info ============
User Specified kwargs:
{'auto_stack': True}
Full kwargs:
{'_experimental_dynamic_hyperparameters': False,
 '_feature_generator_kwargs': None,
 '_save_bag_folds': None,
 'ag_args': None,
 'ag_args_ensemble': None,
 'ag_args_fit': None,
 'auto_stack': True,
 'calibrate': 'auto',
 'delay_bag_sets': False,
 'ds_args': {'clean_up_fits': True,
             'detection_time_frac': 0.25,
             'enable_callbacks': True,
             'enable_ray_logging': True,
             'holdout_data': None,
             'holdout_frac': 0.1111111111111111,
             'memory_safe_fits': 'auto',
             'n_folds': 2,
             'n_repeats': 1,
             'validation_procedure': 'holdout'},
 'excluded_model_types': None,
 'feature_generator': 'auto',
 'feature_prune_kwargs': None,
 'holdout_frac': None,
 'hyperparameter_tune_kwargs': None,
 'included_model_types': None,
 'keep_only_best': False,
 'learning_curves': False,
 'name_suffix': None,
 'num_bag_folds': None,
 'num_bag_sets': None,
 'num_stack_levels': None,
 'pseudo_data': None,
 'raise_on_model_failure': False,
 'raise_on_no_models_fitted': True,
 'refit_full': False,
 'save_bag_folds': None,
 'save_space': False,
 'set_best_to_refit_full': False,
 'test_data': None,
 'unlabeled_data': None,
 'use_bag_holdout': False,
 'verbosity': 3}
========================================
Setting dynamic_stacking from 'auto' to True. Reason: Enable dynamic_stacking when use_bag_holdout is disabled. (use_bag_holdout=False)
Stack configuration (auto_stack=True): num_stack_levels=1, num_bag_folds=8, num_bag_sets=1
DyStack is enabled (dynamic_stacking=True). AutoGluon will try to determine whether the input data is affected by stacked overfitting and enable or disable stacking as a consequence.
	This is used to identify the optimal `num_stack_levels` value. Copies of AutoGluon will be fit on subsets of the data. Then holdout validation data is used to detect stacked overfitting.
	Running DyStack for up to 900s of the 3600s of remaining time (25%).
		Context path: "/content/drive/MyDrive/CICIoT2023_Resultados/AutoML_Comparativo_Unificado/20260728_175118/agrupado8/autogluon/modelo_autogluon/ds_sub_fit/sub_fit_ho"
Running DyStack sub-fit ...
Saving /content/drive/MyDrive/CICIoT2023_Resultados/AutoML_Comparativo_Unificado/20260728_175118/agrupado8/autogluon/modelo_autogluon/ds_sub_fit/sub_fit_ho/learner.pkl
Saving /content/drive/MyDrive/CICIoT2023_Resultados/AutoML_Comparativo_Unificado/20260728_175118/agrupado8/autogluon/modelo_autogluon/ds_sub_fit/sub_fit_ho/predictor.pkl
Beginning AutoGluon training ... Time limit = 900s
AutoGluon will save models to "/content/drive/MyDrive/CICIoT2023_Resultados/AutoML_Comparativo_Unificado/20260728_175118/agrupado8/autogluon/modelo_autogluon/ds_sub_fit/sub_fit_ho"
Train Data Rows:    240280
Train Data Columns: 39
Label Column:       label_grouped
Problem Type:       multiclass
Preprocessing data ...
Train Data Class Count: 8
Using Feature Generators to preprocess the data ...
Fitting AutoMLPipelineFeatureGenerator...
	Available Memory:                    11199.98 MB
	Train Data (Original)  Memory Usage: 35.75 MB (0.3% of available memory)
	Inferring data type of each feature based on column values. Set feature_metadata_in to manually specify special dtypes of the features.
	Stage 1 Generators:
		Fitting AsTypeFeatureGenerator...
			Original Features (exact raw dtype, raw dtype):
				('float32', 'float') : 39 | ['Header_Length', 'Protocol Type', 'Time_To_Live', 'Rate', 'fin_flag_number', ...]
			Types of features in original data (raw dtype, special dtypes):
				('float', []) : 39 | ['Header_Length', 'Protocol Type', 'Time_To_Live', 'Rate', 'fin_flag_number', ...]
			Types of features in processed data (raw dtype, special dtypes):
				('float', []) : 39 | ['Header_Length', 'Protocol Type', 'Time_To_Live', 'Rate', 'fin_flag_number', ...]
			0.2s = Fit runtime
			39 features in original data used to generate 39 features in processed data.
	Stage 2 Generators:
		Fitting FillNaFeatureGenerator...
			Types of features in original data (raw dtype, special dtypes):
				('float', []) : 39 | ['Header_Length', 'Protocol Type', 'Time_To_Live', 'Rate', 'fin_flag_number', ...]
			Types of features in processed data (raw dtype, special dtypes):
				('float', []) : 39 | ['Header_Length', 'Protocol Type', 'Time_To_Live', 'Rate', 'fin_flag_number', ...]
			0.1s = Fit runtime
			39 features in original data used to generate 39 features in processed data.
	Stage 3 Generators:
		Fitting IdentityFeatureGenerator...
			Types of features in original data (raw dtype, special dtypes):
				('float', []) : 39 | ['Header_Length', 'Protocol Type', 'Time_To_Live', 'Rate', 'fin_flag_number', ...]
			Types of features in processed data (raw dtype, special dtypes):
				('float', []) : 39 | ['Header_Length', 'Protocol Type', 'Time_To_Live', 'Rate', 'fin_flag_number', ...]
			0.1s = Fit runtime
			39 features in original data used to generate 39 features in processed data.
		Skipping CategoryFeatureGenerator: No input feature with required dtypes.
		Skipping DatetimeFeatureGenerator: No input feature with required dtypes.
		Skipping TextSpecialFeatureGenerator: No input feature with required dtypes.
		Skipping TextNgramFeatureGenerator: No input feature with required dtypes.
		Skipping IdentityFeatureGenerator: No input feature with required dtypes.
		Skipping IsNanFeatureGenerator: No input feature with required dtypes.
	Stage 4 Generators:
		Fitting DropUniqueFeatureGenerator...
			Types of features in original data (raw dtype, special dtypes):
				('float', []) : 39 | ['Header_Length', 'Protocol Type', 'Time_To_Live', 'Rate', 'fin_flag_number', ...]
			Types of features in processed data (raw dtype, special dtypes):
				('float', []) : 39 | ['Header_Length', 'Protocol Type', 'Time_To_Live', 'Rate', 'fin_flag_number', ...]
			0.3s = Fit runtime
			39 features in original data used to generate 39 features in processed data.
	Stage 5 Generators:
		Fitting DropDuplicatesFeatureGenerator...
			2 duplicate columns removed: ['LLC', 'Tot size']
			Types of features in original data (raw dtype, special dtypes):
				('float', []) : 37 | ['Header_Length', 'Protocol Type', 'Time_To_Live', 'Rate', 'fin_flag_number', ...]
			Types of features in processed data (raw dtype, special dtypes):
				('float', []) : 37 | ['Header_Length', 'Protocol Type', 'Time_To_Live', 'Rate', 'fin_flag_number', ...]
			0.1s = Fit runtime
			37 features in original data used to generate 37 features in processed data.
	Unused Original Features (Count: 2): ['LLC', 'Tot size']
		These features were not used to generate any of the output features. Add a feature generator compatible with these features to utilize them.
		Features can also be unused if they carry very little information, such as being categorical but having almost entirely unique values or being duplicates of other features.
		These features do not need to be present at inference time.
		('float', []) : 2 | ['LLC', 'Tot size']
	Types of features in original data (exact raw dtype, raw dtype):
		('float32', 'float') : 37 | ['Header_Length', 'Protocol Type', 'Time_To_Live', 'Rate', 'fin_flag_number', ...]
	Types of features in original data (raw dtype, special dtypes):
		('float', []) : 37 | ['Header_Length', 'Protocol Type', 'Time_To_Live', 'Rate', 'fin_flag_number', ...]
	Types of features in processed data (exact raw dtype, raw dtype):
		('float32', 'float') : 37 | ['Header_Length', 'Protocol Type', 'Time_To_Live', 'Rate', 'fin_flag_number', ...]
	Types of features in processed data (raw dtype, special dtypes):
		('float', []) : 37 | ['Header_Length', 'Protocol Type', 'Time_To_Live', 'Rate', 'fin_flag_number', ...]
	1.0s = Fit runtime
	37 features in original data used to generate 37 features in processed data.
	Train Data (Processed) Memory Usage: 33.91 MB (0.3% of available memory)
Data preprocessing and feature engineering runtime = 1.29s ...
AutoGluon will gauge predictive performance using evaluation metric: 'f1_macro'
	To change this, specify the eval_metric parameter of Predictor()
Saving /content/drive/MyDrive/CICIoT2023_Resultados/AutoML_Comparativo_Unificado/20260728_175118/agrupado8/autogluon/modelo_autogluon/ds_sub_fit/sub_fit_ho/learner.pkl
User-specified model hyperparameters to be fit:
{
	'GBM': [{}],
	'XGB': [{}],
	'RF': [{}],
	'XT': [{}],
}
Saving /content/drive/MyDrive/CICIoT2023_Resultados/AutoML_Comparativo_Unificado/20260728_175118/agrupado8/autogluon/modelo_autogluon/ds_sub_fit/sub_fit_ho/utils/data/X.pkl
Saving /content/drive/MyDrive/CICIoT2023_Resultados/AutoML_Comparativo_Unificado/20260728_175118/agrupado8/autogluon/modelo_autogluon/ds_sub_fit/sub_fit_ho/utils/data/y.pkl
AutoGluon will fit 2 stack levels (L1 to L2) ...
Model configs that will be trained (in order):
	LightGBM_BAG_L1: 	{'ag_args': {'problem_types': ['binary', 'multiclass', 'regression', 'quantile', 'softclass'], 'model_type': <class 'autogluon.tabular.models.lgb.lgb_model.LGBModel'>, 'priority': 90}}
	RandomForest_BAG_L1: 	{'ag_args': {'problem_types': ['binary', 'multiclass', 'regression', 'quantile', 'softclass'], 'model_type': <class 'autogluon.tabular.models.rf.rf_model.RFModel'>, 'priority': 80}, 'ag_args_ensemble': {'use_child_oof': True}}
	ExtraTrees_BAG_L1: 	{'ag_args': {'problem_types': ['binary', 'multiclass', 'regression', 'quantile'], 'model_type': <class 'autogluon.tabular.models.xt.xt_model.XTModel'>, 'priority': 60}, 'ag_args_ensemble': {'use_child_oof': True}}
	XGBoost_BAG_L1: 	{'ag_args': {'problem_types': ['binary', 'multiclass', 'regression', 'softclass'], 'model_type': <class 'autogluon.tabular.models.xgboost.xgboost_model.XGBoostModel'>, 'priority': 40}}
Fitting 4 L1 models, fit_strategy="sequential" ...
Fitting model: LightGBM_BAG_L1 ... Training model for up to 598.99s of the 898.70s of remaining time.
	Failed to import torch or check CUDA availability!Please ensure you have the correct version of PyTorch installed by running `pip install -U torch`
	Fitting LightGBM_BAG_L1 with 'num_gpus': 0, 'num_cpus': 1
Saving /content/drive/MyDrive/CICIoT2023_Resultados/AutoML_Comparativo_Unificado/20260728_175118/agrupado8/autogluon/modelo_autogluon/ds_sub_fit/sub_fit_ho/models/LightGBM_BAG_L1/utils/model_template.pkl
Loading: /content/drive/MyDrive/CICIoT2023_Resultados/AutoML_Comparativo_Unificado/20260728_175118/agrupado8/autogluon/modelo_autogluon/ds_sub_fit/sub_fit_ho/models/LightGBM_BAG_L1/utils/model_template.pkl
Will use sequential fold fitting strategy because import of ray failed. Reason: ray is required to train folds in parallel for TabularPredictor or HPO for MultiModalPredictor. A quick tip is to install via `pip install "ray>=2.43.0,<2.53.0"`
	Fitting 8 child models (S1F1 - S1F8) | Fitting with SequentialLocalFoldFittingStrategy (sequential: cpus=1, gpus=0)
	Fitting 10000 rounds... Hyperparameters: {'learning_rate': 0.05, 'seed': 0}
	Ran out of time, early stopping on iteration 197. Best iteration is:
	[195]	valid_set's multi_logloss: 0.501365	valid_set's f1_macro: 0.759343
	Fitting 10000 rounds... Hyperparameters: {'learning_rate': 0.05, 'seed': 0}
	Ran out of time, early stopping on iteration 203. Best iteration is:
	[203]	valid_set's multi_logloss: 0.499795	valid_set's f1_macro: 0.75747
	Fitting 10000 rounds... Hyperparameters: {'learning_rate': 0.05, 'seed': 0}
	Ran out of time, early stopping on iteration 208. Best iteration is:
	[207]	valid_set's multi_logloss: 0.493077	valid_set's f1_macro: 0.764269
	Fitting 10000 rounds... Hyperparameters: {'learning_rate': 0.05, 'seed': 0}
	Ran out of time, early stopping on iteration 214. Best iteration is:
	[208]	valid_set's multi_logloss: 0.493874	valid_set's f1_macro: 0.763954
	Fitting 10000 rounds... Hyperparameters: {'learning_rate': 0.05, 'seed': 0}
	Ran out of time, early stopping on iteration 201. Best iteration is:
	[199]	valid_set's multi_logloss: 0.494303	valid_set's f1_macro: 0.763462
	Fitting 10000 rounds... Hyperparameters: {'learning_rate': 0.05, 'seed': 0}
	Ran out of time, early stopping on iteration 238. Best iteration is:
	[238]	valid_set's multi_logloss: 0.490859	valid_set's f1_macro: 0.763495
	Fitting 10000 rounds... Hyperparameters: {'learning_rate': 0.05, 'seed': 0}
	Ran out of time, early stopping on iteration 255. Best iteration is:
	[248]	valid_set's multi_logloss: 0.493669	valid_set's f1_macro: 0.76249
	Fitting 10000 rounds... Hyperparameters: {'learning_rate': 0.05, 'seed': 0}
	Ran out of time, early stopping on iteration 291. Best iteration is:
	[284]	valid_set's multi_logloss: 0.487067	valid_set's f1_macro: 0.767456
Saving /content/drive/MyDrive/CICIoT2023_Resultados/AutoML_Comparativo_Unificado/20260728_175118/agrupado8/autogluon/modelo_autogluon/ds_sub_fit/sub_fit_ho/models/LightGBM_BAG_L1/utils/oof.pkl
Saving /content/drive/MyDrive/CICIoT2023_Resultados/AutoML_Comparativo_Unificado/20260728_175118/agrupado8/autogluon/modelo_autogluon/ds_sub_fit/sub_fit_ho/models/LightGBM_BAG_L1/model.pkl
	0.7628	 = Validation score   (f1_macro)
	539.77s	 = Training   runtime
	44.57s	 = Validation runtime
	673.9	 = Inference  throughput (rows/s | 30035 batch size)
Saving /content/drive/MyDrive/CICIoT2023_Resultados/AutoML_Comparativo_Unificado/20260728_175118/agrupado8/autogluon/modelo_autogluon/ds_sub_fit/sub_fit_ho/models/trainer.pkl
Fitting model: RandomForest_BAG_L1 ... Training model for up to 11.45s of the 311.17s of remaining time.
	Failed to import torch or check CUDA availability!Please ensure you have the correct version of PyTorch installed by running `pip install -U torch`
	Fitting RandomForest_BAG_L1 with 'num_gpus': 0, 'num_cpus': 1
Saving /content/drive/MyDrive/CICIoT2023_Resultados/AutoML_Comparativo_Unificado/20260728_175118/agrupado8/autogluon/modelo_autogluon/ds_sub_fit/sub_fit_ho/models/RandomForest_BAG_L1/utils/model_template.pkl
Loading: /content/drive/MyDrive/CICIoT2023_Resultados/AutoML_Comparativo_Unificado/20260728_175118/agrupado8/autogluon/modelo_autogluon/ds_sub_fit/sub_fit_ho/models/RandomForest_BAG_L1/utils/model_template.pkl
	Warning: Not enough memory to safely train model. Estimated to require 8.951 GB out of 10.785 GB available memory (82.996%)... (50.000% of avail memory is the max safe size)
	To force training the model, specify the model hyperparameter "ag.max_memory_usage_ratio" to a larger value (currently 1.0, set to >=1.71 to avoid the error)
		To set the same value for all models, do the following when calling predictor.fit: `predictor.fit(..., ag_args_fit={"ag.max_memory_usage_ratio": VALUE})`
		Setting "ag.max_memory_usage_ratio" to values above 1 may result in out-of-memory errors. You may consider using a machine with more memory as a safer alternative.
	Not enough memory to train RandomForest_BAG_L1... Skipping this model.
Loading: /content/drive/MyDrive/CICIoT2023_Resultados/AutoML_Comparativo_Unificado/20260728_175118/agrupado8/autogluon/modelo_autogluon/ds_sub_fit/sub_fit_ho/models/RandomForest_BAG_L1/utils/model_template.pkl
Saving /content/drive/MyDrive/CICIoT2023_Resultados/AutoML_Comparativo_Unificado/20260728_175118/agrupado8/autogluon/modelo_autogluon/ds_sub_fit/sub_fit_ho/models/trainer.pkl
Fitting model: ExtraTrees_BAG_L1 ... Training model for up to 11.01s of the 310.72s of remaining time.
	Failed to import torch or check CUDA availability!Please ensure you have the correct version of PyTorch installed by running `pip install -U torch`
	Fitting ExtraTrees_BAG_L1 with 'num_gpus': 0, 'num_cpus': 1
Saving /content/drive/MyDrive/CICIoT2023_Resultados/AutoML_Comparativo_Unificado/20260728_175118/agrupado8/autogluon/modelo_autogluon/ds_sub_fit/sub_fit_ho/models/ExtraTrees_BAG_L1/utils/model_template.pkl
Loading: /content/drive/MyDrive/CICIoT2023_Resultados/AutoML_Comparativo_Unificado/20260728_175118/agrupado8/autogluon/modelo_autogluon/ds_sub_fit/sub_fit_ho/models/ExtraTrees_BAG_L1/utils/model_template.pkl
	Warning: Not enough memory to safely train model. Estimated to require 8.951 GB out of 10.786 GB available memory (82.988%)... (50.000% of avail memory is the max safe size)
	To force training the model, specify the model hyperparameter "ag.max_memory_usage_ratio" to a larger value (currently 1.0, set to >=1.71 to avoid the error)
		To set the same value for all models, do the following when calling predictor.fit: `predictor.fit(..., ag_args_fit={"ag.max_memory_usage_ratio": VALUE})`
		Setting "ag.max_memory_usage_ratio" to values above 1 may result in out-of-memory errors. You may consider using a machine with more memory as a safer alternative.
	Not enough memory to train ExtraTrees_BAG_L1... Skipping this model.
Loading: /content/drive/MyDrive/CICIoT2023_Resultados/AutoML_Comparativo_Unificado/20260728_175118/agrupado8/autogluon/modelo_autogluon/ds_sub_fit/sub_fit_ho/models/ExtraTrees_BAG_L1/utils/model_template.pkl
Saving /content/drive/MyDrive/CICIoT2023_Resultados/AutoML_Comparativo_Unificado/20260728_175118/agrupado8/autogluon/modelo_autogluon/ds_sub_fit/sub_fit_ho/models/trainer.pkl
Fitting model: XGBoost_BAG_L1 ... Training model for up to 10.60s of the 310.32s of remaining time.
	Failed to import torch or check CUDA availability!Please ensure you have the correct version of PyTorch installed by running `pip install -U torch`
	Fitting XGBoost_BAG_L1 with 'num_gpus': 0, 'num_cpus': 1
Saving /content/drive/MyDrive/CICIoT2023_Resultados/AutoML_Comparativo_Unificado/20260728_175118/agrupado8/autogluon/modelo_autogluon/ds_sub_fit/sub_fit_ho/models/XGBoost_BAG_L1/utils/model_template.pkl
Loading: /content/drive/MyDrive/CICIoT2023_Resultados/AutoML_Comparativo_Unificado/20260728_175118/agrupado8/autogluon/modelo_autogluon/ds_sub_fit/sub_fit_ho/models/XGBoost_BAG_L1/utils/model_template.pkl
	Fitting 8 child models (S1F1 - S1F8) | Fitting with SequentialLocalFoldFittingStrategy (sequential: cpus=1, gpus=0)
Ran out of time, early stopping on iteration 0. Best iteration is: 	[0]	-0.681578
	Time limit exceeded... Skipping XGBoost_BAG_L1.
Loading: /content/drive/MyDrive/CICIoT2023_Resultados/AutoML_Comparativo_Unificado/20260728_175118/agrupado8/autogluon/modelo_autogluon/ds_sub_fit/sub_fit_ho/models/XGBoost_BAG_L1/utils/model_template.pkl
Saving /content/drive/MyDrive/CICIoT2023_Resultados/AutoML_Comparativo_Unificado/20260728_175118/agrupado8/autogluon/modelo_autogluon/ds_sub_fit/sub_fit_ho/models/trainer.pkl
Loading: /content/drive/MyDrive/CICIoT2023_Resultados/AutoML_Comparativo_Unificado/20260728_175118/agrupado8/autogluon/modelo_autogluon/ds_sub_fit/sub_fit_ho/models/LightGBM_BAG_L1/utils/oof.pkl
Model configs that will be trained (in order):
	WeightedEnsemble_L2: 	{'ag_args': {'problem_types': ['binary', 'multiclass', 'regression', 'quantile', 'softclass'], 'valid_base': False, 'name_bag_suffix': '', 'model_type': <class 'autogluon.core.models.greedy_ensemble.greedy_weighted_ensemble_model.GreedyWeightedEnsembleModel'>, 'priority': 0}, 'ag_args_ensemble': {'save_bag_folds': True}}
Fitting model: WeightedEnsemble_L2 ... Training model for up to 360.00s of the 307.65s of remaining time.
	Failed to import torch or check CUDA availability!Please ensure you have the correct version of PyTorch installed by running `pip install -U torch`
	Fitting WeightedEnsemble_L2 with 'num_gpus': 0, 'num_cpus': 1
Saving /content/drive/MyDrive/CICIoT2023_Resultados/AutoML_Comparativo_Unificado/20260728_175118/agrupado8/autogluon/modelo_autogluon/ds_sub_fit/sub_fit_ho/models/WeightedEnsemble_L2/utils/model_template.pkl
Loading: /content/drive/MyDrive/CICIoT2023_Resultados/AutoML_Comparativo_Unificado/20260728_175118/agrupado8/autogluon/modelo_autogluon/ds_sub_fit/sub_fit_ho/models/WeightedEnsemble_L2/utils/model_template.pkl
	Fitting 1 model on all data | Fitting with cpus=1, gpus=0, mem=0.0/10.8 GB
Ensemble size: 1
Ensemble weights: 
[1.]
	0.48s	= Estimated out-of-fold prediction time...
Saving /content/drive/MyDrive/CICIoT2023_Resultados/AutoML_Comparativo_Unificado/20260728_175118/agrupado8/autogluon/modelo_autogluon/ds_sub_fit/sub_fit_ho/models/WeightedEnsemble_L2/utils/oof.pkl
Saving /content/drive/MyDrive/CICIoT2023_Resultados/AutoML_Comparativo_Unificado/20260728_175118/agrupado8/autogluon/modelo_autogluon/ds_sub_fit/sub_fit_ho/models/WeightedEnsemble_L2/model.pkl
	Ensemble Weights: {'LightGBM_BAG_L1': 1.0}
	0.7628	 = Validation score   (f1_macro)
	0.11s	 = Training   runtime
	0.1s	 = Validation runtime
	673.7	 = Inference  throughput (rows/s | 30035 batch size)
Saving /content/drive/MyDrive/CICIoT2023_Resultados/AutoML_Comparativo_Unificado/20260728_175118/agrupado8/autogluon/modelo_autogluon/ds_sub_fit/sub_fit_ho/models/trainer.pkl
Model configs that will be trained (in order):
	LightGBM_BAG_L2: 	{'ag_args': {'problem_types': ['binary', 'multiclass', 'regression', 'quantile', 'softclass'], 'model_type': <class 'autogluon.tabular.models.lgb.lgb_model.LGBModel'>, 'priority': 90}}
	RandomForest_BAG_L2: 	{'ag_args': {'problem_types': ['binary', 'multiclass', 'regression', 'quantile', 'softclass'], 'model_type': <class 'autogluon.tabular.models.rf.rf_model.RFModel'>, 'priority': 80}, 'ag_args_ensemble': {'use_child_oof': True}}
	ExtraTrees_BAG_L2: 	{'ag_args': {'problem_types': ['binary', 'multiclass', 'regression', 'quantile'], 'model_type': <class 'autogluon.tabular.models.xt.xt_model.XTModel'>, 'priority': 60}, 'ag_args_ensemble': {'use_child_oof': True}}
	XGBoost_BAG_L2: 	{'ag_args': {'problem_types': ['binary', 'multiclass', 'regression', 'softclass'], 'model_type': <class 'autogluon.tabular.models.xgboost.xgboost_model.XGBoostModel'>, 'priority': 40}}
Fitting 4 L2 models, fit_strategy="sequential" ...
Loading: /content/drive/MyDrive/CICIoT2023_Resultados/AutoML_Comparativo_Unificado/20260728_175118/agrupado8/autogluon/modelo_autogluon/ds_sub_fit/sub_fit_ho/models/LightGBM_BAG_L1/utils/oof.pkl
Fitting model: LightGBM_BAG_L2 ... Training model for up to 307.31s of the 307.25s of remaining time.
	Failed to import torch or check CUDA availability!Please ensure you have the correct version of PyTorch installed by running `pip install -U torch`
	Fitting LightGBM_BAG_L2 with 'num_gpus': 0, 'num_cpus': 1
Saving /content/drive/MyDrive/CICIoT2023_Resultados/AutoML_Comparativo_Unificado/20260728_175118/agrupado8/autogluon/modelo_autogluon/ds_sub_fit/sub_fit_ho/models/LightGBM_BAG_L2/utils/model_template.pkl
Loading: /content/drive/MyDrive/CICIoT2023_Resultados/AutoML_Comparativo_Unificado/20260728_175118/agrupado8/autogluon/modelo_autogluon/ds_sub_fit/sub_fit_ho/models/LightGBM_BAG_L2/utils/model_template.pkl
	Fitting 8 child models (S1F1 - S1F8) | Fitting with SequentialLocalFoldFittingStrategy (sequential: cpus=1, gpus=0)
	Fitting 10000 rounds... Hyperparameters: {'learning_rate': 0.05, 'seed': 0}
	Ran out of time, early stopping on iteration 90. Best iteration is:
	[59]	valid_set's multi_logloss: 0.502848	valid_set's f1_macro: 0.768136
	Fitting 10000 rounds... Hyperparameters: {'learning_rate': 0.05, 'seed': 0}
	Ran out of time, early stopping on iteration 93. Best iteration is:
	[78]	valid_set's multi_logloss: 0.493896	valid_set's f1_macro: 0.766755
	Fitting 10000 rounds... Hyperparameters: {'learning_rate': 0.05, 'seed': 0}
	Ran out of time, early stopping on iteration 97. Best iteration is:
	[68]	valid_set's multi_logloss: 0.500224	valid_set's f1_macro: 0.764593
	Fitting 10000 rounds... Hyperparameters: {'learning_rate': 0.05, 'seed': 0}
	Ran out of time, early stopping on iteration 99. Best iteration is:
	[92]	valid_set's multi_logloss: 0.490565	valid_set's f1_macro: 0.767042
	Fitting 10000 rounds... Hyperparameters: {'learning_rate': 0.05, 'seed': 0}
	Ran out of time, early stopping on iteration 105. Best iteration is:
	[100]	valid_set's multi_logloss: 0.49556	valid_set's f1_macro: 0.760599
	Fitting 10000 rounds... Hyperparameters: {'learning_rate': 0.05, 'seed': 0}
	Ran out of time, early stopping on iteration 115. Best iteration is:
	[90]	valid_set's multi_logloss: 0.48972	valid_set's f1_macro: 0.764865
	Fitting 10000 rounds... Hyperparameters: {'learning_rate': 0.05, 'seed': 0}
	Ran out of time, early stopping on iteration 121. Best iteration is:
	[83]	valid_set's multi_logloss: 0.49887	valid_set's f1_macro: 0.763271
	Fitting 10000 rounds... Hyperparameters: {'learning_rate': 0.05, 'seed': 0}
	Ran out of time, early stopping on iteration 148. Best iteration is:
	[144]	valid_set's multi_logloss: 0.491021	valid_set's f1_macro: 0.760664
Saving /content/drive/MyDrive/CICIoT2023_Resultados/AutoML_Comparativo_Unificado/20260728_175118/agrupado8/autogluon/modelo_autogluon/ds_sub_fit/sub_fit_ho/models/LightGBM_BAG_L2/utils/oof.pkl
Saving /content/drive/MyDrive/CICIoT2023_Resultados/AutoML_Comparativo_Unificado/20260728_175118/agrupado8/autogluon/modelo_autogluon/ds_sub_fit/sub_fit_ho/models/LightGBM_BAG_L2/model.pkl
	0.7645	 = Validation score   (f1_macro)
	288.08s	 = Training   runtime
	8.66s	 = Validation runtime
	564.3	 = Inference  throughput (rows/s | 30035 batch size)
Saving /content/drive/MyDrive/CICIoT2023_Resultados/AutoML_Comparativo_Unificado/20260728_175118/agrupado8/autogluon/modelo_autogluon/ds_sub_fit/sub_fit_ho/models/trainer.pkl
Skipping RandomForest_BAG_L2 due to lack of time remaining.
Saving /content/drive/MyDrive/CICIoT2023_Resultados/AutoML_Comparativo_Unificado/20260728_175118/agrupado8/autogluon/modelo_autogluon/ds_sub_fit/sub_fit_ho/models/trainer.pkl
Skipping ExtraTrees_BAG_L2 due to lack of time remaining.
Saving /content/drive/MyDrive/CICIoT2023_Resultados/AutoML_Comparativo_Unificado/20260728_175118/agrupado8/autogluon/modelo_autogluon/ds_sub_fit/sub_fit_ho/models/trainer.pkl
Skipping XGBoost_BAG_L2 due to lack of time remaining.
Saving /content/drive/MyDrive/CICIoT2023_Resultados/AutoML_Comparativo_Unificado/20260728_175118/agrupado8/autogluon/modelo_autogluon/ds_sub_fit/sub_fit_ho/models/trainer.pkl
Loading: /content/drive/MyDrive/CICIoT2023_Resultados/AutoML_Comparativo_Unificado/20260728_175118/agrupado8/autogluon/modelo_autogluon/ds_sub_fit/sub_fit_ho/models/LightGBM_BAG_L1/utils/oof.pkl
Loading: /content/drive/MyDrive/CICIoT2023_Resultados/AutoML_Comparativo_Unificado/20260728_175118/agrupado8/autogluon/modelo_autogluon/ds_sub_fit/sub_fit_ho/models/LightGBM_BAG_L2/utils/oof.pkl
Model configs that will be trained (in order):
	WeightedEnsemble_L3: 	{'ag_args': {'problem_types': ['binary', 'multiclass', 'regression', 'quantile', 'softclass'], 'valid_base': False, 'name_bag_suffix': '', 'model_type': <class 'autogluon.core.models.greedy_ensemble.greedy_weighted_ensemble_model.GreedyWeightedEnsembleModel'>, 'priority': 0}, 'ag_args_ensemble': {'save_bag_folds': True}}
Fitting model: WeightedEnsemble_L3 ... Training model for up to 360.00s of the 8.46s of remaining time.
	Failed to import torch or check CUDA availability!Please ensure you have the correct version of PyTorch installed by running `pip install -U torch`
	Fitting WeightedEnsemble_L3 with 'num_gpus': 0, 'num_cpus': 1
Saving /content/drive/MyDrive/CICIoT2023_Resultados/AutoML_Comparativo_Unificado/20260728_175118/agrupado8/autogluon/modelo_autogluon/ds_sub_fit/sub_fit_ho/models/WeightedEnsemble_L3/utils/model_template.pkl
Loading: /content/drive/MyDrive/CICIoT2023_Resultados/AutoML_Comparativo_Unificado/20260728_175118/agrupado8/autogluon/modelo_autogluon/ds_sub_fit/sub_fit_ho/models/WeightedEnsemble_L3/utils/model_template.pkl
	Fitting 1 model on all data | Fitting with cpus=1, gpus=0, mem=0.1/10.8 GB
Ensemble size: 1
Ensemble weights: 
[0. 1.]
	0.45s	= Estimated out-of-fold prediction time...
Saving /content/drive/MyDrive/CICIoT2023_Resultados/AutoML_Comparativo_Unificado/20260728_175118/agrupado8/autogluon/modelo_autogluon/ds_sub_fit/sub_fit_ho/models/WeightedEnsemble_L3/utils/oof.pkl
Saving /content/drive/MyDrive/CICIoT2023_Resultados/AutoML_Comparativo_Unificado/20260728_175118/agrupado8/autogluon/modelo_autogluon/ds_sub_fit/sub_fit_ho/models/WeightedEnsemble_L3/model.pkl
	Ensemble Weights: {'LightGBM_BAG_L2': 1.0}
	0.7645	 = Validation score   (f1_macro)
	4.91s	 = Training   runtime
	0.13s	 = Validation runtime
	564.1	 = Inference  throughput (rows/s | 30035 batch size)
Saving /content/drive/MyDrive/CICIoT2023_Resultados/AutoML_Comparativo_Unificado/20260728_175118/agrupado8/autogluon/modelo_autogluon/ds_sub_fit/sub_fit_ho/models/trainer.pkl
Saving /content/drive/MyDrive/CICIoT2023_Resultados/AutoML_Comparativo_Unificado/20260728_175118/agrupado8/autogluon/modelo_autogluon/ds_sub_fit/sub_fit_ho/models/trainer.pkl
Saving /content/drive/MyDrive/CICIoT2023_Resultados/AutoML_Comparativo_Unificado/20260728_175118/agrupado8/autogluon/modelo_autogluon/ds_sub_fit/sub_fit_ho/models/trainer.pkl
AutoGluon training complete, total runtime = 896.98s ... Best model: WeightedEnsemble_L3 | Estimated inference throughput: 564.1 rows/s (30035 batch size)
Loading: /content/drive/MyDrive/CICIoT2023_Resultados/AutoML_Comparativo_Unificado/20260728_175118/agrupado8/autogluon/modelo_autogluon/ds_sub_fit/sub_fit_ho/models/trainer.pkl
Saving /content/drive/MyDrive/CICIoT2023_Resultados/AutoML_Comparativo_Unificado/20260728_175118/agrupado8/autogluon/modelo_autogluon/ds_sub_fit/sub_fit_ho/models/trainer.pkl
Saving /content/drive/MyDrive/CICIoT2023_Resultados/AutoML_Comparativo_Unificado/20260728_175118/agrupado8/autogluon/modelo_autogluon/ds_sub_fit/sub_fit_ho/learner.pkl
Saving /content/drive/MyDrive/CICIoT2023_Resultados/AutoML_Comparativo_Unificado/20260728_175118/agrupado8/autogluon/modelo_autogluon/ds_sub_fit/sub_fit_ho/predictor.pkl
Saving /content/drive/MyDrive/CICIoT2023_Resultados/AutoML_Comparativo_Unificado/20260728_175118/agrupado8/autogluon/modelo_autogluon/ds_sub_fit/sub_fit_ho/version.txt with contents "1.5.0"
Saving /content/drive/MyDrive/CICIoT2023_Resultados/AutoML_Comparativo_Unificado/20260728_175118/agrupado8/autogluon/modelo_autogluon/ds_sub_fit/sub_fit_ho/metadata.json
TabularPredictor saved. To load, use: predictor = TabularPredictor.load("/content/drive/MyDrive/CICIoT2023_Resultados/AutoML_Comparativo_Unificado/20260728_175118/agrupado8/autogluon/modelo_autogluon/ds_sub_fit/sub_fit_ho")
Loading: /content/drive/MyDrive/CICIoT2023_Resultados/AutoML_Comparativo_Unificado/20260728_175118/agrupado8/autogluon/modelo_autogluon/ds_sub_fit/sub_fit_ho/models/LightGBM_BAG_L1/model.pkl
Loading: /content/drive/MyDrive/CICIoT2023_Resultados/AutoML_Comparativo_Unificado/20260728_175118/agrupado8/autogluon/modelo_autogluon/ds_sub_fit/sub_fit_ho/models/WeightedEnsemble_L2/model.pkl
Loading: /content/drive/MyDrive/CICIoT2023_Resultados/AutoML_Comparativo_Unificado/20260728_175118/agrupado8/autogluon/modelo_autogluon/ds_sub_fit/sub_fit_ho/models/LightGBM_BAG_L2/model.pkl
Loading: /content/drive/MyDrive/CICIoT2023_Resultados/AutoML_Comparativo_Unificado/20260728_175118/agrupado8/autogluon/modelo_autogluon/ds_sub_fit/sub_fit_ho/models/WeightedEnsemble_L3/model.pkl
Deleting DyStack predictor artifacts (clean_up_fits=True) ...
Leaderboard on holdout data (DyStack):
                 model  score_holdout  score_val eval_metric  pred_time_test  pred_time_val    fit_time  pred_time_test_marginal  pred_time_val_marginal  fit_time_marginal  stack_level  can_infer  fit_order
0      LightGBM_BAG_L2       0.768433   0.764508    f1_macro       52.948324      53.227384  827.842892                 9.898526                8.660074         288.075550            2       True          3
1  WeightedEnsemble_L3       0.768433   0.764508    f1_macro       52.956527      53.355124  832.748353                 0.008203                0.127740           4.905462            3       True          4
2      LightGBM_BAG_L1       0.764343   0.762752    f1_macro       43.049798      44.567310  539.767341                43.049798               44.567310         539.767341            1       True          1
3  WeightedEnsemble_L2       0.764343   0.762752    f1_macro       43.058998      44.667336  539.881137                 0.009199                0.100025           0.113795            2       True          2
	1	 = Optimal   num_stack_levels (Stacked Overfitting Occurred: False)
	952s	 = DyStack   runtime |	2648s	 = Remaining runtime
Starting main fit with num_stack_levels=1.
	For future fit calls on this dataset, you can skip DyStack to save time: `predictor.fit(..., dynamic_stacking=False, num_stack_levels=1)`
Saving /content/drive/MyDrive/CICIoT2023_Resultados/AutoML_Comparativo_Unificado/20260728_175118/agrupado8/autogluon/modelo_autogluon/learner.pkl
Saving /content/drive/MyDrive/CICIoT2023_Resultados/AutoML_Comparativo_Unificado/20260728_175118/agrupado8/autogluon/modelo_autogluon/predictor.pkl
Beginning AutoGluon training ... Time limit = 2648s
AutoGluon will save models to "/content/drive/MyDrive/CICIoT2023_Resultados/AutoML_Comparativo_Unificado/20260728_175118/agrupado8/autogluon/modelo_autogluon"
Train Data Rows:    270316
Train Data Columns: 39
Label Column:       label_grouped
Problem Type:       multiclass
Preprocessing data ...
Train Data Class Count: 8
Using Feature Generators to preprocess the data ...
Fitting AutoMLPipelineFeatureGenerator...
	Available Memory:                    11114.56 MB
	Train Data (Original)  Memory Usage: 40.22 MB (0.4% of available memory)
	Inferring data type of each feature based on column values. Set feature_metadata_in to manually specify special dtypes of the features.
	Stage 1 Generators:
		Fitting AsTypeFeatureGenerator...
			Original Features (exact raw dtype, raw dtype):
				('float32', 'float') : 39 | ['Header_Length', 'Protocol Type', 'Time_To_Live', 'Rate', 'fin_flag_number', ...]
			Types of features in original data (raw dtype, special dtypes):
				('float', []) : 39 | ['Header_Length', 'Protocol Type', 'Time_To_Live', 'Rate', 'fin_flag_number', ...]
			Types of features in processed data (raw dtype, special dtypes):
				('float', []) : 39 | ['Header_Length', 'Protocol Type', 'Time_To_Live', 'Rate', 'fin_flag_number', ...]
			0.1s = Fit runtime
			39 features in original data used to generate 39 features in processed data.
	Stage 2 Generators:
		Fitting FillNaFeatureGenerator...
			Types of features in original data (raw dtype, special dtypes):
				('float', []) : 39 | ['Header_Length', 'Protocol Type', 'Time_To_Live', 'Rate', 'fin_flag_number', ...]
			Types of features in processed data (raw dtype, special dtypes):
				('float', []) : 39 | ['Header_Length', 'Protocol Type', 'Time_To_Live', 'Rate', 'fin_flag_number', ...]
			0.1s = Fit runtime
			39 features in original data used to generate 39 features in processed data.
	Stage 3 Generators:
		Fitting IdentityFeatureGenerator...
			Types of features in original data (raw dtype, special dtypes):
				('float', []) : 39 | ['Header_Length', 'Protocol Type', 'Time_To_Live', 'Rate', 'fin_flag_number', ...]
			Types of features in processed data (raw dtype, special dtypes):
				('float', []) : 39 | ['Header_Length', 'Protocol Type', 'Time_To_Live', 'Rate', 'fin_flag_number', ...]
			0.1s = Fit runtime
			39 features in original data used to generate 39 features in processed data.
		Skipping CategoryFeatureGenerator: No input feature with required dtypes.
		Skipping DatetimeFeatureGenerator: No input feature with required dtypes.
		Skipping TextSpecialFeatureGenerator: No input feature with required dtypes.
		Skipping TextNgramFeatureGenerator: No input feature with required dtypes.
		Skipping IdentityFeatureGenerator: No input feature with required dtypes.
		Skipping IsNanFeatureGenerator: No input feature with required dtypes.
	Stage 4 Generators:
		Fitting DropUniqueFeatureGenerator...
			Types of features in original data (raw dtype, special dtypes):
				('float', []) : 39 | ['Header_Length', 'Protocol Type', 'Time_To_Live', 'Rate', 'fin_flag_number', ...]
			Types of features in processed data (raw dtype, special dtypes):
				('float', []) : 39 | ['Header_Length', 'Protocol Type', 'Time_To_Live', 'Rate', 'fin_flag_number', ...]
			0.2s = Fit runtime
			39 features in original data used to generate 39 features in processed data.
	Stage 5 Generators:
		Fitting DropDuplicatesFeatureGenerator...
			3 duplicate columns removed: ['SMTP', 'LLC', 'Tot size']
			Types of features in original data (raw dtype, special dtypes):
				('float', []) : 36 | ['Header_Length', 'Protocol Type', 'Time_To_Live', 'Rate', 'fin_flag_number', ...]
			Types of features in processed data (raw dtype, special dtypes):
				('float', []) : 36 | ['Header_Length', 'Protocol Type', 'Time_To_Live', 'Rate', 'fin_flag_number', ...]
			0.1s = Fit runtime
			36 features in original data used to generate 36 features in processed data.
	Unused Original Features (Count: 3): ['SMTP', 'LLC', 'Tot size']
		These features were not used to generate any of the output features. Add a feature generator compatible with these features to utilize them.
		Features can also be unused if they carry very little information, such as being categorical but having almost entirely unique values or being duplicates of other features.
		These features do not need to be present at inference time.
		('float', []) : 3 | ['SMTP', 'LLC', 'Tot size']
	Types of features in original data (exact raw dtype, raw dtype):
		('float32', 'float') : 36 | ['Header_Length', 'Protocol Type', 'Time_To_Live', 'Rate', 'fin_flag_number', ...]
	Types of features in original data (raw dtype, special dtypes):
		('float', []) : 36 | ['Header_Length', 'Protocol Type', 'Time_To_Live', 'Rate', 'fin_flag_number', ...]
	Types of features in processed data (exact raw dtype, raw dtype):
		('float32', 'float') : 36 | ['Header_Length', 'Protocol Type', 'Time_To_Live', 'Rate', 'fin_flag_number', ...]
	Types of features in processed data (raw dtype, special dtypes):
		('float', []) : 36 | ['Header_Length', 'Protocol Type', 'Time_To_Live', 'Rate', 'fin_flag_number', ...]
	0.9s = Fit runtime
	36 features in original data used to generate 36 features in processed data.
	Train Data (Processed) Memory Usage: 37.12 MB (0.3% of available memory)
Data preprocessing and feature engineering runtime = 1.24s ...
AutoGluon will gauge predictive performance using evaluation metric: 'f1_macro'
	To change this, specify the eval_metric parameter of Predictor()
Saving /content/drive/MyDrive/CICIoT2023_Resultados/AutoML_Comparativo_Unificado/20260728_175118/agrupado8/autogluon/modelo_autogluon/learner.pkl
User-specified model hyperparameters to be fit:
{
	'GBM': [{}],
	'XGB': [{}],
	'RF': [{}],
	'XT': [{}],
}
Saving /content/drive/MyDrive/CICIoT2023_Resultados/AutoML_Comparativo_Unificado/20260728_175118/agrupado8/autogluon/modelo_autogluon/utils/data/X.pkl
Saving /content/drive/MyDrive/CICIoT2023_Resultados/AutoML_Comparativo_Unificado/20260728_175118/agrupado8/autogluon/modelo_autogluon/utils/data/y.pkl
AutoGluon will fit 2 stack levels (L1 to L2) ...
Model configs that will be trained (in order):
	LightGBM_BAG_L1: 	{'ag_args': {'problem_types': ['binary', 'multiclass', 'regression', 'quantile', 'softclass'], 'model_type': <class 'autogluon.tabular.models.lgb.lgb_model.LGBModel'>, 'priority': 90}}
	RandomForest_BAG_L1: 	{'ag_args': {'problem_types': ['binary', 'multiclass', 'regression', 'quantile', 'softclass'], 'model_type': <class 'autogluon.tabular.models.rf.rf_model.RFModel'>, 'priority': 80}, 'ag_args_ensemble': {'use_child_oof': True}}
	ExtraTrees_BAG_L1: 	{'ag_args': {'problem_types': ['binary', 'multiclass', 'regression', 'quantile'], 'model_type': <class 'autogluon.tabular.models.xt.xt_model.XTModel'>, 'priority': 60}, 'ag_args_ensemble': {'use_child_oof': True}}
	XGBoost_BAG_L1: 	{'ag_args': {'problem_types': ['binary', 'multiclass', 'regression', 'softclass'], 'model_type': <class 'autogluon.tabular.models.xgboost.xgboost_model.XGBoostModel'>, 'priority': 40}}
Fitting 4 L1 models, fit_strategy="sequential" ...
Fitting model: LightGBM_BAG_L1 ... Training model for up to 1764.26s of the 2647.06s of remaining time.
	Failed to import torch or check CUDA availability!Please ensure you have the correct version of PyTorch installed by running `pip install -U torch`
	Fitting LightGBM_BAG_L1 with 'num_gpus': 0, 'num_cpus': 1
Saving /content/drive/MyDrive/CICIoT2023_Resultados/AutoML_Comparativo_Unificado/20260728_175118/agrupado8/autogluon/modelo_autogluon/models/LightGBM_BAG_L1/utils/model_template.pkl
Loading: /content/drive/MyDrive/CICIoT2023_Resultados/AutoML_Comparativo_Unificado/20260728_175118/agrupado8/autogluon/modelo_autogluon/models/LightGBM_BAG_L1/utils/model_template.pkl
	Fitting 8 child models (S1F1 - S1F8) | Fitting with SequentialLocalFoldFittingStrategy (sequential: cpus=1, gpus=0)
	Fitting 10000 rounds... Hyperparameters: {'learning_rate': 0.05, 'seed': 0}
	Ran out of time, early stopping on iteration 669. Best iteration is:
	[665]	valid_set's multi_logloss: 0.48251	valid_set's f1_macro: 0.772256
	Fitting 10000 rounds... Hyperparameters: {'learning_rate': 0.05, 'seed': 0}
	Ran out of time, early stopping on iteration 697. Best iteration is:
	[683]	valid_set's multi_logloss: 0.478436	valid_set's f1_macro: 0.769264
	Fitting 10000 rounds... Hyperparameters: {'learning_rate': 0.05, 'seed': 0}
	Ran out of time, early stopping on iteration 705. Best iteration is:
	[695]	valid_set's multi_logloss: 0.48533	valid_set's f1_macro: 0.766106
	Fitting 10000 rounds... Hyperparameters: {'learning_rate': 0.05, 'seed': 0}
	Ran out of time, early stopping on iteration 726. Best iteration is:
	[640]	valid_set's multi_logloss: 0.479283	valid_set's f1_macro: 0.772561
	Fitting 10000 rounds... Hyperparameters: {'learning_rate': 0.05, 'seed': 0}
	Ran out of time, early stopping on iteration 757. Best iteration is:
	[636]	valid_set's multi_logloss: 0.482948	valid_set's f1_macro: 0.769134
	Fitting 10000 rounds... Hyperparameters: {'learning_rate': 0.05, 'seed': 0}
	Ran out of time, early stopping on iteration 773. Best iteration is:
	[601]	valid_set's multi_logloss: 0.481113	valid_set's f1_macro: 0.771855
	Fitting 10000 rounds... Hyperparameters: {'learning_rate': 0.05, 'seed': 0}
	Ran out of time, early stopping on iteration 834. Best iteration is:
	[694]	valid_set's multi_logloss: 0.484334	valid_set's f1_macro: 0.772056
	Fitting 10000 rounds... Hyperparameters: {'learning_rate': 0.05, 'seed': 0}
	Ran out of time, early stopping on iteration 927. Best iteration is:
	[708]	valid_set's multi_logloss: 0.484837	valid_set's f1_macro: 0.766947
Saving /content/drive/MyDrive/CICIoT2023_Resultados/AutoML_Comparativo_Unificado/20260728_175118/agrupado8/autogluon/modelo_autogluon/models/LightGBM_BAG_L1/utils/oof.pkl
Saving /content/drive/MyDrive/CICIoT2023_Resultados/AutoML_Comparativo_Unificado/20260728_175118/agrupado8/autogluon/modelo_autogluon/models/LightGBM_BAG_L1/model.pkl
	0.77	 = Validation score   (f1_macro)
	1565.67s	 = Training   runtime
	153.94s	 = Validation runtime
	219.5	 = Inference  throughput (rows/s | 33790 batch size)
Saving /content/drive/MyDrive/CICIoT2023_Resultados/AutoML_Comparativo_Unificado/20260728_175118/agrupado8/autogluon/modelo_autogluon/models/trainer.pkl
Fitting model: RandomForest_BAG_L1 ... Training model for up to 35.95s of the 918.74s of remaining time.
	Failed to import torch or check CUDA availability!Please ensure you have the correct version of PyTorch installed by running `pip install -U torch`
	Fitting RandomForest_BAG_L1 with 'num_gpus': 0, 'num_cpus': 1
Saving /content/drive/MyDrive/CICIoT2023_Resultados/AutoML_Comparativo_Unificado/20260728_175118/agrupado8/autogluon/modelo_autogluon/models/RandomForest_BAG_L1/utils/model_template.pkl
Loading: /content/drive/MyDrive/CICIoT2023_Resultados/AutoML_Comparativo_Unificado/20260728_175118/agrupado8/autogluon/modelo_autogluon/models/RandomForest_BAG_L1/utils/model_template.pkl
	Warning: Not enough memory to safely train model. Estimated to require 10.070 GB out of 10.749 GB available memory (93.681%)... (50.000% of avail memory is the max safe size)
	To force training the model, specify the model hyperparameter "ag.max_memory_usage_ratio" to a larger value (currently 1.0, set to >=1.92 to avoid the error)
		To set the same value for all models, do the following when calling predictor.fit: `predictor.fit(..., ag_args_fit={"ag.max_memory_usage_ratio": VALUE})`
		Setting "ag.max_memory_usage_ratio" to values above 1 may result in out-of-memory errors. You may consider using a machine with more memory as a safer alternative.
	Not enough memory to train RandomForest_BAG_L1... Skipping this model.
Loading: /content/drive/MyDrive/CICIoT2023_Resultados/AutoML_Comparativo_Unificado/20260728_175118/agrupado8/autogluon/modelo_autogluon/models/RandomForest_BAG_L1/utils/model_template.pkl
Saving /content/drive/MyDrive/CICIoT2023_Resultados/AutoML_Comparativo_Unificado/20260728_175118/agrupado8/autogluon/modelo_autogluon/models/trainer.pkl
Fitting model: ExtraTrees_BAG_L1 ... Training model for up to 35.45s of the 918.24s of remaining time.
	Failed to import torch or check CUDA availability!Please ensure you have the correct version of PyTorch installed by running `pip install -U torch`
	Fitting ExtraTrees_BAG_L1 with 'num_gpus': 0, 'num_cpus': 1
Saving /content/drive/MyDrive/CICIoT2023_Resultados/AutoML_Comparativo_Unificado/20260728_175118/agrupado8/autogluon/modelo_autogluon/models/ExtraTrees_BAG_L1/utils/model_template.pkl
Loading: /content/drive/MyDrive/CICIoT2023_Resultados/AutoML_Comparativo_Unificado/20260728_175118/agrupado8/autogluon/modelo_autogluon/models/ExtraTrees_BAG_L1/utils/model_template.pkl
	Warning: Not enough memory to safely train model. Estimated to require 10.070 GB out of 10.723 GB available memory (93.914%)... (50.000% of avail memory is the max safe size)
	To force training the model, specify the model hyperparameter "ag.max_memory_usage_ratio" to a larger value (currently 1.0, set to >=1.93 to avoid the error)
		To set the same value for all models, do the following when calling predictor.fit: `predictor.fit(..., ag_args_fit={"ag.max_memory_usage_ratio": VALUE})`
		Setting "ag.max_memory_usage_ratio" to values above 1 may result in out-of-memory errors. You may consider using a machine with more memory as a safer alternative.
	Not enough memory to train ExtraTrees_BAG_L1... Skipping this model.
Loading: /content/drive/MyDrive/CICIoT2023_Resultados/AutoML_Comparativo_Unificado/20260728_175118/agrupado8/autogluon/modelo_autogluon/models/ExtraTrees_BAG_L1/utils/model_template.pkl
Saving /content/drive/MyDrive/CICIoT2023_Resultados/AutoML_Comparativo_Unificado/20260728_175118/agrupado8/autogluon/modelo_autogluon/models/trainer.pkl
Fitting model: XGBoost_BAG_L1 ... Training model for up to 34.81s of the 917.60s of remaining time.
	Failed to import torch or check CUDA availability!Please ensure you have the correct version of PyTorch installed by running `pip install -U torch`
	Fitting XGBoost_BAG_L1 with 'num_gpus': 0, 'num_cpus': 1
Saving /content/drive/MyDrive/CICIoT2023_Resultados/AutoML_Comparativo_Unificado/20260728_175118/agrupado8/autogluon/modelo_autogluon/models/XGBoost_BAG_L1/utils/model_template.pkl
Loading: /content/drive/MyDrive/CICIoT2023_Resultados/AutoML_Comparativo_Unificado/20260728_175118/agrupado8/autogluon/modelo_autogluon/models/XGBoost_BAG_L1/utils/model_template.pkl
	Fitting 8 child models (S1F1 - S1F8) | Fitting with SequentialLocalFoldFittingStrategy (sequential: cpus=1, gpus=0)
Ran out of time, early stopping on iteration 2. Best iteration is: 	[2]	-0.70881
	Time limit exceeded... Skipping XGBoost_BAG_L1.
Loading: /content/drive/MyDrive/CICIoT2023_Resultados/AutoML_Comparativo_Unificado/20260728_175118/agrupado8/autogluon/modelo_autogluon/models/XGBoost_BAG_L1/utils/model_template.pkl
Saving /content/drive/MyDrive/CICIoT2023_Resultados/AutoML_Comparativo_Unificado/20260728_175118/agrupado8/autogluon/modelo_autogluon/models/trainer.pkl
Loading: /content/drive/MyDrive/CICIoT2023_Resultados/AutoML_Comparativo_Unificado/20260728_175118/agrupado8/autogluon/modelo_autogluon/models/LightGBM_BAG_L1/utils/oof.pkl
Model configs that will be trained (in order):
	WeightedEnsemble_L2: 	{'ag_args': {'problem_types': ['binary', 'multiclass', 'regression', 'quantile', 'softclass'], 'valid_base': False, 'name_bag_suffix': '', 'model_type': <class 'autogluon.core.models.greedy_ensemble.greedy_weighted_ensemble_model.GreedyWeightedEnsembleModel'>, 'priority': 0}, 'ag_args_ensemble': {'save_bag_folds': True}}
Fitting model: WeightedEnsemble_L2 ... Training model for up to 360.00s of the 912.63s of remaining time.
	Failed to import torch or check CUDA availability!Please ensure you have the correct version of PyTorch installed by running `pip install -U torch`
	Fitting WeightedEnsemble_L2 with 'num_gpus': 0, 'num_cpus': 1
Saving /content/drive/MyDrive/CICIoT2023_Resultados/AutoML_Comparativo_Unificado/20260728_175118/agrupado8/autogluon/modelo_autogluon/models/WeightedEnsemble_L2/utils/model_template.pkl
Loading: /content/drive/MyDrive/CICIoT2023_Resultados/AutoML_Comparativo_Unificado/20260728_175118/agrupado8/autogluon/modelo_autogluon/models/WeightedEnsemble_L2/utils/model_template.pkl
	Fitting 1 model on all data | Fitting with cpus=1, gpus=0, mem=0.0/10.8 GB
Ensemble size: 1
Ensemble weights: 
[1.]
	0.68s	= Estimated out-of-fold prediction time...
Saving /content/drive/MyDrive/CICIoT2023_Resultados/AutoML_Comparativo_Unificado/20260728_175118/agrupado8/autogluon/modelo_autogluon/models/WeightedEnsemble_L2/utils/oof.pkl
Saving /content/drive/MyDrive/CICIoT2023_Resultados/AutoML_Comparativo_Unificado/20260728_175118/agrupado8/autogluon/modelo_autogluon/models/WeightedEnsemble_L2/model.pkl
	Ensemble Weights: {'LightGBM_BAG_L1': 1.0}
	0.77	 = Validation score   (f1_macro)
	0.13s	 = Training   runtime
	0.11s	 = Validation runtime
	219.5	 = Inference  throughput (rows/s | 33790 batch size)
Saving /content/drive/MyDrive/CICIoT2023_Resultados/AutoML_Comparativo_Unificado/20260728_175118/agrupado8/autogluon/modelo_autogluon/models/trainer.pkl
Model configs that will be trained (in order):
	LightGBM_BAG_L2: 	{'ag_args': {'problem_types': ['binary', 'multiclass', 'regression', 'quantile', 'softclass'], 'model_type': <class 'autogluon.tabular.models.lgb.lgb_model.LGBModel'>, 'priority': 90}}
	RandomForest_BAG_L2: 	{'ag_args': {'problem_types': ['binary', 'multiclass', 'regression', 'quantile', 'softclass'], 'model_type': <class 'autogluon.tabular.models.rf.rf_model.RFModel'>, 'priority': 80}, 'ag_args_ensemble': {'use_child_oof': True}}
	ExtraTrees_BAG_L2: 	{'ag_args': {'problem_types': ['binary', 'multiclass', 'regression', 'quantile'], 'model_type': <class 'autogluon.tabular.models.xt.xt_model.XTModel'>, 'priority': 60}, 'ag_args_ensemble': {'use_child_oof': True}}
	XGBoost_BAG_L2: 	{'ag_args': {'problem_types': ['binary', 'multiclass', 'regression', 'softclass'], 'model_type': <class 'autogluon.tabular.models.xgboost.xgboost_model.XGBoostModel'>, 'priority': 40}}
Fitting 4 L2 models, fit_strategy="sequential" ...
Loading: /content/drive/MyDrive/CICIoT2023_Resultados/AutoML_Comparativo_Unificado/20260728_175118/agrupado8/autogluon/modelo_autogluon/models/LightGBM_BAG_L1/utils/oof.pkl
Fitting model: LightGBM_BAG_L2 ... Training model for up to 912.26s of the 912.17s of remaining time.
	Failed to import torch or check CUDA availability!Please ensure you have the correct version of PyTorch installed by running `pip install -U torch`
	Fitting LightGBM_BAG_L2 with 'num_gpus': 0, 'num_cpus': 1
Saving /content/drive/MyDrive/CICIoT2023_Resultados/AutoML_Comparativo_Unificado/20260728_175118/agrupado8/autogluon/modelo_autogluon/models/LightGBM_BAG_L2/utils/model_template.pkl
Loading: /content/drive/MyDrive/CICIoT2023_Resultados/AutoML_Comparativo_Unificado/20260728_175118/agrupado8/autogluon/modelo_autogluon/models/LightGBM_BAG_L2/utils/model_template.pkl
	Fitting 8 child models (S1F1 - S1F8) | Fitting with SequentialLocalFoldFittingStrategy (sequential: cpus=1, gpus=0)
	Fitting 10000 rounds... Hyperparameters: {'learning_rate': 0.05, 'seed': 0}
	Fitting 10000 rounds... Hyperparameters: {'learning_rate': 0.05, 'seed': 0}
	Fitting 10000 rounds... Hyperparameters: {'learning_rate': 0.05, 'seed': 0}
	Fitting 10000 rounds... Hyperparameters: {'learning_rate': 0.05, 'seed': 0}
	Fitting 10000 rounds... Hyperparameters: {'learning_rate': 0.05, 'seed': 0}
	Fitting 10000 rounds... Hyperparameters: {'learning_rate': 0.05, 'seed': 0}
	Fitting 10000 rounds... Hyperparameters: {'learning_rate': 0.05, 'seed': 0}
	Fitting 10000 rounds... Hyperparameters: {'learning_rate': 0.05, 'seed': 0}
Saving /content/drive/MyDrive/CICIoT2023_Resultados/AutoML_Comparativo_Unificado/20260728_175118/agrupado8/autogluon/modelo_autogluon/models/LightGBM_BAG_L2/utils/oof.pkl
Saving /content/drive/MyDrive/CICIoT2023_Resultados/AutoML_Comparativo_Unificado/20260728_175118/agrupado8/autogluon/modelo_autogluon/models/LightGBM_BAG_L2/model.pkl
	0.7704	 = Validation score   (f1_macro)
	274.42s	 = Training   runtime
	6.36s	 = Validation runtime
	210.8	 = Inference  throughput (rows/s | 33790 batch size)
Saving /content/drive/MyDrive/CICIoT2023_Resultados/AutoML_Comparativo_Unificado/20260728_175118/agrupado8/autogluon/modelo_autogluon/models/trainer.pkl
Fitting model: RandomForest_BAG_L2 ... Training model for up to 629.67s of the 629.59s of remaining time.
	Failed to import torch or check CUDA availability!Please ensure you have the correct version of PyTorch installed by running `pip install -U torch`
	Fitting RandomForest_BAG_L2 with 'num_gpus': 0, 'num_cpus': 1
Saving /content/drive/MyDrive/CICIoT2023_Resultados/AutoML_Comparativo_Unificado/20260728_175118/agrupado8/autogluon/modelo_autogluon/models/RandomForest_BAG_L2/utils/model_template.pkl
Loading: /content/drive/MyDrive/CICIoT2023_Resultados/AutoML_Comparativo_Unificado/20260728_175118/agrupado8/autogluon/modelo_autogluon/models/RandomForest_BAG_L2/utils/model_template.pkl
	Warning: Not enough memory to safely train model. Estimated to require 10.070 GB out of 10.720 GB available memory (93.937%)... (50.000% of avail memory is the max safe size)
	To force training the model, specify the model hyperparameter "ag.max_memory_usage_ratio" to a larger value (currently 1.0, set to >=1.93 to avoid the error)
		To set the same value for all models, do the following when calling predictor.fit: `predictor.fit(..., ag_args_fit={"ag.max_memory_usage_ratio": VALUE})`
		Setting "ag.max_memory_usage_ratio" to values above 1 may result in out-of-memory errors. You may consider using a machine with more memory as a safer alternative.
	Not enough memory to train RandomForest_BAG_L2... Skipping this model.
Loading: /content/drive/MyDrive/CICIoT2023_Resultados/AutoML_Comparativo_Unificado/20260728_175118/agrupado8/autogluon/modelo_autogluon/models/RandomForest_BAG_L2/utils/model_template.pkl
Saving /content/drive/MyDrive/CICIoT2023_Resultados/AutoML_Comparativo_Unificado/20260728_175118/agrupado8/autogluon/modelo_autogluon/models/trainer.pkl
Fitting model: ExtraTrees_BAG_L2 ... Training model for up to 629.07s of the 628.99s of remaining time.
	Failed to import torch or check CUDA availability!Please ensure you have the correct version of PyTorch installed by running `pip install -U torch`
	Fitting ExtraTrees_BAG_L2 with 'num_gpus': 0, 'num_cpus': 1
Saving /content/drive/MyDrive/CICIoT2023_Resultados/AutoML_Comparativo_Unificado/20260728_175118/agrupado8/autogluon/modelo_autogluon/models/ExtraTrees_BAG_L2/utils/model_template.pkl
Loading: /content/drive/MyDrive/CICIoT2023_Resultados/AutoML_Comparativo_Unificado/20260728_175118/agrupado8/autogluon/modelo_autogluon/models/ExtraTrees_BAG_L2/utils/model_template.pkl
	Warning: Not enough memory to safely train model. Estimated to require 10.070 GB out of 10.710 GB available memory (94.024%)... (50.000% of avail memory is the max safe size)
	To force training the model, specify the model hyperparameter "ag.max_memory_usage_ratio" to a larger value (currently 1.0, set to >=1.93 to avoid the error)
		To set the same value for all models, do the following when calling predictor.fit: `predictor.fit(..., ag_args_fit={"ag.max_memory_usage_ratio": VALUE})`
		Setting "ag.max_memory_usage_ratio" to values above 1 may result in out-of-memory errors. You may consider using a machine with more memory as a safer alternative.
	Not enough memory to train ExtraTrees_BAG_L2... Skipping this model.
Loading: /content/drive/MyDrive/CICIoT2023_Resultados/AutoML_Comparativo_Unificado/20260728_175118/agrupado8/autogluon/modelo_autogluon/models/ExtraTrees_BAG_L2/utils/model_template.pkl
Saving /content/drive/MyDrive/CICIoT2023_Resultados/AutoML_Comparativo_Unificado/20260728_175118/agrupado8/autogluon/modelo_autogluon/models/trainer.pkl
Fitting model: XGBoost_BAG_L2 ... Training model for up to 628.48s of the 628.40s of remaining time.
	Failed to import torch or check CUDA availability!Please ensure you have the correct version of PyTorch installed by running `pip install -U torch`
	Fitting XGBoost_BAG_L2 with 'num_gpus': 0, 'num_cpus': 1
Saving /content/drive/MyDrive/CICIoT2023_Resultados/AutoML_Comparativo_Unificado/20260728_175118/agrupado8/autogluon/modelo_autogluon/models/XGBoost_BAG_L2/utils/model_template.pkl
Loading: /content/drive/MyDrive/CICIoT2023_Resultados/AutoML_Comparativo_Unificado/20260728_175118/agrupado8/autogluon/modelo_autogluon/models/XGBoost_BAG_L2/utils/model_template.pkl
	Fitting 8 child models (S1F1 - S1F8) | Fitting with SequentialLocalFoldFittingStrategy (sequential: cpus=1, gpus=0)
Saving /content/drive/MyDrive/CICIoT2023_Resultados/AutoML_Comparativo_Unificado/20260728_175118/agrupado8/autogluon/modelo_autogluon/models/XGBoost_BAG_L2/utils/oof.pkl
Saving /content/drive/MyDrive/CICIoT2023_Resultados/AutoML_Comparativo_Unificado/20260728_175118/agrupado8/autogluon/modelo_autogluon/models/XGBoost_BAG_L2/model.pkl
	0.7706	 = Validation score   (f1_macro)
	283.14s	 = Training   runtime
	4.53s	 = Validation runtime
	213.2	 = Inference  throughput (rows/s | 33790 batch size)
Saving /content/drive/MyDrive/CICIoT2023_Resultados/AutoML_Comparativo_Unificado/20260728_175118/agrupado8/autogluon/modelo_autogluon/models/trainer.pkl
Loading: /content/drive/MyDrive/CICIoT2023_Resultados/AutoML_Comparativo_Unificado/20260728_175118/agrupado8/autogluon/modelo_autogluon/models/LightGBM_BAG_L1/utils/oof.pkl
Loading: /content/drive/MyDrive/CICIoT2023_Resultados/AutoML_Comparativo_Unificado/20260728_175118/agrupado8/autogluon/modelo_autogluon/models/LightGBM_BAG_L2/utils/oof.pkl
Loading: /content/drive/MyDrive/CICIoT2023_Resultados/AutoML_Comparativo_Unificado/20260728_175118/agrupado8/autogluon/modelo_autogluon/models/XGBoost_BAG_L2/utils/oof.pkl
Model configs that will be trained (in order):
	WeightedEnsemble_L3: 	{'ag_args': {'problem_types': ['binary', 'multiclass', 'regression', 'quantile', 'softclass'], 'valid_base': False, 'name_bag_suffix': '', 'model_type': <class 'autogluon.core.models.greedy_ensemble.greedy_weighted_ensemble_model.GreedyWeightedEnsembleModel'>, 'priority': 0}, 'ag_args_ensemble': {'save_bag_folds': True}}
Fitting model: WeightedEnsemble_L3 ... Training model for up to 360.00s of the 339.25s of remaining time.
	Failed to import torch or check CUDA availability!Please ensure you have the correct version of PyTorch installed by running `pip install -U torch`
	Fitting WeightedEnsemble_L3 with 'num_gpus': 0, 'num_cpus': 1
Saving /content/drive/MyDrive/CICIoT2023_Resultados/AutoML_Comparativo_Unificado/20260728_175118/agrupado8/autogluon/modelo_autogluon/models/WeightedEnsemble_L3/utils/model_template.pkl
Loading: /content/drive/MyDrive/CICIoT2023_Resultados/AutoML_Comparativo_Unificado/20260728_175118/agrupado8/autogluon/modelo_autogluon/models/WeightedEnsemble_L3/utils/model_template.pkl
	Fitting 1 model on all data | Fitting with cpus=1, gpus=0, mem=0.1/10.7 GB
Ensemble size: 1
Ensemble weights: 
[0. 0. 1.]
	0.4s	= Estimated out-of-fold prediction time...
Saving /content/drive/MyDrive/CICIoT2023_Resultados/AutoML_Comparativo_Unificado/20260728_175118/agrupado8/autogluon/modelo_autogluon/models/WeightedEnsemble_L3/utils/oof.pkl
Saving /content/drive/MyDrive/CICIoT2023_Resultados/AutoML_Comparativo_Unificado/20260728_175118/agrupado8/autogluon/modelo_autogluon/models/WeightedEnsemble_L3/model.pkl
	Ensemble Weights: {'XGBoost_BAG_L2': 1.0}
	0.7706	 = Validation score   (f1_macro)
	6.89s	 = Training   runtime
	0.06s	 = Validation runtime
	213.2	 = Inference  throughput (rows/s | 33790 batch size)
Saving /content/drive/MyDrive/CICIoT2023_Resultados/AutoML_Comparativo_Unificado/20260728_175118/agrupado8/autogluon/modelo_autogluon/models/trainer.pkl
Saving /content/drive/MyDrive/CICIoT2023_Resultados/AutoML_Comparativo_Unificado/20260728_175118/agrupado8/autogluon/modelo_autogluon/models/trainer.pkl
Saving /content/drive/MyDrive/CICIoT2023_Resultados/AutoML_Comparativo_Unificado/20260728_175118/agrupado8/autogluon/modelo_autogluon/models/trainer.pkl
AutoGluon training complete, total runtime = 2316.34s ... Best model: WeightedEnsemble_L3 | Estimated inference throughput: 213.2 rows/s (33790 batch size)
Loading: /content/drive/MyDrive/CICIoT2023_Resultados/AutoML_Comparativo_Unificado/20260728_175118/agrupado8/autogluon/modelo_autogluon/models/trainer.pkl
Saving /content/drive/MyDrive/CICIoT2023_Resultados/AutoML_Comparativo_Unificado/20260728_175118/agrupado8/autogluon/modelo_autogluon/models/trainer.pkl
Saving /content/drive/MyDrive/CICIoT2023_Resultados/AutoML_Comparativo_Unificado/20260728_175118/agrupado8/autogluon/modelo_autogluon/learner.pkl
Saving /content/drive/MyDrive/CICIoT2023_Resultados/AutoML_Comparativo_Unificado/20260728_175118/agrupado8/autogluon/modelo_autogluon/predictor.pkl
Saving /content/drive/MyDrive/CICIoT2023_Resultados/AutoML_Comparativo_Unificado/20260728_175118/agrupado8/autogluon/modelo_autogluon/version.txt with contents "1.5.0"
Saving /content/drive/MyDrive/CICIoT2023_Resultados/AutoML_Comparativo_Unificado/20260728_175118/agrupado8/autogluon/modelo_autogluon/metadata.json
TabularPredictor saved. To load, use: predictor = TabularPredictor.load("/content/drive/MyDrive/CICIoT2023_Resultados/AutoML_Comparativo_Unificado/20260728_175118/agrupado8/autogluon/modelo_autogluon")
Loading: /content/drive/MyDrive/CICIoT2023_Resultados/AutoML_Comparativo_Unificado/20260728_175118/agrupado8/autogluon/modelo_autogluon/models/LightGBM_BAG_L1/model.pkl
Loading: /content/drive/MyDrive/CICIoT2023_Resultados/AutoML_Comparativo_Unificado/20260728_175118/agrupado8/autogluon/modelo_autogluon/models/XGBoost_BAG_L2/model.pkl
Loading: /content/drive/MyDrive/CICIoT2023_Resultados/AutoML_Comparativo_Unificado/20260728_175118/agrupado8/autogluon/modelo_autogluon/models/WeightedEnsemble_L3/model.pkl
Loading: /content/drive/MyDrive/CICIoT2023_Resultados/AutoML_Comparativo_Unificado/20260728_175118/agrupado8/autogluon/modelo_autogluon/models/LightGBM_BAG_L1/model.pkl
Loading: /content/drive/MyDrive/CICIoT2023_Resultados/AutoML_Comparativo_Unificado/20260728_175118/agrupado8/autogluon/modelo_autogluon/models/XGBoost_BAG_L2/model.pkl
Loading: /content/drive/MyDrive/CICIoT2023_Resultados/AutoML_Comparativo_Unificado/20260728_175118/agrupado8/autogluon/modelo_autogluon/models/WeightedEnsemble_L3/model.pkl
Loading: /content/drive/MyDrive/CICIoT2023_Resultados/AutoML_Comparativo_Unificado/20260728_175118/agrupado8/autogluon/modelo_autogluon/models/LightGBM_BAG_L1/model.pkl
Loading: /content/drive/MyDrive/CICIoT2023_Resultados/AutoML_Comparativo_Unificado/20260728_175118/agrupado8/autogluon/modelo_autogluon/models/WeightedEnsemble_L2/model.pkl
Loading: /content/drive/MyDrive/CICIoT2023_Resultados/AutoML_Comparativo_Unificado/20260728_175118/agrupado8/autogluon/modelo_autogluon/models/LightGBM_BAG_L2/model.pkl
Loading: /content/drive/MyDrive/CICIoT2023_Resultados/AutoML_Comparativo_Unificado/20260728_175118/agrupado8/autogluon/modelo_autogluon/models/XGBoost_BAG_L2/model.pkl
Loading: /content/drive/MyDrive/CICIoT2023_Resultados/AutoML_Comparativo_Unificado/20260728_175118/agrupado8/autogluon/modelo_autogluon/models/WeightedEnsemble_L3/model.pkl
