[LightGBM] [Warning] min_data_in_leaf is set=3, min_child_samples=20 will be ignored. Current value: min_data_in_leaf=3
[LightGBM] [Warning] feature_fraction is set=0.9, colsample_bytree=1.0 will be ignored. Current value: feature_fraction=0.9
[LightGBM] [Warning] min_data_in_leaf is set=3, min_child_samples=20 will be ignored. Current value: min_data_in_leaf=3
[LightGBM] [Warning] feature_fraction is set=0.9, colsample_bytree=1.0 will be ignored. Current value: feature_fraction=0.9
[LightGBM] [Warning] min_data_in_leaf is set=3, min_child_samples=20 will be ignored. Current value: min_data_in_leaf=3
[LightGBM] [Warning] feature_fraction is set=0.9, colsample_bytree=1.0 will be ignored. Current value: feature_fraction=0.9
[LightGBM] [Warning] min_data_in_leaf is set=3, min_child_samples=20 will be ignored. Current value: min_data_in_leaf=3
[LightGBM] [Warning] feature_fraction is set=0.9, colsample_bytree=1.0 will be ignored. Current value: feature_fraction=0.9
[LightGBM] [Warning] min_data_in_leaf is set=3, min_child_samples=20 will be ignored. Current value: min_data_in_leaf=3
[LightGBM] [Warning] feature_fraction is set=0.9, colsample_bytree=1.0 will be ignored. Current value: feature_fraction=0.9
[LightGBM] [Warning] min_data_in_leaf is set=3, min_child_samples=20 will be ignored. Current value: min_data_in_leaf=3
[LightGBM] [Warning] feature_fraction is set=0.9, colsample_bytree=1.0 will be ignored. Current value: feature_fraction=0.9
[LightGBM] [Warning] min_data_in_leaf is set=3, min_child_samples=20 will be ignored. Current value: min_data_in_leaf=3
[LightGBM] [Warning] feature_fraction is set=0.9, colsample_bytree=1.0 will be ignored. Current value: feature_fraction=0.9
[LightGBM] [Warning] min_data_in_leaf is set=3, min_child_samples=20 will be ignored. Current value: min_data_in_leaf=3
[LightGBM] [Warning] feature_fraction is set=0.9, colsample_bytree=1.0 will be ignored. Current value: feature_fraction=0.9
[LightGBM] [Warning] min_data_in_leaf is set=3, min_child_samples=20 will be ignored. Current value: min_data_in_leaf=3
[LightGBM] [Warning] feature_fraction is set=0.9, colsample_bytree=1.0 will be ignored. Current value: feature_fraction=0.9
[LightGBM] [Warning] min_data_in_leaf is set=3, min_child_samples=20 will be ignored. Current value: min_data_in_leaf=3
[LightGBM] [Warning] feature_fraction is set=0.9, colsample_bytree=1.0 will be ignored. Current value: feature_fraction=0.9
[LightGBM] [Warning] min_data_in_leaf is set=3, min_child_samples=20 will be ignored. Current value: min_data_in_leaf=3
[LightGBM] [Warning] feature_fraction is set=0.9, colsample_bytree=1.0 will be ignored. Current value: feature_fraction=0.9
[LightGBM] [Warning] min_data_in_leaf is set=3, min_child_samples=20 will be ignored. Current value: min_data_in_leaf=3
[LightGBM] [Warning] feature_fraction is set=0.9, colsample_bytree=1.0 will be ignored. Current value: feature_fraction=0.9
[LightGBM] [Warning] min_data_in_leaf is set=3, min_child_samples=20 will be ignored. Current value: min_data_in_leaf=3
[LightGBM] [Warning] feature_fraction is set=0.9, colsample_bytree=1.0 will be ignored. Current value: feature_fraction=0.9
[LightGBM] [Warning] min_data_in_leaf is set=3, min_child_samples=20 will be ignored. Current value: min_data_in_leaf=3
[LightGBM] [Warning] feature_fraction is set=0.9, colsample_bytree=1.0 will be ignored. Current value: feature_fraction=0.9
[LightGBM] [Warning] min_data_in_leaf is set=3, min_child_samples=20 will be ignored. Current value: min_data_in_leaf=3
[LightGBM] [Warning] feature_fraction is set=0.9, colsample_bytree=1.0 will be ignored. Current value: feature_fraction=0.9
[LightGBM] [Warning] min_data_in_leaf is set=3, min_child_samples=20 will be ignored. Current value: min_data_in_leaf=3
[LightGBM] [Warning] feature_fraction is set=0.9, colsample_bytree=1.0 will be ignored. Current value: feature_fraction=0.9
[ERROR] [2026-07-28 13:40:15,000:Client-AutoPyTorch:CICIoT2023_agrupado8:42] Prediction for catboost failed with run state StatusType.CRASHED.
Additional info:
traceback: Traceback (most recent call last):
  File "/content/micromamba/envs/ciciot_autopytorch/lib/python3.8/site-packages/autoPyTorch/evaluation/tae.py", line 61, in fit_predict_try_except_decorator
    ta(queue=queue, **kwargs)
  File "/content/micromamba/envs/ciciot_autopytorch/lib/python3.8/site-packages/autoPyTorch/evaluation/train_evaluator.py", line 512, in eval_train_function
    evaluator.fit_predict_and_loss()
  File "/content/micromamba/envs/ciciot_autopytorch/lib/python3.8/site-packages/autoPyTorch/evaluation/train_evaluator.py", line 186, in fit_predict_and_loss
    y_train_pred, y_opt_pred, y_valid_pred, y_test_pred = self._fit_and_predict(pipeline, split_id,
  File "/content/micromamba/envs/ciciot_autopytorch/lib/python3.8/site-packages/autoPyTorch/evaluation/train_evaluator.py", line 364, in _fit_and_predict
    fit_and_suppress_warnings(self.logger, pipeline, X, y)
  File "/content/micromamba/envs/ciciot_autopytorch/lib/python3.8/site-packages/autoPyTorch/evaluation/abstract_evaluator.py", line 339, in fit_and_suppress_warnings
    pipeline.fit(X, y)
  File "/content/micromamba/envs/ciciot_autopytorch/lib/python3.8/site-packages/autoPyTorch/evaluation/abstract_evaluator.py", line 111, in fit
    return self.pipeline.fit(X, y)
  File "/content/micromamba/envs/ciciot_autopytorch/lib/python3.8/site-packages/autoPyTorch/pipeline/base_pipeline.py", line 155, in fit
    self.fit_estimator(X, y, **fit_params)
  File "/content/micromamba/envs/ciciot_autopytorch/lib/python3.8/site-packages/autoPyTorch/pipeline/base_pipeline.py", line 174, in fit_estimator
    self._final_estimator.fit(X, y, **fit_params)
  File "/content/micromamba/envs/ciciot_autopytorch/lib/python3.8/site-packages/autoPyTorch/pipeline/components/base_choice.py", line 217, in fit
    return self.choice.fit(X, y)
  File "/content/micromamba/envs/ciciot_autopytorch/lib/python3.8/site-packages/autoPyTorch/pipeline/components/setup/traditional_ml/base_model.py", line 98, in fit
    self.fit_output = self.model.fit(X['X_train'][X['train_indices']], X['y_train'][X['train_indices']],
  File "/content/micromamba/envs/ciciot_autopytorch/lib/python3.8/site-packages/autoPyTorch/pipeline/components/setup/traditional_ml/traditional_learner/base_traditional_learner.py", line 182, in fit
    self._prepare_model(X_train, y_train)
  File "/content/micromamba/envs/ciciot_autopytorch/lib/python3.8/site-packages/autoPyTorch/pipeline/components/setup/traditional_ml/traditional_learner/learners.py", line 127, in _prepare_model
    self.config['eval_metric'] = AutoPyTorchToCatboostMetrics[self.metric.name].value
  File "/content/micromamba/envs/ciciot_autopytorch/lib/python3.8/enum.py", line 387, in __getitem__
    return cls._member_map_[name]
KeyError: 'f1_macro'

error: KeyError('f1_macro')
configuration_origin: traditional
[ERROR] [2026-07-28 13:52:39,873:Client-AutoPyTorch:RefitLogger:42] Prediction for lgb failed with run state StatusType.TIMEOUT.
Additional info:
error: Timeout
configuration_origin: traditional
[WARNING] [2026-07-28 13:52:39,873:Client-AutoPyTorch:RefitLogger:42] Not enough time to fit all machine learning models.Please consider increasing the run time to further improve performance.
[LightGBM] [Warning] min_data_in_leaf is set=3, min_child_samples=20 will be ignored. Current value: min_data_in_leaf=3
[LightGBM] [Warning] feature_fraction is set=0.9, colsample_bytree=1.0 will be ignored. Current value: feature_fraction=0.9
[LightGBM] [Warning] min_data_in_leaf is set=3, min_child_samples=20 will be ignored. Current value: min_data_in_leaf=3
[LightGBM] [Warning] feature_fraction is set=0.9, colsample_bytree=1.0 will be ignored. Current value: feature_fraction=0.9
[LightGBM] [Warning] min_data_in_leaf is set=3, min_child_samples=20 will be ignored. Current value: min_data_in_leaf=3
[LightGBM] [Warning] feature_fraction is set=0.9, colsample_bytree=1.0 will be ignored. Current value: feature_fraction=0.9
[LightGBM] [Warning] min_data_in_leaf is set=3, min_child_samples=20 will be ignored. Current value: min_data_in_leaf=3
[LightGBM] [Warning] feature_fraction is set=0.9, colsample_bytree=1.0 will be ignored. Current value: feature_fraction=0.9
[LightGBM] [Warning] min_data_in_leaf is set=3, min_child_samples=20 will be ignored. Current value: min_data_in_leaf=3
[LightGBM] [Warning] feature_fraction is set=0.9, colsample_bytree=1.0 will be ignored. Current value: feature_fraction=0.9
[LightGBM] [Warning] min_data_in_leaf is set=3, min_child_samples=20 will be ignored. Current value: min_data_in_leaf=3
[LightGBM] [Warning] feature_fraction is set=0.9, colsample_bytree=1.0 will be ignored. Current value: feature_fraction=0.9
[LightGBM] [Warning] min_data_in_leaf is set=3, min_child_samples=20 will be ignored. Current value: min_data_in_leaf=3
[LightGBM] [Warning] feature_fraction is set=0.9, colsample_bytree=1.0 will be ignored. Current value: feature_fraction=0.9
[LightGBM] [Warning] min_data_in_leaf is set=3, min_child_samples=20 will be ignored. Current value: min_data_in_leaf=3
[LightGBM] [Warning] feature_fraction is set=0.9, colsample_bytree=1.0 will be ignored. Current value: feature_fraction=0.9
[LightGBM] [Warning] min_data_in_leaf is set=3, min_child_samples=20 will be ignored. Current value: min_data_in_leaf=3
[LightGBM] [Warning] feature_fraction is set=0.9, colsample_bytree=1.0 will be ignored. Current value: feature_fraction=0.9
[LightGBM] [Warning] min_data_in_leaf is set=3, min_child_samples=20 will be ignored. Current value: min_data_in_leaf=3
[LightGBM] [Warning] feature_fraction is set=0.9, colsample_bytree=1.0 will be ignored. Current value: feature_fraction=0.9
[WARNING] [2026-07-28 13:53:15,919:matplotlib.font_manager] findfont: Font family 'Times New Roman' not found.
[WARNING] [2026-07-28 13:53:15,927:matplotlib.font_manager] findfont: Font family 'Times New Roman' not found.
[WARNING] [2026-07-28 13:53:15,928:matplotlib.font_manager] findfont: Font family 'Times New Roman' not found.
[WARNING] [2026-07-28 13:53:15,928:matplotlib.font_manager] findfont: Font family 'Times New Roman' not found.
[WARNING] [2026-07-28 13:53:15,929:matplotlib.font_manager] findfont: Font family 'Times New Roman' not found.
[WARNING] [2026-07-28 13:53:15,930:matplotlib.font_manager] findfont: Font family 'Times New Roman' not found.
[WARNING] [2026-07-28 13:53:15,930:matplotlib.font_manager] findfont: Font family 'Times New Roman' not found.
[WARNING] [2026-07-28 13:53:15,936:matplotlib.font_manager] findfont: Font family 'Times New Roman' not found.
[WARNING] [2026-07-28 13:53:15,939:matplotlib.font_manager] findfont: Font family 'Times New Roman' not found.
[WARNING] [2026-07-28 13:53:15,967:matplotlib.font_manager] findfont: Font family 'Times New Roman' not found.
[WARNING] [2026-07-28 13:53:15,968:matplotlib.font_manager] findfont: Font family 'Times New Roman' not found.
[WARNING] [2026-07-28 13:53:15,968:matplotlib.font_manager] findfont: Font family 'Times New Roman' not found.
[WARNING] [2026-07-28 13:53:15,969:matplotlib.font_manager] findfont: Font family 'Times New Roman' not found.
[WARNING] [2026-07-28 13:53:15,969:matplotlib.font_manager] findfont: Font family 'Times New Roman' not found.
[WARNING] [2026-07-28 13:53:15,970:matplotlib.font_manager] findfont: Font family 'Times New Roman' not found.
[WARNING] [2026-07-28 13:53:15,971:matplotlib.font_manager] findfont: Font family 'Times New Roman' not found.
[WARNING] [2026-07-28 13:53:15,974:matplotlib.font_manager] findfont: Font family 'Times New Roman' not found.
[WARNING] [2026-07-28 13:53:15,974:matplotlib.font_manager] findfont: Font family 'Times New Roman' not found.
[WARNING] [2026-07-28 13:53:15,986:matplotlib.font_manager] findfont: Font family 'Times New Roman' not found.
[WARNING] [2026-07-28 13:53:15,989:matplotlib.font_manager] findfont: Font family 'Times New Roman' not found.
[WARNING] [2026-07-28 13:53:15,991:matplotlib.font_manager] findfont: Font family 'Times New Roman' not found.
[WARNING] [2026-07-28 13:53:15,992:matplotlib.font_manager] findfont: Font family 'Times New Roman' not found.
[WARNING] [2026-07-28 13:53:15,993:matplotlib.font_manager] findfont: Font family 'Times New Roman' not found.
[WARNING] [2026-07-28 13:53:15,995:matplotlib.font_manager] findfont: Font family 'Times New Roman' not found.
[WARNING] [2026-07-28 13:53:15,996:matplotlib.font_manager] findfont: Font family 'Times New Roman' not found.
[WARNING] [2026-07-28 13:53:15,998:matplotlib.font_manager] findfont: Font family 'Times New Roman' not found.
[WARNING] [2026-07-28 13:53:16,001:matplotlib.font_manager] findfont: Font family 'Times New Roman' not found.
[WARNING] [2026-07-28 13:53:16,002:matplotlib.font_manager] findfont: Font family 'Times New Roman' not found.
[WARNING] [2026-07-28 13:53:16,004:matplotlib.font_manager] findfont: Font family 'Times New Roman' not found.
[WARNING] [2026-07-28 13:53:16,007:matplotlib.font_manager] findfont: Font family 'Times New Roman' not found.
[WARNING] [2026-07-28 13:53:16,008:matplotlib.font_manager] findfont: Font family 'Times New Roman' not found.
[WARNING] [2026-07-28 13:53:16,010:matplotlib.font_manager] findfont: Font family 'Times New Roman' not found.
[WARNING] [2026-07-28 13:53:16,013:matplotlib.font_manager] findfont: Font family 'Times New Roman' not found.
[WARNING] [2026-07-28 13:53:16,014:matplotlib.font_manager] findfont: Font family 'Times New Roman' not found.
[WARNING] [2026-07-28 13:53:16,016:matplotlib.font_manager] findfont: Font family 'Times New Roman' not found.
[WARNING] [2026-07-28 13:53:16,017:matplotlib.font_manager] findfont: Font family 'Times New Roman' not found.
[WARNING] [2026-07-28 13:53:16,019:matplotlib.font_manager] findfont: Font family 'Times New Roman' not found.
[WARNING] [2026-07-28 13:53:16,090:matplotlib.font_manager] findfont: Font family 'Times New Roman' not found.
[WARNING] [2026-07-28 13:53:16,090:matplotlib.font_manager] findfont: Font family 'Times New Roman' not found.
[WARNING] [2026-07-28 13:53:16,091:matplotlib.font_manager] findfont: Font family 'Times New Roman' not found.
[WARNING] [2026-07-28 13:53:16,091:matplotlib.font_manager] findfont: Font family 'Times New Roman' not found.
[WARNING] [2026-07-28 13:53:16,092:matplotlib.font_manager] findfont: Font family 'Times New Roman' not found.
[WARNING] [2026-07-28 13:53:16,093:matplotlib.font_manager] findfont: Font family 'Times New Roman' not found.
[WARNING] [2026-07-28 13:53:16,093:matplotlib.font_manager] findfont: Font family 'Times New Roman' not found.
[WARNING] [2026-07-28 13:53:16,097:matplotlib.font_manager] findfont: Font family 'Times New Roman' not found.
[WARNING] [2026-07-28 13:53:16,097:matplotlib.font_manager] findfont: Font family 'Times New Roman' not found.
[WARNING] [2026-07-28 13:53:16,106:matplotlib.font_manager] findfont: Font family 'Times New Roman' not found.
[WARNING] [2026-07-28 13:53:16,107:matplotlib.font_manager] findfont: Font family 'Times New Roman' not found.
[WARNING] [2026-07-28 13:53:16,108:matplotlib.font_manager] findfont: Font family 'Times New Roman' not found.
[WARNING] [2026-07-28 13:53:16,109:matplotlib.font_manager] findfont: Font family 'Times New Roman' not found.
[WARNING] [2026-07-28 13:53:16,110:matplotlib.font_manager] findfont: Font family 'Times New Roman' not found.
[WARNING] [2026-07-28 13:53:16,111:matplotlib.font_manager] findfont: Font family 'Times New Roman' not found.
[WARNING] [2026-07-28 13:53:16,112:matplotlib.font_manager] findfont: Font family 'Times New Roman' not found.
[WARNING] [2026-07-28 13:53:16,113:matplotlib.font_manager] findfont: Font family 'Times New Roman' not found.
[WARNING] [2026-07-28 13:53:16,114:matplotlib.font_manager] findfont: Font family 'Times New Roman' not found.
[WARNING] [2026-07-28 13:53:16,116:matplotlib.font_manager] findfont: Font family 'Times New Roman' not found.
[WARNING] [2026-07-28 13:53:16,116:matplotlib.font_manager] findfont: Font family 'Times New Roman' not found.
[WARNING] [2026-07-28 13:53:16,118:matplotlib.font_manager] findfont: Font family 'Times New Roman' not found.
[WARNING] [2026-07-28 13:53:16,118:matplotlib.font_manager] findfont: Font family 'Times New Roman' not found.
[WARNING] [2026-07-28 13:53:16,120:matplotlib.font_manager] findfont: Font family 'Times New Roman' not found.
[WARNING] [2026-07-28 13:53:16,122:matplotlib.font_manager] findfont: Font family 'Times New Roman' not found.
[WARNING] [2026-07-28 13:53:16,125:matplotlib.font_manager] findfont: Font family 'Times New Roman' not found.
[WARNING] [2026-07-28 13:53:16,129:matplotlib.font_manager] findfont: Font family 'Times New Roman' not found.
[WARNING] [2026-07-28 13:53:16,131:matplotlib.font_manager] findfont: Font family 'Times New Roman' not found.
[WARNING] [2026-07-28 13:53:16,134:matplotlib.font_manager] findfont: Font family 'Times New Roman' not found.
[WARNING] [2026-07-28 13:53:16,135:matplotlib.font_manager] findfont: Font family 'Times New Roman' not found.
[WARNING] [2026-07-28 13:53:16,137:matplotlib.font_manager] findfont: Font family 'Times New Roman' not found.
[WARNING] [2026-07-28 13:53:16,138:matplotlib.font_manager] findfont: Font family 'Times New Roman' not found.
[WARNING] [2026-07-28 13:53:16,140:matplotlib.font_manager] findfont: Font family 'Times New Roman' not found.
[WARNING] [2026-07-28 13:53:16,142:matplotlib.font_manager] findfont: Font family 'Times New Roman' not found.
[WARNING] [2026-07-28 13:53:16,143:matplotlib.font_manager] findfont: Font family 'Times New Roman' not found.
[WARNING] [2026-07-28 13:53:16,146:matplotlib.font_manager] findfont: Font family 'Times New Roman' not found.
[WARNING] [2026-07-28 13:53:16,148:matplotlib.font_manager] findfont: Font family 'Times New Roman' not found.
[WARNING] [2026-07-28 13:53:16,152:matplotlib.font_manager] findfont: Font family 'Times New Roman' not found.
[WARNING] [2026-07-28 13:53:16,153:matplotlib.font_manager] findfont: Font family 'Times New Roman' not found.
[WARNING] [2026-07-28 13:53:16,154:matplotlib.font_manager] findfont: Font family 'Times New Roman' not found.
[WARNING] [2026-07-28 13:53:16,155:matplotlib.font_manager] findfont: Font family 'Times New Roman' not found.
[WARNING] [2026-07-28 13:53:16,158:matplotlib.font_manager] findfont: Font family 'Times New Roman' not found.
[WARNING] [2026-07-28 13:53:16,160:matplotlib.font_manager] findfont: Font family 'Times New Roman' not found.
[WARNING] [2026-07-28 13:53:16,161:matplotlib.font_manager] findfont: Font family 'Times New Roman' not found.
[WARNING] [2026-07-28 13:53:16,163:matplotlib.font_manager] findfont: Font family 'Times New Roman' not found.
[WARNING] [2026-07-28 13:53:16,165:matplotlib.font_manager] findfont: Font family 'Times New Roman' not found.
[WARNING] [2026-07-28 13:53:16,168:matplotlib.font_manager] findfont: Font family 'Times New Roman' not found.
[WARNING] [2026-07-28 13:53:16,168:matplotlib.font_manager] findfont: Font family 'Times New Roman' not found.
[WARNING] [2026-07-28 13:53:16,170:matplotlib.font_manager] findfont: Font family 'Times New Roman' not found.
[WARNING] [2026-07-28 13:53:16,171:matplotlib.font_manager] findfont: Font family 'Times New Roman' not found.
[WARNING] [2026-07-28 13:53:16,173:matplotlib.font_manager] findfont: Font family 'Times New Roman' not found.
[WARNING] [2026-07-28 13:53:16,175:matplotlib.font_manager] findfont: Font family 'Times New Roman' not found.
[WARNING] [2026-07-28 13:53:16,176:matplotlib.font_manager] findfont: Font family 'Times New Roman' not found.
[WARNING] [2026-07-28 13:53:16,178:matplotlib.font_manager] findfont: Font family 'Times New Roman' not found.
[WARNING] [2026-07-28 13:53:16,178:matplotlib.font_manager] findfont: Font family 'Times New Roman' not found.
[WARNING] [2026-07-28 13:53:16,180:matplotlib.font_manager] findfont: Font family 'Times New Roman' not found.
[WARNING] [2026-07-28 13:53:16,181:matplotlib.font_manager] findfont: Font family 'Times New Roman' not found.
[WARNING] [2026-07-28 13:53:16,182:matplotlib.font_manager] findfont: Font family 'Times New Roman' not found.
[WARNING] [2026-07-28 13:53:16,184:matplotlib.font_manager] findfont: Font family 'Times New Roman' not found.
[WARNING] [2026-07-28 13:53:16,185:matplotlib.font_manager] findfont: Font family 'Times New Roman' not found.
[WARNING] [2026-07-28 13:53:16,487:matplotlib.font_manager] findfont: Font family 'Times New Roman' not found.
[WARNING] [2026-07-28 13:53:16,487:matplotlib.font_manager] findfont: Font family 'Times New Roman' not found.
[WARNING] [2026-07-28 13:53:16,488:matplotlib.font_manager] findfont: Font family 'Times New Roman' not found.
[WARNING] [2026-07-28 13:53:16,489:matplotlib.font_manager] findfont: Font family 'Times New Roman' not found.
[WARNING] [2026-07-28 13:53:16,489:matplotlib.font_manager] findfont: Font family 'Times New Roman' not found.
[WARNING] [2026-07-28 13:53:16,490:matplotlib.font_manager] findfont: Font family 'Times New Roman' not found.
[WARNING] [2026-07-28 13:53:16,490:matplotlib.font_manager] findfont: Font family 'Times New Roman' not found.
[WARNING] [2026-07-28 13:53:16,494:matplotlib.font_manager] findfont: Font family 'Times New Roman' not found.
[WARNING] [2026-07-28 13:53:16,494:matplotlib.font_manager] findfont: Font family 'Times New Roman' not found.
[WARNING] [2026-07-28 13:53:16,542:matplotlib.font_manager] findfont: Font family 'Times New Roman' not found.
[WARNING] [2026-07-28 13:53:16,543:matplotlib.font_manager] findfont: Font family 'Times New Roman' not found.
[WARNING] [2026-07-28 13:53:16,544:matplotlib.font_manager] findfont: Font family 'Times New Roman' not found.
[WARNING] [2026-07-28 13:53:16,545:matplotlib.font_manager] findfont: Font family 'Times New Roman' not found.
[WARNING] [2026-07-28 13:53:16,545:matplotlib.font_manager] findfont: Font family 'Times New Roman' not found.
[WARNING] [2026-07-28 13:53:16,546:matplotlib.font_manager] findfont: Font family 'Times New Roman' not found.
[WARNING] [2026-07-28 13:53:16,547:matplotlib.font_manager] findfont: Font family 'Times New Roman' not found.
[WARNING] [2026-07-28 13:53:16,550:matplotlib.font_manager] findfont: Font family 'Times New Roman' not found.
[WARNING] [2026-07-28 13:53:16,551:matplotlib.font_manager] findfont: Font family 'Times New Roman' not found.
[WARNING] [2026-07-28 13:53:16,568:matplotlib.font_manager] findfont: Font family 'Times New Roman' not found.
[WARNING] [2026-07-28 13:53:16,568:matplotlib.font_manager] findfont: Font family 'Times New Roman' not found.
[WARNING] [2026-07-28 13:53:16,569:matplotlib.font_manager] findfont: Font family 'Times New Roman' not found.
[WARNING] [2026-07-28 13:53:16,571:matplotlib.font_manager] findfont: Font family 'Times New Roman' not found.
[WARNING] [2026-07-28 13:53:16,572:matplotlib.font_manager] findfont: Font family 'Times New Roman' not found.
[WARNING] [2026-07-28 13:53:16,573:matplotlib.font_manager] findfont: Font family 'Times New Roman' not found.
[WARNING] [2026-07-28 13:53:16,574:matplotlib.font_manager] findfont: Font family 'Times New Roman' not found.
[WARNING] [2026-07-28 13:53:16,576:matplotlib.font_manager] findfont: Font family 'Times New Roman' not found.
[WARNING] [2026-07-28 13:53:16,577:matplotlib.font_manager] findfont: Font family 'Times New Roman' not found.
[WARNING] [2026-07-28 13:53:16,578:matplotlib.font_manager] findfont: Font family 'Times New Roman' not found.
[WARNING] [2026-07-28 13:53:16,579:matplotlib.font_manager] findfont: Font family 'Times New Roman' not found.
[WARNING] [2026-07-28 13:53:16,581:matplotlib.font_manager] findfont: Font family 'Times New Roman' not found.
[WARNING] [2026-07-28 13:53:16,582:matplotlib.font_manager] findfont: Font family 'Times New Roman' not found.
[WARNING] [2026-07-28 13:53:16,583:matplotlib.font_manager] findfont: Font family 'Times New Roman' not found.
[WARNING] [2026-07-28 13:53:16,585:matplotlib.font_manager] findfont: Font family 'Times New Roman' not found.
[WARNING] [2026-07-28 13:53:16,587:matplotlib.font_manager] findfont: Font family 'Times New Roman' not found.
[WARNING] [2026-07-28 13:53:16,588:matplotlib.font_manager] findfont: Font family 'Times New Roman' not found.
[WARNING] [2026-07-28 13:53:16,589:matplotlib.font_manager] findfont: Font family 'Times New Roman' not found.
[WARNING] [2026-07-28 13:53:16,591:matplotlib.font_manager] findfont: Font family 'Times New Roman' not found.
[WARNING] [2026-07-28 13:53:16,593:matplotlib.font_manager] findfont: Font family 'Times New Roman' not found.
[WARNING] [2026-07-28 13:53:16,594:matplotlib.font_manager] findfont: Font family 'Times New Roman' not found.
[WARNING] [2026-07-28 13:53:16,595:matplotlib.font_manager] findfont: Font family 'Times New Roman' not found.
[WARNING] [2026-07-28 13:53:16,596:matplotlib.font_manager] findfont: Font family 'Times New Roman' not found.
[WARNING] [2026-07-28 13:53:16,598:matplotlib.font_manager] findfont: Font family 'Times New Roman' not found.
[WARNING] [2026-07-28 13:53:16,599:matplotlib.font_manager] findfont: Font family 'Times New Roman' not found.
[WARNING] [2026-07-28 13:53:16,601:matplotlib.font_manager] findfont: Font family 'Times New Roman' not found.
[WARNING] [2026-07-28 13:53:16,602:matplotlib.font_manager] findfont: Font family 'Times New Roman' not found.
[WARNING] [2026-07-28 13:53:16,604:matplotlib.font_manager] findfont: Font family 'Times New Roman' not found.
[WARNING] [2026-07-28 13:53:16,605:matplotlib.font_manager] findfont: Font family 'Times New Roman' not found.
[WARNING] [2026-07-28 13:53:16,606:matplotlib.font_manager] findfont: Font family 'Times New Roman' not found.
[WARNING] [2026-07-28 13:53:16,608:matplotlib.font_manager] findfont: Font family 'Times New Roman' not found.
[WARNING] [2026-07-28 13:53:16,609:matplotlib.font_manager] findfont: Font family 'Times New Roman' not found.
[WARNING] [2026-07-28 13:53:16,611:matplotlib.font_manager] findfont: Font family 'Times New Roman' not found.
[WARNING] [2026-07-28 13:53:16,612:matplotlib.font_manager] findfont: Font family 'Times New Roman' not found.
[WARNING] [2026-07-28 13:53:16,613:matplotlib.font_manager] findfont: Font family 'Times New Roman' not found.
[WARNING] [2026-07-28 13:53:16,616:matplotlib.font_manager] findfont: Font family 'Times New Roman' not found.
[WARNING] [2026-07-28 13:53:16,617:matplotlib.font_manager] findfont: Font family 'Times New Roman' not found.
[WARNING] [2026-07-28 13:53:16,618:matplotlib.font_manager] findfont: Font family 'Times New Roman' not found.
[WARNING] [2026-07-28 13:53:16,619:matplotlib.font_manager] findfont: Font family 'Times New Roman' not found.
[WARNING] [2026-07-28 13:53:16,621:matplotlib.font_manager] findfont: Font family 'Times New Roman' not found.
[WARNING] [2026-07-28 13:53:16,623:matplotlib.font_manager] findfont: Font family 'Times New Roman' not found.
[WARNING] [2026-07-28 13:53:16,626:matplotlib.font_manager] findfont: Font family 'Times New Roman' not found.
[WARNING] [2026-07-28 13:53:16,628:matplotlib.font_manager] findfont: Font family 'Times New Roman' not found.
[WARNING] [2026-07-28 13:53:16,630:matplotlib.font_manager] findfont: Font family 'Times New Roman' not found.
[WARNING] [2026-07-28 13:53:16,631:matplotlib.font_manager] findfont: Font family 'Times New Roman' not found.
[WARNING] [2026-07-28 13:53:16,632:matplotlib.font_manager] findfont: Font family 'Times New Roman' not found.
[WARNING] [2026-07-28 13:53:16,760:matplotlib.font_manager] findfont: Font family 'Times New Roman' not found.
[WARNING] [2026-07-28 13:53:16,761:matplotlib.font_manager] findfont: Font family 'Times New Roman' not found.
[WARNING] [2026-07-28 13:53:16,762:matplotlib.font_manager] findfont: Font family 'Times New Roman' not found.
[WARNING] [2026-07-28 13:53:16,762:matplotlib.font_manager] findfont: Font family 'Times New Roman' not found.
[WARNING] [2026-07-28 13:53:16,763:matplotlib.font_manager] findfont: Font family 'Times New Roman' not found.
[WARNING] [2026-07-28 13:53:16,763:matplotlib.font_manager] findfont: Font family 'Times New Roman' not found.
[WARNING] [2026-07-28 13:53:16,764:matplotlib.font_manager] findfont: Font family 'Times New Roman' not found.
[WARNING] [2026-07-28 13:53:16,767:matplotlib.font_manager] findfont: Font family 'Times New Roman' not found.
[WARNING] [2026-07-28 13:53:16,768:matplotlib.font_manager] findfont: Font family 'Times New Roman' not found.
[WARNING] [2026-07-28 13:53:16,784:matplotlib.font_manager] findfont: Font family 'Times New Roman' not found.
[WARNING] [2026-07-28 13:53:16,784:matplotlib.font_manager] findfont: Font family 'Times New Roman' not found.
[WARNING] [2026-07-28 13:53:16,785:matplotlib.font_manager] findfont: Font family 'Times New Roman' not found.
[WARNING] [2026-07-28 13:53:16,786:matplotlib.font_manager] findfont: Font family 'Times New Roman' not found.
[WARNING] [2026-07-28 13:53:16,787:matplotlib.font_manager] findfont: Font family 'Times New Roman' not found.
[WARNING] [2026-07-28 13:53:16,788:matplotlib.font_manager] findfont: Font family 'Times New Roman' not found.
[WARNING] [2026-07-28 13:53:16,789:matplotlib.font_manager] findfont: Font family 'Times New Roman' not found.
[WARNING] [2026-07-28 13:53:16,790:matplotlib.font_manager] findfont: Font family 'Times New Roman' not found.
[WARNING] [2026-07-28 13:53:16,791:matplotlib.font_manager] findfont: Font family 'Times New Roman' not found.
[WARNING] [2026-07-28 13:53:16,792:matplotlib.font_manager] findfont: Font family 'Times New Roman' not found.
[WARNING] [2026-07-28 13:53:16,793:matplotlib.font_manager] findfont: Font family 'Times New Roman' not found.
[WARNING] [2026-07-28 13:53:16,794:matplotlib.font_manager] findfont: Font family 'Times New Roman' not found.
[WARNING] [2026-07-28 13:53:16,795:matplotlib.font_manager] findfont: Font family 'Times New Roman' not found.
[WARNING] [2026-07-28 13:53:16,796:matplotlib.font_manager] findfont: Font family 'Times New Roman' not found.
[WARNING] [2026-07-28 13:53:16,797:matplotlib.font_manager] findfont: Font family 'Times New Roman' not found.
[WARNING] [2026-07-28 13:53:16,798:matplotlib.font_manager] findfont: Font family 'Times New Roman' not found.
[WARNING] [2026-07-28 13:53:16,799:matplotlib.font_manager] findfont: Font family 'Times New Roman' not found.
[WARNING] [2026-07-28 13:53:16,800:matplotlib.font_manager] findfont: Font family 'Times New Roman' not found.
[WARNING] [2026-07-28 13:53:16,801:matplotlib.font_manager] findfont: Font family 'Times New Roman' not found.
[WARNING] [2026-07-28 13:53:16,802:matplotlib.font_manager] findfont: Font family 'Times New Roman' not found.
[WARNING] [2026-07-28 13:53:16,803:matplotlib.font_manager] findfont: Font family 'Times New Roman' not found.
[WARNING] [2026-07-28 13:53:16,804:matplotlib.font_manager] findfont: Font family 'Times New Roman' not found.
[WARNING] [2026-07-28 13:53:16,805:matplotlib.font_manager] findfont: Font family 'Times New Roman' not found.
[WARNING] [2026-07-28 13:53:16,806:matplotlib.font_manager] findfont: Font family 'Times New Roman' not found.
[WARNING] [2026-07-28 13:53:16,807:matplotlib.font_manager] findfont: Font family 'Times New Roman' not found.
[WARNING] [2026-07-28 13:53:16,808:matplotlib.font_manager] findfont: Font family 'Times New Roman' not found.
[WARNING] [2026-07-28 13:53:16,809:matplotlib.font_manager] findfont: Font family 'Times New Roman' not found.
[WARNING] [2026-07-28 13:53:16,811:matplotlib.font_manager] findfont: Font family 'Times New Roman' not found.
[WARNING] [2026-07-28 13:53:16,812:matplotlib.font_manager] findfont: Font family 'Times New Roman' not found.
[WARNING] [2026-07-28 13:53:16,814:matplotlib.font_manager] findfont: Font family 'Times New Roman' not found.
[WARNING] [2026-07-28 13:53:16,816:matplotlib.font_manager] findfont: Font family 'Times New Roman' not found.
[WARNING] [2026-07-28 13:53:16,816:matplotlib.font_manager] findfont: Font family 'Times New Roman' not found.
[WARNING] [2026-07-28 13:53:16,818:matplotlib.font_manager] findfont: Font family 'Times New Roman' not found.
[WARNING] [2026-07-28 13:53:16,819:matplotlib.font_manager] findfont: Font family 'Times New Roman' not found.
[WARNING] [2026-07-28 13:53:16,821:matplotlib.font_manager] findfont: Font family 'Times New Roman' not found.
[WARNING] [2026-07-28 13:53:16,822:matplotlib.font_manager] findfont: Font family 'Times New Roman' not found.
[WARNING] [2026-07-28 13:53:16,824:matplotlib.font_manager] findfont: Font family 'Times New Roman' not found.
[WARNING] [2026-07-28 13:53:16,825:matplotlib.font_manager] findfont: Font family 'Times New Roman' not found.
[WARNING] [2026-07-28 13:53:16,827:matplotlib.font_manager] findfont: Font family 'Times New Roman' not found.
[WARNING] [2026-07-28 13:53:16,829:matplotlib.font_manager] findfont: Font family 'Times New Roman' not found.
[WARNING] [2026-07-28 13:53:16,829:matplotlib.font_manager] findfont: Font family 'Times New Roman' not found.
[WARNING] [2026-07-28 13:53:16,831:matplotlib.font_manager] findfont: Font family 'Times New Roman' not found.
[WARNING] [2026-07-28 13:53:16,832:matplotlib.font_manager] findfont: Font family 'Times New Roman' not found.
[WARNING] [2026-07-28 13:53:16,834:matplotlib.font_manager] findfont: Font family 'Times New Roman' not found.
[WARNING] [2026-07-28 13:53:16,835:matplotlib.font_manager] findfont: Font family 'Times New Roman' not found.
[WARNING] [2026-07-28 13:53:16,836:matplotlib.font_manager] findfont: Font family 'Times New Roman' not found.
[WARNING] [2026-07-28 13:53:16,837:matplotlib.font_manager] findfont: Font family 'Times New Roman' not found.
[WARNING] [2026-07-28 13:53:16,840:matplotlib.font_manager] findfont: Font family 'Times New Roman' not found.
[WARNING] [2026-07-28 13:53:16,841:matplotlib.font_manager] findfont: Font family 'Times New Roman' not found.
[WARNING] [2026-07-28 13:53:16,842:matplotlib.font_manager] findfont: Font family 'Times New Roman' not found.
[WARNING] [2026-07-28 13:53:16,844:matplotlib.font_manager] findfont: Font family 'Times New Roman' not found.
[WARNING] [2026-07-28 13:53:16,845:matplotlib.font_manager] findfont: Font family 'Times New Roman' not found.
[WARNING] [2026-07-28 13:53:16,847:matplotlib.font_manager] findfont: Font family 'Times New Roman' not found.
[WARNING] [2026-07-28 13:53:16,848:matplotlib.font_manager] findfont: Font family 'Times New Roman' not found.
[WARNING] [2026-07-28 13:53:16,850:matplotlib.font_manager] findfont: Font family 'Times New Roman' not found.
[WARNING] [2026-07-28 13:53:16,851:matplotlib.font_manager] findfont: Font family 'Times New Roman' not found.
[WARNING] [2026-07-28 13:53:16,853:matplotlib.font_manager] findfont: Font family 'Times New Roman' not found.
[WARNING] [2026-07-28 13:53:16,855:matplotlib.font_manager] findfont: Font family 'Times New Roman' not found.
[WARNING] [2026-07-28 13:53:16,856:matplotlib.font_manager] findfont: Font family 'Times New Roman' not found.
[WARNING] [2026-07-28 13:53:16,857:matplotlib.font_manager] findfont: Font family 'Times New Roman' not found.
[WARNING] [2026-07-28 13:53:16,858:matplotlib.font_manager] findfont: Font family 'Times New Roman' not found.
[WARNING] [2026-07-28 13:53:16,859:matplotlib.font_manager] findfont: Font family 'Times New Roman' not found.
[WARNING] [2026-07-28 13:53:16,860:matplotlib.font_manager] findfont: Font family 'Times New Roman' not found.
[WARNING] [2026-07-28 13:53:16,861:matplotlib.font_manager] findfont: Font family 'Times New Roman' not found.
[WARNING] [2026-07-28 13:53:16,862:matplotlib.font_manager] findfont: Font family 'Times New Roman' not found.
[WARNING] [2026-07-28 13:53:16,864:matplotlib.font_manager] findfont: Font family 'Times New Roman' not found.
[WARNING] [2026-07-28 13:53:16,865:matplotlib.font_manager] findfont: Font family 'Times New Roman' not found.
[WARNING] [2026-07-28 13:53:16,866:matplotlib.font_manager] findfont: Font family 'Times New Roman' not found.
[WARNING] [2026-07-28 13:53:16,867:matplotlib.font_manager] findfont: Font family 'Times New Roman' not found.
[WARNING] [2026-07-28 13:53:16,868:matplotlib.font_manager] findfont: Font family 'Times New Roman' not found.
[WARNING] [2026-07-28 13:53:16,869:matplotlib.font_manager] findfont: Font family 'Times New Roman' not found.
[WARNING] [2026-07-28 13:53:16,870:matplotlib.font_manager] findfont: Font family 'Times New Roman' not found.
[WARNING] [2026-07-28 13:53:16,871:matplotlib.font_manager] findfont: Font family 'Times New Roman' not found.
[WARNING] [2026-07-28 13:53:16,872:matplotlib.font_manager] findfont: Font family 'Times New Roman' not found.
[WARNING] [2026-07-28 13:53:16,873:matplotlib.font_manager] findfont: Font family 'Times New Roman' not found.
[WARNING] [2026-07-28 13:53:16,875:matplotlib.font_manager] findfont: Font family 'Times New Roman' not found.
[WARNING] [2026-07-28 13:53:16,875:matplotlib.font_manager] findfont: Font family 'Times New Roman' not found.
[WARNING] [2026-07-28 13:53:16,876:matplotlib.font_manager] findfont: Font family 'Times New Roman' not found.
[WARNING] [2026-07-28 13:53:16,877:matplotlib.font_manager] findfont: Font family 'Times New Roman' not found.
[WARNING] [2026-07-28 13:53:16,879:matplotlib.font_manager] findfont: Font family 'Times New Roman' not found.
[WARNING] [2026-07-28 13:53:16,879:matplotlib.font_manager] findfont: Font family 'Times New Roman' not found.
[WARNING] [2026-07-28 13:53:16,880:matplotlib.font_manager] findfont: Font family 'Times New Roman' not found.
[WARNING] [2026-07-28 13:53:16,881:matplotlib.font_manager] findfont: Font family 'Times New Roman' not found.
[WARNING] [2026-07-28 13:53:16,883:matplotlib.font_manager] findfont: Font family 'Times New Roman' not found.
[WARNING] [2026-07-28 13:53:16,884:matplotlib.font_manager] findfont: Font family 'Times New Roman' not found.
[WARNING] [2026-07-28 13:53:16,885:matplotlib.font_manager] findfont: Font family 'Times New Roman' not found.
[WARNING] [2026-07-28 13:53:16,886:matplotlib.font_manager] findfont: Font family 'Times New Roman' not found.
[WARNING] [2026-07-28 13:53:16,887:matplotlib.font_manager] findfont: Font family 'Times New Roman' not found.
[WARNING] [2026-07-28 13:53:16,889:matplotlib.font_manager] findfont: Font family 'Times New Roman' not found.
[WARNING] [2026-07-28 13:53:16,890:matplotlib.font_manager] findfont: Font family 'Times New Roman' not found.
[WARNING] [2026-07-28 13:53:16,892:matplotlib.font_manager] findfont: Font family 'Times New Roman' not found.
[WARNING] [2026-07-28 13:53:16,893:matplotlib.font_manager] findfont: Font family 'Times New Roman' not found.
[WARNING] [2026-07-28 13:53:16,894:matplotlib.font_manager] findfont: Font family 'Times New Roman' not found.
[WARNING] [2026-07-28 13:53:16,895:matplotlib.font_manager] findfont: Font family 'Times New Roman' not found.
[WARNING] [2026-07-28 13:53:16,896:matplotlib.font_manager] findfont: Font family 'Times New Roman' not found.
[WARNING] [2026-07-28 13:53:16,897:matplotlib.font_manager] findfont: Font family 'Times New Roman' not found.
[WARNING] [2026-07-28 13:53:16,899:matplotlib.font_manager] findfont: Font family 'Times New Roman' not found.
[WARNING] [2026-07-28 13:53:16,899:matplotlib.font_manager] findfont: Font family 'Times New Roman' not found.
[WARNING] [2026-07-28 13:53:16,901:matplotlib.font_manager] findfont: Font family 'Times New Roman' not found.
[WARNING] [2026-07-28 13:53:16,901:matplotlib.font_manager] findfont: Font family 'Times New Roman' not found.
[WARNING] [2026-07-28 13:53:16,903:matplotlib.font_manager] findfont: Font family 'Times New Roman' not found.
[WARNING] [2026-07-28 13:53:16,903:matplotlib.font_manager] findfont: Font family 'Times New Roman' not found.
[WARNING] [2026-07-28 13:53:16,905:matplotlib.font_manager] findfont: Font family 'Times New Roman' not found.
[WARNING] [2026-07-28 13:53:16,906:matplotlib.font_manager] findfont: Font family 'Times New Roman' not found.
[WARNING] [2026-07-28 13:53:16,908:matplotlib.font_manager] findfont: Font family 'Times New Roman' not found.
[WARNING] [2026-07-28 13:53:16,910:matplotlib.font_manager] findfont: Font family 'Times New Roman' not found.
[WARNING] [2026-07-28 13:53:16,911:matplotlib.font_manager] findfont: Font family 'Times New Roman' not found.
[WARNING] [2026-07-28 13:53:17,187:matplotlib.font_manager] findfont: Font family 'Times New Roman' not found.
[WARNING] [2026-07-28 13:53:17,188:matplotlib.font_manager] findfont: Font family 'Times New Roman' not found.
[WARNING] [2026-07-28 13:53:17,189:matplotlib.font_manager] findfont: Font family 'Times New Roman' not found.
[WARNING] [2026-07-28 13:53:17,190:matplotlib.font_manager] findfont: Font family 'Times New Roman' not found.
[WARNING] [2026-07-28 13:53:17,190:matplotlib.font_manager] findfont: Font family 'Times New Roman' not found.
[WARNING] [2026-07-28 13:53:17,191:matplotlib.font_manager] findfont: Font family 'Times New Roman' not found.
[WARNING] [2026-07-28 13:53:17,191:matplotlib.font_manager] findfont: Font family 'Times New Roman' not found.
[WARNING] [2026-07-28 13:53:17,192:matplotlib.font_manager] findfont: Font family 'Times New Roman' not found.
[WARNING] [2026-07-28 13:53:17,193:matplotlib.font_manager] findfont: Font family 'Times New Roman' not found.
[WARNING] [2026-07-28 13:53:17,196:matplotlib.font_manager] findfont: Font family 'Times New Roman' not found.
[WARNING] [2026-07-28 13:53:17,201:matplotlib.font_manager] findfont: Font family 'Times New Roman' not found.
[WARNING] [2026-07-28 13:53:17,210:matplotlib.font_manager] findfont: Font family 'Times New Roman' not found.
[WARNING] [2026-07-28 13:53:17,213:matplotlib.font_manager] findfont: Font family 'Times New Roman' not found.
[WARNING] [2026-07-28 13:53:17,215:matplotlib.font_manager] findfont: Font family 'Times New Roman' not found.
[WARNING] [2026-07-28 13:53:17,216:matplotlib.font_manager] findfont: Font family 'Times New Roman' not found.
[WARNING] [2026-07-28 13:53:17,217:matplotlib.font_manager] findfont: Font family 'Times New Roman' not found.
[WARNING] [2026-07-28 13:53:17,218:matplotlib.font_manager] findfont: Font family 'Times New Roman' not found.
[WARNING] [2026-07-28 13:53:17,218:matplotlib.font_manager] findfont: Font family 'Times New Roman' not found.
[WARNING] [2026-07-28 13:53:17,219:matplotlib.font_manager] findfont: Font family 'Times New Roman' not found.
[WARNING] [2026-07-28 13:53:17,219:matplotlib.font_manager] findfont: Font family 'Times New Roman' not found.
[WARNING] [2026-07-28 13:53:17,220:matplotlib.font_manager] findfont: Font family 'Times New Roman' not found.
[WARNING] [2026-07-28 13:53:17,221:matplotlib.font_manager] findfont: Font family 'Times New Roman' not found.
[WARNING] [2026-07-28 13:53:17,222:matplotlib.font_manager] findfont: Font family 'Times New Roman' not found.
[WARNING] [2026-07-28 13:53:17,222:matplotlib.font_manager] findfont: Font family 'Times New Roman' not found.
[WARNING] [2026-07-28 13:53:17,223:matplotlib.font_manager] findfont: Font family 'Times New Roman' not found.
[WARNING] [2026-07-28 13:53:17,224:matplotlib.font_manager] findfont: Font family 'Times New Roman' not found.
[WARNING] [2026-07-28 13:53:17,224:matplotlib.font_manager] findfont: Font family 'Times New Roman' not found.
[WARNING] [2026-07-28 13:53:17,226:matplotlib.font_manager] findfont: Font family 'Times New Roman' not found.
[WARNING] [2026-07-28 13:53:17,226:matplotlib.font_manager] findfont: Font family 'Times New Roman' not found.
[WARNING] [2026-07-28 13:53:17,228:matplotlib.font_manager] findfont: Font family 'Times New Roman' not found.
[WARNING] [2026-07-28 13:53:17,229:matplotlib.font_manager] findfont: Font family 'Times New Roman' not found.
[WARNING] [2026-07-28 13:53:17,230:matplotlib.font_manager] findfont: Font family 'Times New Roman' not found.
[WARNING] [2026-07-28 13:53:17,231:matplotlib.font_manager] findfont: Font family 'Times New Roman' not found.
[WARNING] [2026-07-28 13:53:17,232:matplotlib.font_manager] findfont: Font family 'Times New Roman' not found.
[WARNING] [2026-07-28 13:53:17,232:matplotlib.font_manager] findfont: Font family 'Times New Roman' not found.
[WARNING] [2026-07-28 13:53:17,234:matplotlib.font_manager] findfont: Font family 'Times New Roman' not found.
[WARNING] [2026-07-28 13:53:17,234:matplotlib.font_manager] findfont: Font family 'Times New Roman' not found.
[WARNING] [2026-07-28 13:53:17,235:matplotlib.font_manager] findfont: Font family 'Times New Roman' not found.
[WARNING] [2026-07-28 13:53:17,236:matplotlib.font_manager] findfont: Font family 'Times New Roman' not found.
[WARNING] [2026-07-28 13:53:17,237:matplotlib.font_manager] findfont: Font family 'Times New Roman' not found.
[WARNING] [2026-07-28 13:53:17,237:matplotlib.font_manager] findfont: Font family 'Times New Roman' not found.
[WARNING] [2026-07-28 13:53:17,238:matplotlib.font_manager] findfont: Font family 'Times New Roman' not found.
[WARNING] [2026-07-28 13:53:17,256:matplotlib.font_manager] findfont: Font family 'Times New Roman' not found.
[WARNING] [2026-07-28 13:53:17,257:matplotlib.font_manager] findfont: Font family 'Times New Roman' not found.
[WARNING] [2026-07-28 13:53:17,257:matplotlib.font_manager] findfont: Font family 'Times New Roman' not found.
[WARNING] [2026-07-28 13:53:17,258:matplotlib.font_manager] findfont: Font family 'Times New Roman' not found.
[WARNING] [2026-07-28 13:53:17,258:matplotlib.font_manager] findfont: Font family 'Times New Roman' not found.
[WARNING] [2026-07-28 13:53:17,259:matplotlib.font_manager] findfont: Font family 'Times New Roman' not found.
[WARNING] [2026-07-28 13:53:17,260:matplotlib.font_manager] findfont: Font family 'Times New Roman' not found.
[WARNING] [2026-07-28 13:53:17,278:matplotlib.font_manager] findfont: Font family 'Times New Roman' not found.
[WARNING] [2026-07-28 13:53:17,278:matplotlib.font_manager] findfont: Font family 'Times New Roman' not found.
[WARNING] [2026-07-28 13:53:17,279:matplotlib.font_manager] findfont: Font family 'Times New Roman' not found.
[WARNING] [2026-07-28 13:53:17,280:matplotlib.font_manager] findfont: Font family 'Times New Roman' not found.
[WARNING] [2026-07-28 13:53:17,281:matplotlib.font_manager] findfont: Font family 'Times New Roman' not found.
[WARNING] [2026-07-28 13:53:17,282:matplotlib.font_manager] findfont: Font family 'Times New Roman' not found.
[WARNING] [2026-07-28 13:53:17,282:matplotlib.font_manager] findfont: Font family 'Times New Roman' not found.
[WARNING] [2026-07-28 13:53:17,283:matplotlib.font_manager] findfont: Font family 'Times New Roman' not found.
[WARNING] [2026-07-28 13:53:17,284:matplotlib.font_manager] findfont: Font family 'Times New Roman' not found.
[WARNING] [2026-07-28 13:53:17,287:matplotlib.font_manager] findfont: Font family 'Times New Roman' not found.
[WARNING] [2026-07-28 13:53:17,288:matplotlib.font_manager] findfont: Font family 'Times New Roman' not found.
[WARNING] [2026-07-28 13:53:17,289:matplotlib.font_manager] findfont: Font family 'Times New Roman' not found.
[WARNING] [2026-07-28 13:53:17,347:matplotlib.font_manager] findfont: Font family 'Times New Roman' not found.
[WARNING] [2026-07-28 13:53:17,357:matplotlib.font_manager] findfont: Font family 'Times New Roman' not found.
[WARNING] [2026-07-28 13:53:17,358:matplotlib.font_manager] findfont: Font family 'Times New Roman' not found.
[WARNING] [2026-07-28 13:53:17,358:matplotlib.font_manager] findfont: Font family 'Times New Roman' not found.
[WARNING] [2026-07-28 13:53:17,360:matplotlib.font_manager] findfont: Font family 'Times New Roman' not found.
[WARNING] [2026-07-28 13:53:17,360:matplotlib.font_manager] findfont: Font family 'Times New Roman' not found.
[WARNING] [2026-07-28 13:53:17,361:matplotlib.font_manager] findfont: Font family 'Times New Roman' not found.
[WARNING] [2026-07-28 13:53:17,362:matplotlib.font_manager] findfont: Font family 'Times New Roman' not found.
[WARNING] [2026-07-28 13:53:17,362:matplotlib.font_manager] findfont: Font family 'Times New Roman' not found.
[WARNING] [2026-07-28 13:53:17,364:matplotlib.font_manager] findfont: Font family 'Times New Roman' not found.
[WARNING] [2026-07-28 13:53:17,365:matplotlib.font_manager] findfont: Font family 'Times New Roman' not found.
[WARNING] [2026-07-28 13:53:17,365:matplotlib.font_manager] findfont: Font family 'Times New Roman' not found.
[WARNING] [2026-07-28 13:53:17,367:matplotlib.font_manager] findfont: Font family 'Times New Roman' not found.
[WARNING] [2026-07-28 13:53:17,367:matplotlib.font_manager] findfont: Font family 'Times New Roman' not found.
[WARNING] [2026-07-28 13:53:17,368:matplotlib.font_manager] findfont: Font family 'Times New Roman' not found.
[WARNING] [2026-07-28 13:53:17,370:matplotlib.font_manager] findfont: Font family 'Times New Roman' not found.
[WARNING] [2026-07-28 13:53:17,371:matplotlib.font_manager] findfont: Font family 'Times New Roman' not found.
[WARNING] [2026-07-28 13:53:17,373:matplotlib.font_manager] findfont: Font family 'Times New Roman' not found.
[WARNING] [2026-07-28 13:53:17,375:matplotlib.font_manager] findfont: Font family 'Times New Roman' not found.
[WARNING] [2026-07-28 13:53:17,377:matplotlib.font_manager] findfont: Font family 'Times New Roman' not found.
[WARNING] [2026-07-28 13:53:17,378:matplotlib.font_manager] findfont: Font family 'Times New Roman' not found.
[WARNING] [2026-07-28 13:53:17,378:matplotlib.font_manager] findfont: Font family 'Times New Roman' not found.
[WARNING] [2026-07-28 13:53:17,379:matplotlib.font_manager] findfont: Font family 'Times New Roman' not found.
[WARNING] [2026-07-28 13:53:17,381:matplotlib.font_manager] findfont: Font family 'Times New Roman' not found.
[WARNING] [2026-07-28 13:53:17,381:matplotlib.font_manager] findfont: Font family 'Times New Roman' not found.
[WARNING] [2026-07-28 13:53:17,382:matplotlib.font_manager] findfont: Font family 'Times New Roman' not found.
[WARNING] [2026-07-28 13:53:17,383:matplotlib.font_manager] findfont: Font family 'Times New Roman' not found.
[WARNING] [2026-07-28 13:53:17,385:matplotlib.font_manager] findfont: Font family 'Times New Roman' not found.
[WARNING] [2026-07-28 13:53:17,385:matplotlib.font_manager] findfont: Font family 'Times New Roman' not found.
[WARNING] [2026-07-28 13:53:17,386:matplotlib.font_manager] findfont: Font family 'Times New Roman' not found.
[WARNING] [2026-07-28 13:53:17,394:matplotlib.font_manager] findfont: Font family 'Times New Roman' not found.
[WARNING] [2026-07-28 13:53:17,395:matplotlib.font_manager] findfont: Font family 'Times New Roman' not found.
[WARNING] [2026-07-28 13:53:17,395:matplotlib.font_manager] findfont: Font family 'Times New Roman' not found.
[WARNING] [2026-07-28 13:53:17,396:matplotlib.font_manager] findfont: Font family 'Times New Roman' not found.
[WARNING] [2026-07-28 13:53:17,397:matplotlib.font_manager] findfont: Font family 'Times New Roman' not found.
[WARNING] [2026-07-28 13:53:17,398:matplotlib.font_manager] findfont: Font family 'Times New Roman' not found.
[WARNING] [2026-07-28 13:53:17,399:matplotlib.font_manager] findfont: Font family 'Times New Roman' not found.
[WARNING] [2026-07-28 13:53:17,520:matplotlib.font_manager] findfont: Font family 'Times New Roman' not found.
[WARNING] [2026-07-28 13:53:17,521:matplotlib.font_manager] findfont: Font family 'Times New Roman' not found.
[WARNING] [2026-07-28 13:53:17,521:matplotlib.font_manager] findfont: Font family 'Times New Roman' not found.
[WARNING] [2026-07-28 13:53:17,522:matplotlib.font_manager] findfont: Font family 'Times New Roman' not found.
[WARNING] [2026-07-28 13:53:17,523:matplotlib.font_manager] findfont: Font family 'Times New Roman' not found.
[WARNING] [2026-07-28 13:53:17,523:matplotlib.font_manager] findfont: Font family 'Times New Roman' not found.
[WARNING] [2026-07-28 13:53:17,524:matplotlib.font_manager] findfont: Font family 'Times New Roman' not found.
[WARNING] [2026-07-28 13:53:17,525:matplotlib.font_manager] findfont: Font family 'Times New Roman' not found.
[WARNING] [2026-07-28 13:53:17,525:matplotlib.font_manager] findfont: Font family 'Times New Roman' not found.
[WARNING] [2026-07-28 13:53:17,528:matplotlib.font_manager] findfont: Font family 'Times New Roman' not found.
[WARNING] [2026-07-28 13:53:17,529:matplotlib.font_manager] findfont: Font family 'Times New Roman' not found.
[WARNING] [2026-07-28 13:53:17,530:matplotlib.font_manager] findfont: Font family 'Times New Roman' not found.
[WARNING] [2026-07-28 13:53:17,577:matplotlib.font_manager] findfont: Font family 'Times New Roman' not found.
[WARNING] [2026-07-28 13:53:17,580:matplotlib.font_manager] findfont: Font family 'Times New Roman' not found.
[WARNING] [2026-07-28 13:53:17,583:matplotlib.font_manager] findfont: Font family 'Times New Roman' not found.
[WARNING] [2026-07-28 13:53:17,586:matplotlib.font_manager] findfont: Font family 'Times New Roman' not found.
[WARNING] [2026-07-28 13:53:17,587:matplotlib.font_manager] findfont: Font family 'Times New Roman' not found.
[WARNING] [2026-07-28 13:53:17,590:matplotlib.font_manager] findfont: Font family 'Times New Roman' not found.
[WARNING] [2026-07-28 13:53:17,592:matplotlib.font_manager] findfont: Font family 'Times New Roman' not found.
[WARNING] [2026-07-28 13:53:17,596:matplotlib.font_manager] findfont: Font family 'Times New Roman' not found.
[WARNING] [2026-07-28 13:53:17,602:matplotlib.font_manager] findfont: Font family 'Times New Roman' not found.
[WARNING] [2026-07-28 13:53:17,603:matplotlib.font_manager] findfont: Font family 'Times New Roman' not found.
[WARNING] [2026-07-28 13:53:17,609:matplotlib.font_manager] findfont: Font family 'Times New Roman' not found.
[WARNING] [2026-07-28 13:53:17,610:matplotlib.font_manager] findfont: Font family 'Times New Roman' not found.
[WARNING] [2026-07-28 13:53:17,612:matplotlib.font_manager] findfont: Font family 'Times New Roman' not found.
[WARNING] [2026-07-28 13:53:17,614:matplotlib.font_manager] findfont: Font family 'Times New Roman' not found.
[WARNING] [2026-07-28 13:53:17,615:matplotlib.font_manager] findfont: Font family 'Times New Roman' not found.
[WARNING] [2026-07-28 13:53:17,617:matplotlib.font_manager] findfont: Font family 'Times New Roman' not found.
[WARNING] [2026-07-28 13:53:17,619:matplotlib.font_manager] findfont: Font family 'Times New Roman' not found.
[WARNING] [2026-07-28 13:53:17,620:matplotlib.font_manager] findfont: Font family 'Times New Roman' not found.
[WARNING] [2026-07-28 13:53:17,626:matplotlib.font_manager] findfont: Font family 'Times New Roman' not found.
[WARNING] [2026-07-28 13:53:17,632:matplotlib.font_manager] findfont: Font family 'Times New Roman' not found.
[WARNING] [2026-07-28 13:53:17,632:matplotlib.font_manager] findfont: Font family 'Times New Roman' not found.
[WARNING] [2026-07-28 13:53:17,633:matplotlib.font_manager] findfont: Font family 'Times New Roman' not found.
[WARNING] [2026-07-28 13:53:17,634:matplotlib.font_manager] findfont: Font family 'Times New Roman' not found.
[WARNING] [2026-07-28 13:53:17,635:matplotlib.font_manager] findfont: Font family 'Times New Roman' not found.
[WARNING] [2026-07-28 13:53:17,635:matplotlib.font_manager] findfont: Font family 'Times New Roman' not found.
[WARNING] [2026-07-28 13:53:17,636:matplotlib.font_manager] findfont: Font family 'Times New Roman' not found.
[WARNING] [2026-07-28 13:53:17,637:matplotlib.font_manager] findfont: Font family 'Times New Roman' not found.
[WARNING] [2026-07-28 13:53:17,638:matplotlib.font_manager] findfont: Font family 'Times New Roman' not found.
[WARNING] [2026-07-28 13:53:17,639:matplotlib.font_manager] findfont: Font family 'Times New Roman' not found.
[WARNING] [2026-07-28 13:53:17,639:matplotlib.font_manager] findfont: Font family 'Times New Roman' not found.
[WARNING] [2026-07-28 13:53:17,640:matplotlib.font_manager] findfont: Font family 'Times New Roman' not found.
[WARNING] [2026-07-28 13:53:17,641:matplotlib.font_manager] findfont: Font family 'Times New Roman' not found.
[WARNING] [2026-07-28 13:53:17,641:matplotlib.font_manager] findfont: Font family 'Times New Roman' not found.
[WARNING] [2026-07-28 13:53:17,642:matplotlib.font_manager] findfont: Font family 'Times New Roman' not found.
[WARNING] [2026-07-28 13:53:17,642:matplotlib.font_manager] findfont: Font family 'Times New Roman' not found.
[WARNING] [2026-07-28 13:53:17,643:matplotlib.font_manager] findfont: Font family 'Times New Roman' not found.
[WARNING] [2026-07-28 13:53:17,643:matplotlib.font_manager] findfont: Font family 'Times New Roman' not found.
[WARNING] [2026-07-28 13:53:17,644:matplotlib.font_manager] findfont: Font family 'Times New Roman' not found.
[WARNING] [2026-07-28 13:53:17,645:matplotlib.font_manager] findfont: Font family 'Times New Roman' not found.
[WARNING] [2026-07-28 13:53:17,646:matplotlib.font_manager] findfont: Font family 'Times New Roman' not found.
[WARNING] [2026-07-28 13:53:17,646:matplotlib.font_manager] findfont: Font family 'Times New Roman' not found.
[WARNING] [2026-07-28 13:53:17,647:matplotlib.font_manager] findfont: Font family 'Times New Roman' not found.
[WARNING] [2026-07-28 13:53:17,647:matplotlib.font_manager] findfont: Font family 'Times New Roman' not found.
[WARNING] [2026-07-28 13:53:17,648:matplotlib.font_manager] findfont: Font family 'Times New Roman' not found.
[WARNING] [2026-07-28 13:53:17,648:matplotlib.font_manager] findfont: Font family 'Times New Roman' not found.
[WARNING] [2026-07-28 13:53:17,649:matplotlib.font_manager] findfont: Font family 'Times New Roman' not found.
[WARNING] [2026-07-28 13:53:17,650:matplotlib.font_manager] findfont: Font family 'Times New Roman' not found.
[WARNING] [2026-07-28 13:53:17,650:matplotlib.font_manager] findfont: Font family 'Times New Roman' not found.
[WARNING] [2026-07-28 13:53:17,651:matplotlib.font_manager] findfont: Font family 'Times New Roman' not found.
[WARNING] [2026-07-28 13:53:17,651:matplotlib.font_manager] findfont: Font family 'Times New Roman' not found.
[WARNING] [2026-07-28 13:53:17,652:matplotlib.font_manager] findfont: Font family 'Times New Roman' not found.
[WARNING] [2026-07-28 13:53:17,653:matplotlib.font_manager] findfont: Font family 'Times New Roman' not found.
[WARNING] [2026-07-28 13:53:17,653:matplotlib.font_manager] findfont: Font family 'Times New Roman' not found.
[WARNING] [2026-07-28 13:53:17,654:matplotlib.font_manager] findfont: Font family 'Times New Roman' not found.
[WARNING] [2026-07-28 13:53:17,654:matplotlib.font_manager] findfont: Font family 'Times New Roman' not found.
[WARNING] [2026-07-28 13:53:17,655:matplotlib.font_manager] findfont: Font family 'Times New Roman' not found.
[WARNING] [2026-07-28 13:53:17,656:matplotlib.font_manager] findfont: Font family 'Times New Roman' not found.
[WARNING] [2026-07-28 13:53:17,657:matplotlib.font_manager] findfont: Font family 'Times New Roman' not found.
[WARNING] [2026-07-28 13:53:17,657:matplotlib.font_manager] findfont: Font family 'Times New Roman' not found.
[WARNING] [2026-07-28 13:53:17,658:matplotlib.font_manager] findfont: Font family 'Times New Roman' not found.
[WARNING] [2026-07-28 13:53:17,658:matplotlib.font_manager] findfont: Font family 'Times New Roman' not found.
[WARNING] [2026-07-28 13:53:17,659:matplotlib.font_manager] findfont: Font family 'Times New Roman' not found.
[WARNING] [2026-07-28 13:53:17,659:matplotlib.font_manager] findfont: Font family 'Times New Roman' not found.
[WARNING] [2026-07-28 13:53:17,660:matplotlib.font_manager] findfont: Font family 'Times New Roman' not found.
[WARNING] [2026-07-28 13:53:17,661:matplotlib.font_manager] findfont: Font family 'Times New Roman' not found.
[WARNING] [2026-07-28 13:53:17,662:matplotlib.font_manager] findfont: Font family 'Times New Roman' not found.
[WARNING] [2026-07-28 13:53:17,662:matplotlib.font_manager] findfont: Font family 'Times New Roman' not found.
[WARNING] [2026-07-28 13:53:17,663:matplotlib.font_manager] findfont: Font family 'Times New Roman' not found.
[WARNING] [2026-07-28 13:53:17,664:matplotlib.font_manager] findfont: Font family 'Times New Roman' not found.
[WARNING] [2026-07-28 13:53:17,665:matplotlib.font_manager] findfont: Font family 'Times New Roman' not found.
[WARNING] [2026-07-28 13:53:17,665:matplotlib.font_manager] findfont: Font family 'Times New Roman' not found.
[WARNING] [2026-07-28 13:53:17,666:matplotlib.font_manager] findfont: Font family 'Times New Roman' not found.
[WARNING] [2026-07-28 13:53:17,666:matplotlib.font_manager] findfont: Font family 'Times New Roman' not found.
[WARNING] [2026-07-28 13:53:17,667:matplotlib.font_manager] findfont: Font family 'Times New Roman' not found.
[WARNING] [2026-07-28 13:53:17,668:matplotlib.font_manager] findfont: Font family 'Times New Roman' not found.
[WARNING] [2026-07-28 13:53:17,669:matplotlib.font_manager] findfont: Font family 'Times New Roman' not found.
[WARNING] [2026-07-28 13:53:17,669:matplotlib.font_manager] findfont: Font family 'Times New Roman' not found.
[WARNING] [2026-07-28 13:53:17,670:matplotlib.font_manager] findfont: Font family 'Times New Roman' not found.
[WARNING] [2026-07-28 13:53:17,670:matplotlib.font_manager] findfont: Font family 'Times New Roman' not found.
[WARNING] [2026-07-28 13:53:17,671:matplotlib.font_manager] findfont: Font family 'Times New Roman' not found.
[WARNING] [2026-07-28 13:53:17,672:matplotlib.font_manager] findfont: Font family 'Times New Roman' not found.
[WARNING] [2026-07-28 13:53:17,673:matplotlib.font_manager] findfont: Font family 'Times New Roman' not found.
[WARNING] [2026-07-28 13:53:17,673:matplotlib.font_manager] findfont: Font family 'Times New Roman' not found.
[WARNING] [2026-07-28 13:53:17,674:matplotlib.font_manager] findfont: Font family 'Times New Roman' not found.
[WARNING] [2026-07-28 13:53:17,674:matplotlib.font_manager] findfont: Font family 'Times New Roman' not found.
[WARNING] [2026-07-28 13:53:17,675:matplotlib.font_manager] findfont: Font family 'Times New Roman' not found.
[WARNING] [2026-07-28 13:53:17,675:matplotlib.font_manager] findfont: Font family 'Times New Roman' not found.
[WARNING] [2026-07-28 13:53:17,676:matplotlib.font_manager] findfont: Font family 'Times New Roman' not found.
[WARNING] [2026-07-28 13:53:17,677:matplotlib.font_manager] findfont: Font family 'Times New Roman' not found.
[WARNING] [2026-07-28 13:53:17,677:matplotlib.font_manager] findfont: Font family 'Times New Roman' not found.
[WARNING] [2026-07-28 13:53:17,678:matplotlib.font_manager] findfont: Font family 'Times New Roman' not found.
[WARNING] [2026-07-28 13:53:17,679:matplotlib.font_manager] findfont: Font family 'Times New Roman' not found.
[WARNING] [2026-07-28 13:53:17,679:matplotlib.font_manager] findfont: Font family 'Times New Roman' not found.
[WARNING] [2026-07-28 13:53:17,680:matplotlib.font_manager] findfont: Font family 'Times New Roman' not found.
[WARNING] [2026-07-28 13:53:17,681:matplotlib.font_manager] findfont: Font family 'Times New Roman' not found.
[WARNING] [2026-07-28 13:53:17,681:matplotlib.font_manager] findfont: Font family 'Times New Roman' not found.
[WARNING] [2026-07-28 13:53:17,682:matplotlib.font_manager] findfont: Font family 'Times New Roman' not found.
[WARNING] [2026-07-28 13:53:17,682:matplotlib.font_manager] findfont: Font family 'Times New Roman' not found.
[WARNING] [2026-07-28 13:53:17,683:matplotlib.font_manager] findfont: Font family 'Times New Roman' not found.
[WARNING] [2026-07-28 13:53:17,683:matplotlib.font_manager] findfont: Font family 'Times New Roman' not found.
[WARNING] [2026-07-28 13:53:17,684:matplotlib.font_manager] findfont: Font family 'Times New Roman' not found.
[WARNING] [2026-07-28 13:53:17,685:matplotlib.font_manager] findfont: Font family 'Times New Roman' not found.
[WARNING] [2026-07-28 13:53:17,685:matplotlib.font_manager] findfont: Font family 'Times New Roman' not found.
[WARNING] [2026-07-28 13:53:17,686:matplotlib.font_manager] findfont: Font family 'Times New Roman' not found.
[WARNING] [2026-07-28 13:53:17,687:matplotlib.font_manager] findfont: Font family 'Times New Roman' not found.
[WARNING] [2026-07-28 13:53:17,687:matplotlib.font_manager] findfont: Font family 'Times New Roman' not found.
[WARNING] [2026-07-28 13:53:17,688:matplotlib.font_manager] findfont: Font family 'Times New Roman' not found.
[WARNING] [2026-07-28 13:53:17,688:matplotlib.font_manager] findfont: Font family 'Times New Roman' not found.
[WARNING] [2026-07-28 13:53:17,689:matplotlib.font_manager] findfont: Font family 'Times New Roman' not found.
[WARNING] [2026-07-28 13:53:17,689:matplotlib.font_manager] findfont: Font family 'Times New Roman' not found.
[WARNING] [2026-07-28 13:53:17,690:matplotlib.font_manager] findfont: Font family 'Times New Roman' not found.
[WARNING] [2026-07-28 13:53:17,690:matplotlib.font_manager] findfont: Font family 'Times New Roman' not found.
[WARNING] [2026-07-28 13:53:17,691:matplotlib.font_manager] findfont: Font family 'Times New Roman' not found.
[WARNING] [2026-07-28 13:53:17,698:matplotlib.font_manager] findfont: Font family 'Times New Roman' not found.
[WARNING] [2026-07-28 13:53:17,699:matplotlib.font_manager] findfont: Font family 'Times New Roman' not found.
[WARNING] [2026-07-28 13:53:17,700:matplotlib.font_manager] findfont: Font family 'Times New Roman' not found.
[WARNING] [2026-07-28 13:53:17,700:matplotlib.font_manager] findfont: Font family 'Times New Roman' not found.
[WARNING] [2026-07-28 13:53:17,701:matplotlib.font_manager] findfont: Font family 'Times New Roman' not found.
[WARNING] [2026-07-28 13:53:17,701:matplotlib.font_manager] findfont: Font family 'Times New Roman' not found.
[WARNING] [2026-07-28 13:53:17,702:matplotlib.font_manager] findfont: Font family 'Times New Roman' not found.
[WARNING] [2026-07-28 13:53:17,703:matplotlib.font_manager] findfont: Font family 'Times New Roman' not found.
[WARNING] [2026-07-28 13:53:17,704:matplotlib.font_manager] findfont: Font family 'Times New Roman' not found.
[WARNING] [2026-07-28 13:53:17,705:matplotlib.font_manager] findfont: Font family 'Times New Roman' not found.
[WARNING] [2026-07-28 13:53:17,707:matplotlib.font_manager] findfont: Font family 'Times New Roman' not found.
[WARNING] [2026-07-28 13:53:17,708:matplotlib.font_manager] findfont: Font family 'Times New Roman' not found.
[WARNING] [2026-07-28 13:53:17,709:matplotlib.font_manager] findfont: Font family 'Times New Roman' not found.
[WARNING] [2026-07-28 13:53:17,711:matplotlib.font_manager] findfont: Font family 'Times New Roman' not found.
[WARNING] [2026-07-28 13:53:17,712:matplotlib.font_manager] findfont: Font family 'Times New Roman' not found.
[WARNING] [2026-07-28 13:53:17,713:matplotlib.font_manager] findfont: Font family 'Times New Roman' not found.
[WARNING] [2026-07-28 13:53:18,037:matplotlib.font_manager] findfont: Font family 'Times New Roman' not found.
[WARNING] [2026-07-28 13:53:18,038:matplotlib.font_manager] findfont: Font family 'Times New Roman' not found.
[WARNING] [2026-07-28 13:53:18,039:matplotlib.font_manager] findfont: Font family 'Times New Roman' not found.
[WARNING] [2026-07-28 13:53:18,039:matplotlib.font_manager] findfont: Font family 'Times New Roman' not found.
[WARNING] [2026-07-28 13:53:18,040:matplotlib.font_manager] findfont: Font family 'Times New Roman' not found.
[WARNING] [2026-07-28 13:53:18,041:matplotlib.font_manager] findfont: Font family 'Times New Roman' not found.
[WARNING] [2026-07-28 13:53:18,041:matplotlib.font_manager] findfont: Font family 'Times New Roman' not found.
[WARNING] [2026-07-28 13:53:18,042:matplotlib.font_manager] findfont: Font family 'Times New Roman' not found.
[WARNING] [2026-07-28 13:53:18,043:matplotlib.font_manager] findfont: Font family 'Times New Roman' not found.
[WARNING] [2026-07-28 13:53:18,046:matplotlib.font_manager] findfont: Font family 'Times New Roman' not found.
[WARNING] [2026-07-28 13:53:18,051:matplotlib.font_manager] findfont: Font family 'Times New Roman' not found.
[WARNING] [2026-07-28 13:53:18,056:matplotlib.font_manager] findfont: Font family 'Times New Roman' not found.
[WARNING] [2026-07-28 13:53:18,057:matplotlib.font_manager] findfont: Font family 'Times New Roman' not found.
[WARNING] [2026-07-28 13:53:18,059:matplotlib.font_manager] findfont: Font family 'Times New Roman' not found.
[WARNING] [2026-07-28 13:53:18,060:matplotlib.font_manager] findfont: Font family 'Times New Roman' not found.
[WARNING] [2026-07-28 13:53:18,061:matplotlib.font_manager] findfont: Font family 'Times New Roman' not found.
[WARNING] [2026-07-28 13:53:18,062:matplotlib.font_manager] findfont: Font family 'Times New Roman' not found.
[WARNING] [2026-07-28 13:53:18,062:matplotlib.font_manager] findfont: Font family 'Times New Roman' not found.
[WARNING] [2026-07-28 13:53:18,063:matplotlib.font_manager] findfont: Font family 'Times New Roman' not found.
[WARNING] [2026-07-28 13:53:18,064:matplotlib.font_manager] findfont: Font family 'Times New Roman' not found.
[WARNING] [2026-07-28 13:53:18,064:matplotlib.font_manager] findfont: Font family 'Times New Roman' not found.
[WARNING] [2026-07-28 13:53:18,065:matplotlib.font_manager] findfont: Font family 'Times New Roman' not found.
[WARNING] [2026-07-28 13:53:18,066:matplotlib.font_manager] findfont: Font family 'Times New Roman' not found.
[WARNING] [2026-07-28 13:53:18,067:matplotlib.font_manager] findfont: Font family 'Times New Roman' not found.
[WARNING] [2026-07-28 13:53:18,068:matplotlib.font_manager] findfont: Font family 'Times New Roman' not found.
[WARNING] [2026-07-28 13:53:18,068:matplotlib.font_manager] findfont: Font family 'Times New Roman' not found.
[WARNING] [2026-07-28 13:53:18,069:matplotlib.font_manager] findfont: Font family 'Times New Roman' not found.
[WARNING] [2026-07-28 13:53:18,071:matplotlib.font_manager] findfont: Font family 'Times New Roman' not found.
[WARNING] [2026-07-28 13:53:18,071:matplotlib.font_manager] findfont: Font family 'Times New Roman' not found.
[WARNING] [2026-07-28 13:53:18,073:matplotlib.font_manager] findfont: Font family 'Times New Roman' not found.
[WARNING] [2026-07-28 13:53:18,074:matplotlib.font_manager] findfont: Font family 'Times New Roman' not found.
[WARNING] [2026-07-28 13:53:18,076:matplotlib.font_manager] findfont: Font family 'Times New Roman' not found.
[WARNING] [2026-07-28 13:53:18,076:matplotlib.font_manager] findfont: Font family 'Times New Roman' not found.
[WARNING] [2026-07-28 13:53:18,077:matplotlib.font_manager] findfont: Font family 'Times New Roman' not found.
[WARNING] [2026-07-28 13:53:18,078:matplotlib.font_manager] findfont: Font family 'Times New Roman' not found.
[WARNING] [2026-07-28 13:53:18,079:matplotlib.font_manager] findfont: Font family 'Times New Roman' not found.
[WARNING] [2026-07-28 13:53:18,080:matplotlib.font_manager] findfont: Font family 'Times New Roman' not found.
[WARNING] [2026-07-28 13:53:18,080:matplotlib.font_manager] findfont: Font family 'Times New Roman' not found.
[WARNING] [2026-07-28 13:53:18,081:matplotlib.font_manager] findfont: Font family 'Times New Roman' not found.
[WARNING] [2026-07-28 13:53:18,082:matplotlib.font_manager] findfont: Font family 'Times New Roman' not found.
[WARNING] [2026-07-28 13:53:18,083:matplotlib.font_manager] findfont: Font family 'Times New Roman' not found.
[WARNING] [2026-07-28 13:53:18,084:matplotlib.font_manager] findfont: Font family 'Times New Roman' not found.
[WARNING] [2026-07-28 13:53:18,098:matplotlib.font_manager] findfont: Font family 'Times New Roman' not found.
[WARNING] [2026-07-28 13:53:18,099:matplotlib.font_manager] findfont: Font family 'Times New Roman' not found.
[WARNING] [2026-07-28 13:53:18,099:matplotlib.font_manager] findfont: Font family 'Times New Roman' not found.
[WARNING] [2026-07-28 13:53:18,100:matplotlib.font_manager] findfont: Font family 'Times New Roman' not found.
[WARNING] [2026-07-28 13:53:18,101:matplotlib.font_manager] findfont: Font family 'Times New Roman' not found.
[WARNING] [2026-07-28 13:53:18,101:matplotlib.font_manager] findfont: Font family 'Times New Roman' not found.
[WARNING] [2026-07-28 13:53:18,114:matplotlib.font_manager] findfont: Font family 'Times New Roman' not found.
[WARNING] [2026-07-28 13:53:18,115:matplotlib.font_manager] findfont: Font family 'Times New Roman' not found.
[WARNING] [2026-07-28 13:53:18,116:matplotlib.font_manager] findfont: Font family 'Times New Roman' not found.
[WARNING] [2026-07-28 13:53:18,116:matplotlib.font_manager] findfont: Font family 'Times New Roman' not found.
[WARNING] [2026-07-28 13:53:18,117:matplotlib.font_manager] findfont: Font family 'Times New Roman' not found.
[WARNING] [2026-07-28 13:53:18,118:matplotlib.font_manager] findfont: Font family 'Times New Roman' not found.
[WARNING] [2026-07-28 13:53:18,118:matplotlib.font_manager] findfont: Font family 'Times New Roman' not found.
[WARNING] [2026-07-28 13:53:18,119:matplotlib.font_manager] findfont: Font family 'Times New Roman' not found.
[WARNING] [2026-07-28 13:53:18,120:matplotlib.font_manager] findfont: Font family 'Times New Roman' not found.
[WARNING] [2026-07-28 13:53:18,122:matplotlib.font_manager] findfont: Font family 'Times New Roman' not found.
[WARNING] [2026-07-28 13:53:18,123:matplotlib.font_manager] findfont: Font family 'Times New Roman' not found.
[WARNING] [2026-07-28 13:53:18,124:matplotlib.font_manager] findfont: Font family 'Times New Roman' not found.
[WARNING] [2026-07-28 13:53:18,183:matplotlib.font_manager] findfont: Font family 'Times New Roman' not found.
[WARNING] [2026-07-28 13:53:18,192:matplotlib.font_manager] findfont: Font family 'Times New Roman' not found.
[WARNING] [2026-07-28 13:53:18,193:matplotlib.font_manager] findfont: Font family 'Times New Roman' not found.
[WARNING] [2026-07-28 13:53:18,194:matplotlib.font_manager] findfont: Font family 'Times New Roman' not found.
[WARNING] [2026-07-28 13:53:18,196:matplotlib.font_manager] findfont: Font family 'Times New Roman' not found.
[WARNING] [2026-07-28 13:53:18,196:matplotlib.font_manager] findfont: Font family 'Times New Roman' not found.
[WARNING] [2026-07-28 13:53:18,197:matplotlib.font_manager] findfont: Font family 'Times New Roman' not found.
[WARNING] [2026-07-28 13:53:18,198:matplotlib.font_manager] findfont: Font family 'Times New Roman' not found.
[WARNING] [2026-07-28 13:53:18,199:matplotlib.font_manager] findfont: Font family 'Times New Roman' not found.
[WARNING] [2026-07-28 13:53:18,200:matplotlib.font_manager] findfont: Font family 'Times New Roman' not found.
[WARNING] [2026-07-28 13:53:18,201:matplotlib.font_manager] findfont: Font family 'Times New Roman' not found.
[WARNING] [2026-07-28 13:53:18,202:matplotlib.font_manager] findfont: Font family 'Times New Roman' not found.
[WARNING] [2026-07-28 13:53:18,203:matplotlib.font_manager] findfont: Font family 'Times New Roman' not found.
[WARNING] [2026-07-28 13:53:18,204:matplotlib.font_manager] findfont: Font family 'Times New Roman' not found.
[WARNING] [2026-07-28 13:53:18,205:matplotlib.font_manager] findfont: Font family 'Times New Roman' not found.
[WARNING] [2026-07-28 13:53:18,207:matplotlib.font_manager] findfont: Font family 'Times New Roman' not found.
[WARNING] [2026-07-28 13:53:18,207:matplotlib.font_manager] findfont: Font family 'Times New Roman' not found.
[WARNING] [2026-07-28 13:53:18,210:matplotlib.font_manager] findfont: Font family 'Times New Roman' not found.
[WARNING] [2026-07-28 13:53:18,212:matplotlib.font_manager] findfont: Font family 'Times New Roman' not found.
[WARNING] [2026-07-28 13:53:18,214:matplotlib.font_manager] findfont: Font family 'Times New Roman' not found.
[WARNING] [2026-07-28 13:53:18,214:matplotlib.font_manager] findfont: Font family 'Times New Roman' not found.
[WARNING] [2026-07-28 13:53:18,215:matplotlib.font_manager] findfont: Font family 'Times New Roman' not found.
[WARNING] [2026-07-28 13:53:18,216:matplotlib.font_manager] findfont: Font family 'Times New Roman' not found.
[WARNING] [2026-07-28 13:53:18,218:matplotlib.font_manager] findfont: Font family 'Times New Roman' not found.
[WARNING] [2026-07-28 13:53:18,218:matplotlib.font_manager] findfont: Font family 'Times New Roman' not found.
[WARNING] [2026-07-28 13:53:18,219:matplotlib.font_manager] findfont: Font family 'Times New Roman' not found.
[WARNING] [2026-07-28 13:53:18,220:matplotlib.font_manager] findfont: Font family 'Times New Roman' not found.
[WARNING] [2026-07-28 13:53:18,222:matplotlib.font_manager] findfont: Font family 'Times New Roman' not found.
[WARNING] [2026-07-28 13:53:18,222:matplotlib.font_manager] findfont: Font family 'Times New Roman' not found.
[WARNING] [2026-07-28 13:53:18,223:matplotlib.font_manager] findfont: Font family 'Times New Roman' not found.
[WARNING] [2026-07-28 13:53:18,228:matplotlib.font_manager] findfont: Font family 'Times New Roman' not found.
[WARNING] [2026-07-28 13:53:18,229:matplotlib.font_manager] findfont: Font family 'Times New Roman' not found.
[WARNING] [2026-07-28 13:53:18,229:matplotlib.font_manager] findfont: Font family 'Times New Roman' not found.
[WARNING] [2026-07-28 13:53:18,230:matplotlib.font_manager] findfont: Font family 'Times New Roman' not found.
[WARNING] [2026-07-28 13:53:18,231:matplotlib.font_manager] findfont: Font family 'Times New Roman' not found.
[WARNING] [2026-07-28 13:53:18,231:matplotlib.font_manager] findfont: Font family 'Times New Roman' not found.
[WARNING] [2026-07-28 13:53:18,367:matplotlib.font_manager] findfont: Font family 'Times New Roman' not found.
[WARNING] [2026-07-28 13:53:18,367:matplotlib.font_manager] findfont: Font family 'Times New Roman' not found.
[WARNING] [2026-07-28 13:53:18,368:matplotlib.font_manager] findfont: Font family 'Times New Roman' not found.
[WARNING] [2026-07-28 13:53:18,369:matplotlib.font_manager] findfont: Font family 'Times New Roman' not found.
[WARNING] [2026-07-28 13:53:18,370:matplotlib.font_manager] findfont: Font family 'Times New Roman' not found.
[WARNING] [2026-07-28 13:53:18,370:matplotlib.font_manager] findfont: Font family 'Times New Roman' not found.
[WARNING] [2026-07-28 13:53:18,371:matplotlib.font_manager] findfont: Font family 'Times New Roman' not found.
[WARNING] [2026-07-28 13:53:18,371:matplotlib.font_manager] findfont: Font family 'Times New Roman' not found.
[WARNING] [2026-07-28 13:53:18,372:matplotlib.font_manager] findfont: Font family 'Times New Roman' not found.
[WARNING] [2026-07-28 13:53:18,375:matplotlib.font_manager] findfont: Font family 'Times New Roman' not found.
[WARNING] [2026-07-28 13:53:18,376:matplotlib.font_manager] findfont: Font family 'Times New Roman' not found.
[WARNING] [2026-07-28 13:53:18,376:matplotlib.font_manager] findfont: Font family 'Times New Roman' not found.
[WARNING] [2026-07-28 13:53:18,426:matplotlib.font_manager] findfont: Font family 'Times New Roman' not found.
[WARNING] [2026-07-28 13:53:18,429:matplotlib.font_manager] findfont: Font family 'Times New Roman' not found.
[WARNING] [2026-07-28 13:53:18,433:matplotlib.font_manager] findfont: Font family 'Times New Roman' not found.
[WARNING] [2026-07-28 13:53:18,435:matplotlib.font_manager] findfont: Font family 'Times New Roman' not found.
[WARNING] [2026-07-28 13:53:18,437:matplotlib.font_manager] findfont: Font family 'Times New Roman' not found.
[WARNING] [2026-07-28 13:53:18,439:matplotlib.font_manager] findfont: Font family 'Times New Roman' not found.
[WARNING] [2026-07-28 13:53:18,441:matplotlib.font_manager] findfont: Font family 'Times New Roman' not found.
[WARNING] [2026-07-28 13:53:18,445:matplotlib.font_manager] findfont: Font family 'Times New Roman' not found.
[WARNING] [2026-07-28 13:53:18,449:matplotlib.font_manager] findfont: Font family 'Times New Roman' not found.
[WARNING] [2026-07-28 13:53:18,450:matplotlib.font_manager] findfont: Font family 'Times New Roman' not found.
[WARNING] [2026-07-28 13:53:18,454:matplotlib.font_manager] findfont: Font family 'Times New Roman' not found.
[WARNING] [2026-07-28 13:53:18,455:matplotlib.font_manager] findfont: Font family 'Times New Roman' not found.
[WARNING] [2026-07-28 13:53:18,457:matplotlib.font_manager] findfont: Font family 'Times New Roman' not found.
[WARNING] [2026-07-28 13:53:18,458:matplotlib.font_manager] findfont: Font family 'Times New Roman' not found.
[WARNING] [2026-07-28 13:53:18,459:matplotlib.font_manager] findfont: Font family 'Times New Roman' not found.
[WARNING] [2026-07-28 13:53:18,460:matplotlib.font_manager] findfont: Font family 'Times New Roman' not found.
[WARNING] [2026-07-28 13:53:18,461:matplotlib.font_manager] findfont: Font family 'Times New Roman' not found.
[WARNING] [2026-07-28 13:53:18,462:matplotlib.font_manager] findfont: Font family 'Times New Roman' not found.
[WARNING] [2026-07-28 13:53:18,466:matplotlib.font_manager] findfont: Font family 'Times New Roman' not found.
[WARNING] [2026-07-28 13:53:18,469:matplotlib.font_manager] findfont: Font family 'Times New Roman' not found.
[WARNING] [2026-07-28 13:53:18,470:matplotlib.font_manager] findfont: Font family 'Times New Roman' not found.
[WARNING] [2026-07-28 13:53:18,471:matplotlib.font_manager] findfont: Font family 'Times New Roman' not found.
[WARNING] [2026-07-28 13:53:18,471:matplotlib.font_manager] findfont: Font family 'Times New Roman' not found.
[WARNING] [2026-07-28 13:53:18,472:matplotlib.font_manager] findfont: Font family 'Times New Roman' not found.
[WARNING] [2026-07-28 13:53:18,473:matplotlib.font_manager] findfont: Font family 'Times New Roman' not found.
[WARNING] [2026-07-28 13:53:18,474:matplotlib.font_manager] findfont: Font family 'Times New Roman' not found.
[WARNING] [2026-07-28 13:53:18,475:matplotlib.font_manager] findfont: Font family 'Times New Roman' not found.
[WARNING] [2026-07-28 13:53:18,475:matplotlib.font_manager] findfont: Font family 'Times New Roman' not found.
[WARNING] [2026-07-28 13:53:18,476:matplotlib.font_manager] findfont: Font family 'Times New Roman' not found.
[WARNING] [2026-07-28 13:53:18,477:matplotlib.font_manager] findfont: Font family 'Times New Roman' not found.
[WARNING] [2026-07-28 13:53:18,477:matplotlib.font_manager] findfont: Font family 'Times New Roman' not found.
[WARNING] [2026-07-28 13:53:18,478:matplotlib.font_manager] findfont: Font family 'Times New Roman' not found.
[WARNING] [2026-07-28 13:53:18,479:matplotlib.font_manager] findfont: Font family 'Times New Roman' not found.
[WARNING] [2026-07-28 13:53:18,479:matplotlib.font_manager] findfont: Font family 'Times New Roman' not found.
[WARNING] [2026-07-28 13:53:18,480:matplotlib.font_manager] findfont: Font family 'Times New Roman' not found.
[WARNING] [2026-07-28 13:53:18,481:matplotlib.font_manager] findfont: Font family 'Times New Roman' not found.
[WARNING] [2026-07-28 13:53:18,481:matplotlib.font_manager] findfont: Font family 'Times New Roman' not found.
[WARNING] [2026-07-28 13:53:18,482:matplotlib.font_manager] findfont: Font family 'Times New Roman' not found.
[WARNING] [2026-07-28 13:53:18,483:matplotlib.font_manager] findfont: Font family 'Times New Roman' not found.
[WARNING] [2026-07-28 13:53:18,484:matplotlib.font_manager] findfont: Font family 'Times New Roman' not found.
[WARNING] [2026-07-28 13:53:18,485:matplotlib.font_manager] findfont: Font family 'Times New Roman' not found.
[WARNING] [2026-07-28 13:53:18,486:matplotlib.font_manager] findfont: Font family 'Times New Roman' not found.
[WARNING] [2026-07-28 13:53:18,486:matplotlib.font_manager] findfont: Font family 'Times New Roman' not found.
[WARNING] [2026-07-28 13:53:18,487:matplotlib.font_manager] findfont: Font family 'Times New Roman' not found.
[WARNING] [2026-07-28 13:53:18,488:matplotlib.font_manager] findfont: Font family 'Times New Roman' not found.
[WARNING] [2026-07-28 13:53:18,488:matplotlib.font_manager] findfont: Font family 'Times New Roman' not found.
[WARNING] [2026-07-28 13:53:18,489:matplotlib.font_manager] findfont: Font family 'Times New Roman' not found.
[WARNING] [2026-07-28 13:53:18,490:matplotlib.font_manager] findfont: Font family 'Times New Roman' not found.
[WARNING] [2026-07-28 13:53:18,491:matplotlib.font_manager] findfont: Font family 'Times New Roman' not found.
[WARNING] [2026-07-28 13:53:18,492:matplotlib.font_manager] findfont: Font family 'Times New Roman' not found.
[WARNING] [2026-07-28 13:53:18,492:matplotlib.font_manager] findfont: Font family 'Times New Roman' not found.
[WARNING] [2026-07-28 13:53:18,493:matplotlib.font_manager] findfont: Font family 'Times New Roman' not found.
[WARNING] [2026-07-28 13:53:18,494:matplotlib.font_manager] findfont: Font family 'Times New Roman' not found.
[WARNING] [2026-07-28 13:53:18,494:matplotlib.font_manager] findfont: Font family 'Times New Roman' not found.
[WARNING] [2026-07-28 13:53:18,495:matplotlib.font_manager] findfont: Font family 'Times New Roman' not found.
[WARNING] [2026-07-28 13:53:18,496:matplotlib.font_manager] findfont: Font family 'Times New Roman' not found.
[WARNING] [2026-07-28 13:53:18,497:matplotlib.font_manager] findfont: Font family 'Times New Roman' not found.
[WARNING] [2026-07-28 13:53:18,498:matplotlib.font_manager] findfont: Font family 'Times New Roman' not found.
[WARNING] [2026-07-28 13:53:18,499:matplotlib.font_manager] findfont: Font family 'Times New Roman' not found.
[WARNING] [2026-07-28 13:53:18,500:matplotlib.font_manager] findfont: Font family 'Times New Roman' not found.
[WARNING] [2026-07-28 13:53:18,501:matplotlib.font_manager] findfont: Font family 'Times New Roman' not found.
[WARNING] [2026-07-28 13:53:18,501:matplotlib.font_manager] findfont: Font family 'Times New Roman' not found.
[WARNING] [2026-07-28 13:53:18,502:matplotlib.font_manager] findfont: Font family 'Times New Roman' not found.
[WARNING] [2026-07-28 13:53:18,503:matplotlib.font_manager] findfont: Font family 'Times New Roman' not found.
[WARNING] [2026-07-28 13:53:18,504:matplotlib.font_manager] findfont: Font family 'Times New Roman' not found.
[WARNING] [2026-07-28 13:53:18,505:matplotlib.font_manager] findfont: Font family 'Times New Roman' not found.
[WARNING] [2026-07-28 13:53:18,506:matplotlib.font_manager] findfont: Font family 'Times New Roman' not found.
[WARNING] [2026-07-28 13:53:18,507:matplotlib.font_manager] findfont: Font family 'Times New Roman' not found.
[WARNING] [2026-07-28 13:53:18,508:matplotlib.font_manager] findfont: Font family 'Times New Roman' not found.
[WARNING] [2026-07-28 13:53:18,509:matplotlib.font_manager] findfont: Font family 'Times New Roman' not found.
[WARNING] [2026-07-28 13:53:18,510:matplotlib.font_manager] findfont: Font family 'Times New Roman' not found.
[WARNING] [2026-07-28 13:53:18,510:matplotlib.font_manager] findfont: Font family 'Times New Roman' not found.
[WARNING] [2026-07-28 13:53:18,511:matplotlib.font_manager] findfont: Font family 'Times New Roman' not found.
[WARNING] [2026-07-28 13:53:18,512:matplotlib.font_manager] findfont: Font family 'Times New Roman' not found.
[WARNING] [2026-07-28 13:53:18,513:matplotlib.font_manager] findfont: Font family 'Times New Roman' not found.
[WARNING] [2026-07-28 13:53:18,514:matplotlib.font_manager] findfont: Font family 'Times New Roman' not found.
[WARNING] [2026-07-28 13:53:18,515:matplotlib.font_manager] findfont: Font family 'Times New Roman' not found.
[WARNING] [2026-07-28 13:53:18,516:matplotlib.font_manager] findfont: Font family 'Times New Roman' not found.
[WARNING] [2026-07-28 13:53:18,517:matplotlib.font_manager] findfont: Font family 'Times New Roman' not found.
[WARNING] [2026-07-28 13:53:18,518:matplotlib.font_manager] findfont: Font family 'Times New Roman' not found.
[WARNING] [2026-07-28 13:53:18,519:matplotlib.font_manager] findfont: Font family 'Times New Roman' not found.
[WARNING] [2026-07-28 13:53:18,520:matplotlib.font_manager] findfont: Font family 'Times New Roman' not found.
[WARNING] [2026-07-28 13:53:18,520:matplotlib.font_manager] findfont: Font family 'Times New Roman' not found.
[WARNING] [2026-07-28 13:53:18,521:matplotlib.font_manager] findfont: Font family 'Times New Roman' not found.
[WARNING] [2026-07-28 13:53:18,522:matplotlib.font_manager] findfont: Font family 'Times New Roman' not found.
[WARNING] [2026-07-28 13:53:18,523:matplotlib.font_manager] findfont: Font family 'Times New Roman' not found.
[WARNING] [2026-07-28 13:53:18,523:matplotlib.font_manager] findfont: Font family 'Times New Roman' not found.
[WARNING] [2026-07-28 13:53:18,524:matplotlib.font_manager] findfont: Font family 'Times New Roman' not found.
[WARNING] [2026-07-28 13:53:18,525:matplotlib.font_manager] findfont: Font family 'Times New Roman' not found.
[WARNING] [2026-07-28 13:53:18,526:matplotlib.font_manager] findfont: Font family 'Times New Roman' not found.
[WARNING] [2026-07-28 13:53:18,526:matplotlib.font_manager] findfont: Font family 'Times New Roman' not found.
[WARNING] [2026-07-28 13:53:18,527:matplotlib.font_manager] findfont: Font family 'Times New Roman' not found.
[WARNING] [2026-07-28 13:53:18,528:matplotlib.font_manager] findfont: Font family 'Times New Roman' not found.
[WARNING] [2026-07-28 13:53:18,529:matplotlib.font_manager] findfont: Font family 'Times New Roman' not found.
[WARNING] [2026-07-28 13:53:18,530:matplotlib.font_manager] findfont: Font family 'Times New Roman' not found.
[WARNING] [2026-07-28 13:53:18,530:matplotlib.font_manager] findfont: Font family 'Times New Roman' not found.
[WARNING] [2026-07-28 13:53:18,531:matplotlib.font_manager] findfont: Font family 'Times New Roman' not found.
[WARNING] [2026-07-28 13:53:18,532:matplotlib.font_manager] findfont: Font family 'Times New Roman' not found.
[WARNING] [2026-07-28 13:53:18,532:matplotlib.font_manager] findfont: Font family 'Times New Roman' not found.
[WARNING] [2026-07-28 13:53:18,533:matplotlib.font_manager] findfont: Font family 'Times New Roman' not found.
[WARNING] [2026-07-28 13:53:18,534:matplotlib.font_manager] findfont: Font family 'Times New Roman' not found.
[WARNING] [2026-07-28 13:53:18,535:matplotlib.font_manager] findfont: Font family 'Times New Roman' not found.
[WARNING] [2026-07-28 13:53:18,535:matplotlib.font_manager] findfont: Font family 'Times New Roman' not found.
[WARNING] [2026-07-28 13:53:18,536:matplotlib.font_manager] findfont: Font family 'Times New Roman' not found.
[WARNING] [2026-07-28 13:53:18,537:matplotlib.font_manager] findfont: Font family 'Times New Roman' not found.
[WARNING] [2026-07-28 13:53:18,538:matplotlib.font_manager] findfont: Font family 'Times New Roman' not found.
[WARNING] [2026-07-28 13:53:18,539:matplotlib.font_manager] findfont: Font family 'Times New Roman' not found.
[WARNING] [2026-07-28 13:53:18,540:matplotlib.font_manager] findfont: Font family 'Times New Roman' not found.
[WARNING] [2026-07-28 13:53:18,540:matplotlib.font_manager] findfont: Font family 'Times New Roman' not found.
[WARNING] [2026-07-28 13:53:18,541:matplotlib.font_manager] findfont: Font family 'Times New Roman' not found.
[WARNING] [2026-07-28 13:53:18,542:matplotlib.font_manager] findfont: Font family 'Times New Roman' not found.
[WARNING] [2026-07-28 13:53:18,542:matplotlib.font_manager] findfont: Font family 'Times New Roman' not found.
[WARNING] [2026-07-28 13:53:18,543:matplotlib.font_manager] findfont: Font family 'Times New Roman' not found.
[WARNING] [2026-07-28 13:53:18,551:matplotlib.font_manager] findfont: Font family 'Times New Roman' not found.
[WARNING] [2026-07-28 13:53:18,552:matplotlib.font_manager] findfont: Font family 'Times New Roman' not found.
[WARNING] [2026-07-28 13:53:18,553:matplotlib.font_manager] findfont: Font family 'Times New Roman' not found.
[WARNING] [2026-07-28 13:53:18,553:matplotlib.font_manager] findfont: Font family 'Times New Roman' not found.
[WARNING] [2026-07-28 13:53:18,554:matplotlib.font_manager] findfont: Font family 'Times New Roman' not found.
[WARNING] [2026-07-28 13:53:18,555:matplotlib.font_manager] findfont: Font family 'Times New Roman' not found.
[WARNING] [2026-07-28 13:53:18,556:matplotlib.font_manager] findfont: Font family 'Times New Roman' not found.
[WARNING] [2026-07-28 13:53:18,557:matplotlib.font_manager] findfont: Font family 'Times New Roman' not found.
[WARNING] [2026-07-28 13:53:18,559:matplotlib.font_manager] findfont: Font family 'Times New Roman' not found.
[WARNING] [2026-07-28 13:53:18,560:matplotlib.font_manager] findfont: Font family 'Times New Roman' not found.
[WARNING] [2026-07-28 13:53:18,561:matplotlib.font_manager] findfont: Font family 'Times New Roman' not found.
[WARNING] [2026-07-28 13:53:18,562:matplotlib.font_manager] findfont: Font family 'Times New Roman' not found.
[WARNING] [2026-07-28 13:53:18,852:matplotlib.font_manager] findfont: Font family 'Times New Roman' not found.
[WARNING] [2026-07-28 13:53:18,853:matplotlib.font_manager] findfont: Font family 'Times New Roman' not found.
[WARNING] [2026-07-28 13:53:18,853:matplotlib.font_manager] findfont: Font family 'Times New Roman' not found.
[WARNING] [2026-07-28 13:53:18,854:matplotlib.font_manager] findfont: Font family 'Times New Roman' not found.
[WARNING] [2026-07-28 13:53:18,854:matplotlib.font_manager] findfont: Font family 'Times New Roman' not found.
[WARNING] [2026-07-28 13:53:18,855:matplotlib.font_manager] findfont: Font family 'Times New Roman' not found.
[WARNING] [2026-07-28 13:53:18,856:matplotlib.font_manager] findfont: Font family 'Times New Roman' not found.
[WARNING] [2026-07-28 13:53:18,859:matplotlib.font_manager] findfont: Font family 'Times New Roman' not found.
[WARNING] [2026-07-28 13:53:18,859:matplotlib.font_manager] findfont: Font family 'Times New Roman' not found.
[WARNING] [2026-07-28 13:53:18,869:matplotlib.font_manager] findfont: Font family 'Times New Roman' not found.
[WARNING] [2026-07-28 13:53:18,870:matplotlib.font_manager] findfont: Font family 'Times New Roman' not found.
[WARNING] [2026-07-28 13:53:18,870:matplotlib.font_manager] findfont: Font family 'Times New Roman' not found.
[WARNING] [2026-07-28 13:53:18,871:matplotlib.font_manager] findfont: Font family 'Times New Roman' not found.
[WARNING] [2026-07-28 13:53:18,872:matplotlib.font_manager] findfont: Font family 'Times New Roman' not found.
[WARNING] [2026-07-28 13:53:18,872:matplotlib.font_manager] findfont: Font family 'Times New Roman' not found.
[WARNING] [2026-07-28 13:53:18,873:matplotlib.font_manager] findfont: Font family 'Times New Roman' not found.
[WARNING] [2026-07-28 13:53:18,876:matplotlib.font_manager] findfont: Font family 'Times New Roman' not found.
[WARNING] [2026-07-28 13:53:18,876:matplotlib.font_manager] findfont: Font family 'Times New Roman' not found.
[WARNING] [2026-07-28 13:53:18,879:matplotlib.font_manager] findfont: Font family 'Times New Roman' not found.
[WARNING] [2026-07-28 13:53:18,879:matplotlib.font_manager] findfont: Font family 'Times New Roman' not found.
[WARNING] [2026-07-28 13:53:18,881:matplotlib.font_manager] findfont: Font family 'Times New Roman' not found.
[WARNING] [2026-07-28 13:53:18,881:matplotlib.font_manager] findfont: Font family 'Times New Roman' not found.
[WARNING] [2026-07-28 13:53:18,883:matplotlib.font_manager] findfont: Font family 'Times New Roman' not found.
[WARNING] [2026-07-28 13:53:18,884:matplotlib.font_manager] findfont: Font family 'Times New Roman' not found.
[WARNING] [2026-07-28 13:53:18,885:matplotlib.font_manager] findfont: Font family 'Times New Roman' not found.
[WARNING] [2026-07-28 13:53:18,887:matplotlib.font_manager] findfont: Font family 'Times New Roman' not found.
[WARNING] [2026-07-28 13:53:18,888:matplotlib.font_manager] findfont: Font family 'Times New Roman' not found.
[WARNING] [2026-07-28 13:53:18,889:matplotlib.font_manager] findfont: Font family 'Times New Roman' not found.
[WARNING] [2026-07-28 13:53:18,891:matplotlib.font_manager] findfont: Font family 'Times New Roman' not found.
[WARNING] [2026-07-28 13:53:18,937:matplotlib.font_manager] findfont: Font family 'Times New Roman' not found.
[WARNING] [2026-07-28 13:53:18,937:matplotlib.font_manager] findfont: Font family 'Times New Roman' not found.
[WARNING] [2026-07-28 13:53:18,938:matplotlib.font_manager] findfont: Font family 'Times New Roman' not found.
[WARNING] [2026-07-28 13:53:18,939:matplotlib.font_manager] findfont: Font family 'Times New Roman' not found.
[WARNING] [2026-07-28 13:53:18,940:matplotlib.font_manager] findfont: Font family 'Times New Roman' not found.
[WARNING] [2026-07-28 13:53:18,941:matplotlib.font_manager] findfont: Font family 'Times New Roman' not found.
[WARNING] [2026-07-28 13:53:18,941:matplotlib.font_manager] findfont: Font family 'Times New Roman' not found.
[WARNING] [2026-07-28 13:53:18,945:matplotlib.font_manager] findfont: Font family 'Times New Roman' not found.
[WARNING] [2026-07-28 13:53:18,946:matplotlib.font_manager] findfont: Font family 'Times New Roman' not found.
[WARNING] [2026-07-28 13:53:18,949:matplotlib.font_manager] findfont: Font family 'Times New Roman' not found.
[WARNING] [2026-07-28 13:53:18,949:matplotlib.font_manager] findfont: Font family 'Times New Roman' not found.
[WARNING] [2026-07-28 13:53:18,950:matplotlib.font_manager] findfont: Font family 'Times New Roman' not found.
[WARNING] [2026-07-28 13:53:18,952:matplotlib.font_manager] findfont: Font family 'Times New Roman' not found.
[WARNING] [2026-07-28 13:53:18,953:matplotlib.font_manager] findfont: Font family 'Times New Roman' not found.
[WARNING] [2026-07-28 13:53:18,954:matplotlib.font_manager] findfont: Font family 'Times New Roman' not found.
[WARNING] [2026-07-28 13:53:18,955:matplotlib.font_manager] findfont: Font family 'Times New Roman' not found.
[WARNING] [2026-07-28 13:53:18,956:matplotlib.font_manager] findfont: Font family 'Times New Roman' not found.
[WARNING] [2026-07-28 13:53:18,958:matplotlib.font_manager] findfont: Font family 'Times New Roman' not found.
[WARNING] [2026-07-28 13:53:18,959:matplotlib.font_manager] findfont: Font family 'Times New Roman' not found.
[WARNING] [2026-07-28 13:53:18,960:matplotlib.font_manager] findfont: Font family 'Times New Roman' not found.
[WARNING] [2026-07-28 13:53:18,962:matplotlib.font_manager] findfont: Font family 'Times New Roman' not found.
[WARNING] [2026-07-28 13:53:18,964:matplotlib.font_manager] findfont: Font family 'Times New Roman' not found.
[WARNING] [2026-07-28 13:53:18,965:matplotlib.font_manager] findfont: Font family 'Times New Roman' not found.
[WARNING] [2026-07-28 13:53:18,967:matplotlib.font_manager] findfont: Font family 'Times New Roman' not found.
[WARNING] [2026-07-28 13:53:18,968:matplotlib.font_manager] findfont: Font family 'Times New Roman' not found.
[WARNING] [2026-07-28 13:53:18,969:matplotlib.font_manager] findfont: Font family 'Times New Roman' not found.
[WARNING] [2026-07-28 13:53:18,971:matplotlib.font_manager] findfont: Font family 'Times New Roman' not found.
[WARNING] [2026-07-28 13:53:18,972:matplotlib.font_manager] findfont: Font family 'Times New Roman' not found.
[WARNING] [2026-07-28 13:53:18,974:matplotlib.font_manager] findfont: Font family 'Times New Roman' not found.
[WARNING] [2026-07-28 13:53:18,976:matplotlib.font_manager] findfont: Font family 'Times New Roman' not found.
[WARNING] [2026-07-28 13:53:18,978:matplotlib.font_manager] findfont: Font family 'Times New Roman' not found.
[WARNING] [2026-07-28 13:53:18,978:matplotlib.font_manager] findfont: Font family 'Times New Roman' not found.
