Checking whether there is an H2O instance running at http://localhost:54321..... not found.
Attempting to start a local H2O server...
  Java Version: openjdk version "17.0.18-internal" 2026-01-20; OpenJDK Runtime Environment (build 17.0.18-internal+0-adhoc.conda.src); OpenJDK 64-Bit Server VM (build 17.0.18-internal+0-adhoc.conda.src, mixed mode, sharing)
  Starting server from /content/micromamba/envs/ciciot_h2o/lib/python3.11/site-packages/h2o/backend/bin/h2o.jar
  Ice root: /tmp/tmp5aqi10ni
  JVM stdout: /tmp/tmp5aqi10ni/h2o_unknownUser_started_from_python.out
  JVM stderr: /tmp/tmp5aqi10ni/h2o_unknownUser_started_from_python.err
  Server is running at http://127.0.0.1:54321
Connecting to H2O server at http://127.0.0.1:54321 ... successful.
--------------------------  -----------------------------------------------------------------------------------------
H2O_cluster_uptime:         03 secs
H2O_cluster_timezone:       Etc/UTC
H2O_data_parsing_timezone:  UTC
H2O_cluster_version:        3.46.0.11
H2O_cluster_version_age:    2 months and 6 days
H2O_cluster_name:           H2O_from_python_unknownUser_7eqh12
H2O_cluster_total_nodes:    1
H2O_cluster_free_memory:    12 Gb
H2O_cluster_total_cores:    2
H2O_cluster_allowed_cores:  2
H2O_cluster_status:         locked, healthy
H2O_connection_url:         http://127.0.0.1:54321
H2O_connection_proxy:       {"http": null, "https": null, "colab_language_server": "/usr/colab/bin/language_service"}
H2O_internal_security:      False
Python_version:             3.11.15 final
--------------------------  -----------------------------------------------------------------------------------------

13:03:34.187: Project: AutoML_1_20260728_130334
13:03:34.188: Stopping tolerance set by the user: 1.0E-4
13:03:34.192: Stopping tolerance set by the user is < 70% of the recommended default of 0.008838834764831844, so models may take a long time to converge or may not converge at all.
13:03:34.192: Build control seed: 42
13:03:34.193: training frame: Frame key: AutoML_1_20260728_130334_training_py_1_sid_8516    cols: 40    rows: 12800  chunks: 1    size: 1350224  checksum: -6784645622805784504
13:03:34.194: validation frame: NULL
13:03:34.195: leaderboard frame: NULL
13:03:34.195: blending frame: NULL
13:03:34.195: response column: label_grouped
13:03:34.195: fold column: null
13:03:34.195: weights column: null
13:03:34.232: Loading execution steps: [{XGBoost : [def_2 (1g, 10w), def_1 (2g, 10w), def_3 (3g, 10w), grid_1 (4g, 90w), lr_search (7g, 30w)]}, {GLM : [def_1 (1g, 10w)]}, {DRF : [def_1 (2g, 10w), XRT (3g, 10w)]}, {GBM : [def_5 (1g, 10w), def_2 (2g, 10w), def_3 (2g, 10w), def_4 (2g, 10w), def_1 (3g, 10w), grid_1 (4g, 60w), lr_annealing (7g, 10w)]}, {DeepLearning : [def_1 (3g, 10w), grid_1 (4g, 30w), grid_2 (5g, 30w), grid_3 (5g, 30w)]}, {completion : [resume_best_grids (6g, 60w)]}, {StackedEnsemble : [monotonic (9g, 10w), best_of_family_xglm (10g, 10w), all_xglm (10g, 10w)]}]
13:03:34.304: AutoML job created: 2026.07.28 13:03:34.60
13:03:34.307: AutoML build started: 2026.07.28 13:03:34.305
13:03:34.328: AutoML: starting XGBoost_1_AutoML_1_20260728_130334 model training


13:04:56.915: New leader: XGBoost_1_AutoML_1_20260728_130334, mean_per_class_error: 0.2753125
13:04:56.923: AutoML: starting GLM_1_AutoML_1_20260728_130334 model training


13:09:52.280: AutoML: starting GBM_1_AutoML_1_20260728_130334 model training


13:13:34.671: GBM_1_AutoML_1_20260728_130334 [GBM def_5] cancelled
13:13:34.672: Actual modeling steps: [{XGBoost : [def_2 (1g, 10w)]}, {GLM : [def_1 (1g, 10w)]}]
13:13:34.672: AutoML build stopped: 2026.07.28 13:13:34.672
13:13:34.672: AutoML build done: built 2 models
13:13:34.672: AutoML duration: 10 min  0.367 sec

/content/micromamba/envs/ciciot_h2o/lib/python3.11/site-packages/h2o/frame.py:1983: H2ODependencyWarning: Converting H2O frame to pandas dataframe using single-thread.  For faster conversion using multi-thread, install polars and pyarrow and use it as pandas_df = h2o_df.as_data_frame(use_multi_thread=True)

  warnings.warn("Converting H2O frame to pandas dataframe using single-thread.  For faster conversion using"
/content/micromamba/envs/ciciot_h2o/lib/python3.11/site-packages/h2o/frame.py:1983: H2ODependencyWarning: Converting H2O frame to pandas dataframe using single-thread.  For faster conversion using multi-thread, install polars and pyarrow and use it as pandas_df = h2o_df.as_data_frame(use_multi_thread=True)

  warnings.warn("Converting H2O frame to pandas dataframe using single-thread.  For faster conversion using"
H2O session _sid_8516 closed.
