====================================================================================================
VALIDAÇÃO DOS MODELOS DO PYCARET
====================================================================================================
Modelos solicitados: ['lr', 'dt', 'rf', 'et', 'lightgbm', 'xgboost']
Modelos indisponíveis: []
Todos os modelos solicitados estão disponíveis.
====================================================================================================

Processing:   0%|          | 0/29 [00:00<?, ?it/s]
Processing:  17%|█▋        | 5/29 [00:19<01:34,  3.92s/it]
Processing:  24%|██▍       | 7/29 [00:19<00:55,  2.52s/it]
Processing:  31%|███       | 9/29 [00:21<00:37,  1.90s/it]
Processing:  38%|███▊      | 11/29 [00:21<00:23,  1.30s/it]
Processing:  45%|████▍     | 13/29 [00:35<00:49,  3.08s/it]
Processing:  52%|█████▏    | 15/29 [00:35<00:29,  2.14s/it]
Processing:  59%|█████▊    | 17/29 [00:43<00:33,  2.80s/it]
Processing:  66%|██████▌   | 19/29 [00:43<00:19,  1.97s/it]
Processing:  72%|███████▏  | 21/29 [00:56<00:26,  3.29s/it]
Processing:  79%|███████▉  | 23/29 [00:56<00:13,  2.31s/it]
Processing:  86%|████████▌ | 25/29 [01:10<00:14,  3.67s/it]
Processing:  93%|█████████▎| 27/29 [01:10<00:05,  2.58s/it]
Processing: 100%|██████████| 29/29 [01:14<00:00,  2.48s/it]
                                                           
                                    Model  Accuracy     AUC  Recall   Prec.  \
lr                    Logistic Regression    0.3993  0.0000  0.3993  0.3153   
dt               Decision Tree Classifier    0.6640  0.8086  0.6640  0.6639   
rf               Random Forest Classifier    0.7179  0.9502  0.7179  0.7206   
et                 Extra Trees Classifier    0.6893  0.9337  0.6893  0.6925   
lightgbm  Light Gradient Boosting Machine    0.7347  0.0000  0.7347  0.7385   
xgboost         Extreme Gradient Boosting    0.7254  0.9563  0.7254  0.7283   

              F1   Kappa     MCC  Macro F1  TT (Sec)  
lr        0.3174  0.3135  0.3370       0.0     3.912  
dt        0.6635  0.6160  0.6161       0.0     0.276  
rf        0.7184  0.6776  0.6778       0.0     2.754  
et        0.6900  0.6449  0.6451       0.0     1.714  
lightgbm  0.7351  0.6968  0.6972       0.0     2.518  
xgboost   0.7253  0.6862  0.6866       0.0     2.724  
Transformation Pipeline and Model Successfully Saved
